Archive member included to satisfy reference by file (symbol)

mxgui/libmxgui.a(display.o)   main.o (_ZN5mxgui14DisplayManager10getDisplayEj)
mxgui/libmxgui.a(font.o)      mxgui/libmxgui.a(display.o) (_ZN5mxgui4Font15generatePaletteEPttt)
mxgui/libmxgui.a(misc_inst.o)
                              mxgui/libmxgui.a(display.o) (_ZN5mxgui7droid11E)
mxgui/libmxgui.a(input.o)     main.o (_ZN5mxgui12InputHandler8instanceEv)
mxgui/libmxgui.a(display_st25dvdiscovery.o)
                              mxgui/libmxgui.a(display.o) (_ZN5mxgui19registerDisplayHookERNS_14DisplayManagerE)
mxgui/libmxgui.a(event_stm32f415vg_st25dvdiscovery.o)
                              mxgui/libmxgui.a(input.o) (_ZN5mxgui16InputHandlerImpl8getEventEv)
miosix/libmiosix.a(kernel.o)  mxgui/libmxgui.a(display_st25dvdiscovery.o) (_ZN6miosix6Thread5sleepEj)
miosix/libmiosix.a(sync.o)    mxgui/libmxgui.a(event_stm32f415vg_st25dvdiscovery.o) (_ZN6miosix9Semaphore9IRQsignalERb)
miosix/libmiosix.a(error.o)   miosix/libmiosix.a(kernel.o) (_ZN6miosix12errorHandlerENS_5ErrorE)
miosix/libmiosix.a(pthread.o)
                              mxgui/libmxgui.a(display.o) (pthread_mutexattr_init)
miosix/libmiosix.a(stage_2_boot.o)
                              miosix/libmiosix.a(kernel.o) (_ZN6miosix10mainLoaderEPv)
miosix/libmiosix.a(intrusive.o)
                              miosix/libmiosix.a(sync.o) (_ZN6miosix17IntrusiveListBase9push_backEPNS_17IntrusiveListItemE)
miosix/libmiosix.a(priority_scheduler.o)
                              miosix/libmiosix.a(kernel.o) (_ZN6miosix17PriorityScheduler11PKaddThreadEPNS_6ThreadENS_25PrioritySchedulerPriorityE)
miosix/libmiosix.a(console_device.o)
                              miosix/libmiosix.a(error.o) (_ZN6miosix14DefaultConsole8instanceEv)
miosix/libmiosix.a(devfs.o)   miosix/libmiosix.a(console_device.o) (_ZNK6miosix6Device5fstatEP4stat)
miosix/libmiosix.a(libc_integration.o)
                              miosix/libmiosix.a(kernel.o) (_ZN6miosix22setCReentrancyCallbackEPFP6_reentvE)
miosix/libmiosix.a(libstdcpp_integration.o)
                              mxgui/libmxgui.a(display.o) (__cxa_guard_acquire)
miosix/libmiosix.a(util.o)    miosix/libmiosix.a(stage_2_boot.o) (_ZN6miosix15MemoryProfiling11getHeapSizeEv)
miosix/libmiosix.a(unicode.o)
                              mxgui/libmxgui.a(font.o) (_ZN6miosix7Unicode15countCodePointsEPKc)
miosix/libmiosix.a(version.o)
                              miosix/libmiosix.a(stage_2_boot.o) (_ZN6miosix16getMiosixVersionEv)
miosix/libmiosix.a(stage_1_boot.o)
                              (_Z13Reset_Handlerv)
miosix/libmiosix.a(bsp.o)     miosix/libmiosix.a(stage_2_boot.o) (_ZN6miosix8shutdownEv)
miosix/libmiosix.a(interrupts_cortexMx.o)
                              miosix/libmiosix.a(stage_1_boot.o) (_Z17HardFault_Handlerv)
miosix/libmiosix.a(serial_stm32.o)
                              miosix/libmiosix.a(bsp.o) (_ZN6miosix11STM32SerialC1EiiNS0_8FlowCtrlE)
miosix/libmiosix.a(portability.o)
                              miosix/libmiosix.a(stage_1_boot.o) (_Z11SVC_Handlerv)
miosix/libmiosix.a(delays.o)  miosix/libmiosix.a(bsp.o) (_ZN6miosix7delayMsEj)
miosix/libmiosix.a(stm32_gpio.o)
                              mxgui/libmxgui.a(display_st25dvdiscovery.o) (_ZN6miosix8GpioBase8modeImplEjhNS_4Mode5Mode_E)
miosix/libmiosix.a(sd_stm32f2_f4_f7.o)
                              miosix/libmiosix.a(bsp.o) (_ZN6miosix10SDIODriver8instanceEv)
miosix/libmiosix.a(stm32_32bit_os_timer.o)
                              mxgui/libmxgui.a(event_stm32f415vg_st25dvdiscovery.o) (_ZN6miosix7getTimeEv)
miosix/libmiosix.a(system_stm32f4xx.o)
                              miosix/libmiosix.a(stage_1_boot.o) (SystemInit)
miosix/libmiosix.a(timeconversion.o)
                              miosix/libmiosix.a(stm32_32bit_os_timer.o) (_ZN6miosix11mul64x32d32Eyjj)
miosix/libmiosix.a(file_access.o)
                              miosix/libmiosix.a(libc_integration.o) (_ZN6miosix19FileDescriptorTable5closeEi)
miosix/libmiosix.a(file.o)    miosix/libmiosix.a(devfs.o) (_ZNK6miosix8FileBase6isattyEv)
miosix/libmiosix.a(stringpart.o)
                              miosix/libmiosix.a(devfs.o) (_ZN6miosix10StringPartC1EPKc)
miosix/libmiosix.a(pipe.o)    miosix/libmiosix.a(file_access.o) (_ZN6miosix4PipeC1Ev)
miosix/libmiosix.a(mountpointfs.o)
                              miosix/libmiosix.a(file_access.o) (_ZTVN6miosix12MountpointFsE)
miosix/libmiosix.a(fat32.o)   miosix/libmiosix.a(file_access.o) (_ZN6miosix7Fat32FsC1ENS_17intrusive_ref_ptrINS_8FileBaseEEE)
miosix/libmiosix.a(ff.o)      miosix/libmiosix.a(fat32.o) (_Z10f_closedirP4DIR_)
miosix/libmiosix.a(diskio.o)  miosix/libmiosix.a(ff.o) (_Z9disk_readN6miosix17intrusive_ref_ptrINS_8FileBaseEEEPhmj)
miosix/libmiosix.a(wtoupper.o)
                              miosix/libmiosix.a(ff.o) (_Z11ff_wtouppert)
miosix/libmiosix.a(ccsbcs.o)  miosix/libmiosix.a(ff.o) (_Z10ff_converttj)
[...]
Memory Configuration

Name             Origin             Length             Attributes
flash            0x0000000008000000 0x0000000000100000 xr
smallram         0x0000000010000200 0x000000000000fe00 xw
largeram         0x0000000020000000 0x0000000000020000 xw
*default*        0x0000000000000000 0xffffffffffffffff

Linker script and memory map

                0x0000000000000200                _main_stack_size = 0x200
                0x0000000010000200                _main_stack_top = (0x10000000 + _main_stack_size)
                0x0000000000000001                ASSERT (((_main_stack_size % 0x8) == 0x0), MAIN stack size error)
                0x0000000020000000                _end = 0x20000000
                0x0000000020020000                _heap_end = 0x20020000
                0x0000000000000000                . = 0x0

.text           0x0000000008000000    0x1ffcc
 *(.isr_vector)
 .isr_vector    0x0000000008000000      0x188 miosix/libmiosix.a(stage_1_boot.o)
                0x0000000008000000                __Vectors
 *(.text)
 .text          0x0000000008000188       0x10 /opt/arm-miosix-eabi/bin/../lib/gcc/arm-miosix-eabi/9.2.0/../../../../arm-miosix-eabi/lib/thumb/cm4/hardfp/fpv4sp/libc.a(lib_a-abort.o)
                0x0000000008000188                abort
 .text          0x0000000008000198       0x48 /opt/arm-miosix-eabi/bin/../lib/gcc/arm-miosix-eabi/9.2.0/../../../../arm-miosix-eabi/lib/thumb/cm4/hardfp/fpv4sp/libc.a(lib_a-assert.o)
                0x0000000008000198                __assert_func
                0x00000000080001d4                __assert
 .text          0x00000000080001e0       0x1c /opt/arm-miosix-eabi/bin/../lib/gcc/arm-miosix-eabi/9.2.0/../../../../arm-miosix-eabi/lib/thumb/cm4/hardfp/fpv4sp/libc.a(lib_a-calloc.o)
                0x00000000080001e0                calloc
 .text          0x00000000080001fc       0x60 /opt/arm-miosix-eabi/bin/../lib/gcc/arm-miosix-eabi/9.2.0/../../../../arm-miosix-eabi/lib/thumb/cm4/hardfp/fpv4sp/libc.a(lib_a-callocr.o)
                0x00000000080001fc                _calloc_r
 .text          0x000000000800025c       0x14 /opt/arm-miosix-eabi/bin/../lib/gcc/arm-miosix-eabi/9.2.0/../../../../arm-miosix-eabi/lib/thumb/cm4/hardfp/fpv4sp/libc.a(lib_a-cxa_atexit.o)
                0x000000000800025c                __cxa_atexit
 .text          0x0000000008000270      0x2b4 /opt/arm-miosix-eabi/bin/../lib/gcc/arm-miosix-eabi/9.2.0/../../../../arm-miosix-eabi/lib/thumb/cm4/hardfp/fpv4sp/libc.a(lib_a-findfp.o)
                0x00000000080002c0                _cleanup_r
                0x0000000008000340                __sfmoreglue
                0x000000000800036c                _cleanup
                0x0000000008000378                __sinit
                0x00000000080003f4                __sfp
                0x00000000080004b4                __sfp_lock_acquire
                0x00000000080004c0                __sfp_lock_release
                0x00000000080004cc                __sinit_lock_acquire
                0x00000000080004d8                __sinit_lock_release
                0x00000000080004e4                __fp_lock_all
                0x0000000008000504                __fp_unlock_all
 .text          0x0000000008000524       0x48 /opt/arm-miosix-eabi/bin/../lib/gcc/arm-miosix-eabi/9.2.0/../../../../arm-miosix-eabi/lib/thumb/cm4/hardfp/fpv4sp/libc.a(lib_a-fiprintf.o)
                0x0000000008000524                _fiprintf_r
                0x0000000008000540                fiprintf
 .text          0x000000000800056c       0x88 /opt/arm-miosix-eabi/bin/../lib/gcc/arm-miosix-eabi/9.2.0/../../../../arm-miosix-eabi/lib/thumb/cm4/hardfp/fpv4sp/libc.a(lib_a-fwalk.o)
                0x000000000800056c                _fwalk
                0x00000000080005ac                _fwalk_reent
 .text          0x00000000080005f4       0x88 /opt/arm-miosix-eabi/bin/../lib/gcc/arm-miosix-eabi/9.2.0/../../../../arm-miosix-eabi/lib/thumb/cm4/hardfp/fpv4sp/libc.a(lib_a-mallinfor.o)
                0x00000000080005f4                __malloc_update_mallinfo
                0x0000000008000648                _mallinfo_r
 .text          0x000000000800067c       0x30 /opt/arm-miosix-eabi/bin/../lib/gcc/arm-miosix-eabi/9.2.0/../../../../arm-miosix-eabi/lib/thumb/cm4/hardfp/fpv4sp/libc.a(lib_a-malloc.o)
                0x000000000800067c                malloc
                0x0000000008000694                free
 .text          0x00000000080006ac      0x568 /opt/arm-miosix-eabi/bin/../lib/gcc/arm-miosix-eabi/9.2.0/../../../../arm-miosix-eabi/lib/thumb/cm4/hardfp/fpv4sp/libc.a(lib_a-mallocr.o)
                0x00000000080006ac                _malloc_r
 *fill*         0x0000000008000c14        0xc 
 .text          0x0000000008000c20       0xa0 /opt/arm-miosix-eabi/bin/../lib/gcc/arm-miosix-eabi/9.2.0/../../../../arm-miosix-eabi/lib/thumb/cm4/hardfp/fpv4sp/libc.a(lib_a-memchr.o)
                0x0000000008000c20                memchr
 .text          0x0000000008000cc0       0x60 /opt/arm-miosix-eabi/bin/../lib/gcc/arm-miosix-eabi/9.2.0/../../../../arm-miosix-eabi/lib/thumb/cm4/hardfp/fpv4sp/libc.a(lib_a-memcmp.o)
                0x0000000008000cc0                memcmp
 .text          0x0000000008000d20      0x134 /opt/arm-miosix-eabi/bin/../lib/gcc/arm-miosix-eabi/9.2.0/../../../../arm-miosix-eabi/lib/thumb/cm4/hardfp/fpv4sp/libc.a(lib_a-memcpy.o)
                0x0000000008000d20                memcpy
 .text          0x0000000008000e54       0xd8 /opt/arm-miosix-eabi/bin/../lib/gcc/arm-miosix-eabi/9.2.0/../../../../arm-miosix-eabi/lib/thumb/cm4/hardfp/fpv4sp/libc.a(lib_a-memmove.o)
                0x0000000008000e54                memmove
 .text          0x0000000008000f2c       0x84 /opt/arm-miosix-eabi/bin/../lib/gcc/arm-miosix-eabi/9.2.0/../../../../arm-miosix-eabi/lib/thumb/cm4/hardfp/fpv4sp/libc.a(lib_a-memrchr.o)
                0x0000000008000f2c                memrchr
 .text          0x0000000008000fb0       0xa0 /opt/arm-miosix-eabi/bin/../lib/gcc/arm-miosix-eabi/9.2.0/../../../../arm-miosix-eabi/lib/thumb/cm4/hardfp/fpv4sp/libc.a(lib_a-memset.o)
                0x0000000008000fb0                memset
 .text          0x0000000008001050       0x3c /opt/arm-miosix-eabi/bin/../lib/gcc/arm-miosix-eabi/9.2.0/../../../../arm-miosix-eabi/lib/thumb/cm4/hardfp/fpv4sp/libc.a(lib_a-raise.o)
                0x0000000008001050                raise
                0x0000000008001070                _raise_r
 .text          0x000000000800108c       0xe8 /opt/arm-miosix-eabi/bin/../lib/gcc/arm-miosix-eabi/9.2.0/../../../../arm-miosix-eabi/lib/thumb/cm4/hardfp/fpv4sp/libc.a(lib_a-reent.o)
                0x000000000800108c                cleanup_glue
                0x00000000080010a8                _reclaim_reent
 .text          0x0000000008001174       0x7c /opt/arm-miosix-eabi/bin/../lib/gcc/arm-miosix-eabi/9.2.0/../../../../arm-miosix-eabi/lib/thumb/cm4/hardfp/fpv4sp/libc.a(lib_a-siprintf.o)
                0x0000000008001174                _siprintf_r
                0x00000000080011ac                siprintf
 .text          0x00000000080011f0       0xc0 /opt/arm-miosix-eabi/bin/../lib/gcc/arm-miosix-eabi/9.2.0/../../../../arm-miosix-eabi/lib/thumb/cm4/hardfp/fpv4sp/libc.a(lib_a-stdio.o)
                0x00000000080011f0                __sread
                0x000000000800121c                __seofread
                0x0000000008001220                __swrite
                0x0000000008001268                __sseek
                0x00000000080012a8                __sclose
 .text          0x00000000080012b0       0xd0 /opt/arm-miosix-eabi/bin/../lib/gcc/arm-miosix-eabi/9.2.0/../../../../arm-miosix-eabi/lib/thumb/cm4/hardfp/fpv4sp/libc.a(lib_a-strchr.o)
                0x00000000080012b0                strchr
 .text          0x0000000008001380      0x2dc /opt/arm-miosix-eabi/bin/../lib/gcc/arm-miosix-eabi/9.2.0/../../../../arm-miosix-eabi/lib/thumb/cm4/hardfp/fpv4sp/libc.a(lib_a-strcmp.o)
                0x0000000008001388                strcmp
 .text          0x000000000800165c       0xbc /opt/arm-miosix-eabi/bin/../lib/gcc/arm-miosix-eabi/9.2.0/../../../../arm-miosix-eabi/lib/thumb/cm4/hardfp/fpv4sp/libc.a(lib_a-strcpy.o)
                0x000000000800165c                strcpy
 *fill*         0x0000000008001718       0x28 
 .text          0x0000000008001740       0xdc /opt/arm-miosix-eabi/bin/../lib/gcc/arm-miosix-eabi/9.2.0/../../../../arm-miosix-eabi/lib/thumb/cm4/hardfp/fpv4sp/libc.a(lib_a-strlen.o)
                0x0000000008001740                strlen
 .text          0x000000000800181c      0xb94 /opt/arm-miosix-eabi/bin/../lib/gcc/arm-miosix-eabi/9.2.0/../../../../arm-miosix-eabi/lib/thumb/cm4/hardfp/fpv4sp/libc.a(lib_a-svfiprintf.o)
                0x000000000800181c                __ssprint_r
                0x0000000008001914                _svfiprintf_r
 .text          0x00000000080023b0      0xe28 /opt/arm-miosix-eabi/bin/../lib/gcc/arm-miosix-eabi/9.2.0/../../../../arm-miosix-eabi/lib/thumb/cm4/hardfp/fpv4sp/libc.a(lib_a-vfiprintf.o)
                0x0000000008002428                __sprint_r
                0x0000000008002440                _vfiprintf_r
                0x0000000008003144                vfiprintf
 .text          0x00000000080031d8       0x28 /opt/arm-miosix-eabi/bin/../lib/gcc/arm-miosix-eabi/9.2.0/../../../../arm-miosix-eabi/lib/thumb/cm4/hardfp/fpv4sp/libc.a(lib_a-viprintf.o)
                0x00000000080031d8                viprintf
                0x00000000080031f4                _viprintf_r
 .text          0x0000000008003200       0xcc /opt/arm-miosix-eabi/bin/../lib/gcc/arm-miosix-eabi/9.2.0/../../../../arm-miosix-eabi/lib/thumb/cm4/hardfp/fpv4sp/libc.a(lib_a-wsetup.o)
                0x0000000008003200                __swsetup_r
 .text          0x00000000080032cc      0x108 /opt/arm-miosix-eabi/bin/../lib/gcc/arm-miosix-eabi/9.2.0/../../../../arm-miosix-eabi/lib/thumb/cm4/hardfp/fpv4sp/libc.a(lib_a-fclose.o)
                0x00000000080032cc                _fclose_r
                0x00000000080033bc                fclose
 .text          0x00000000080033d4      0x1f4 /opt/arm-miosix-eabi/bin/../lib/gcc/arm-miosix-eabi/9.2.0/../../../../arm-miosix-eabi/lib/thumb/cm4/hardfp/fpv4sp/libc.a(lib_a-fflush.o)
                0x00000000080033d4                __sflush_r
                0x0000000008003524                _fflush_r
                0x00000000080035a0                fflush
 .text          0x00000000080035c8      0x158 /opt/arm-miosix-eabi/bin/../lib/gcc/arm-miosix-eabi/9.2.0/../../../../arm-miosix-eabi/lib/thumb/cm4/hardfp/fpv4sp/libc.a(lib_a-fputwc.o)
                0x00000000080035c8                __fputwc
                0x0000000008003670                _fputwc_r
                0x00000000080036e8                fputwc
 .text          0x0000000008003720      0x2b4 /opt/arm-miosix-eabi/bin/../lib/gcc/arm-miosix-eabi/9.2.0/../../../../arm-miosix-eabi/lib/thumb/cm4/hardfp/fpv4sp/libc.a(lib_a-freer.o)
                0x0000000008003720                _malloc_trim_r
                0x00000000080037c0                _free_r
 .text          0x00000000080039d4      0x2f4 /opt/arm-miosix-eabi/bin/../lib/gcc/arm-miosix-eabi/9.2.0/../../../../arm-miosix-eabi/lib/thumb/cm4/hardfp/fpv4sp/libc.a(lib_a-fvwrite.o)
                0x00000000080039d4                __sfvwrite_r
 .text          0x0000000008003cc8       0x60 /opt/arm-miosix-eabi/bin/../lib/gcc/arm-miosix-eabi/9.2.0/../../../../arm-miosix-eabi/lib/thumb/cm4/hardfp/fpv4sp/libc.a(lib_a-locale.o)
                0x0000000008003cc8                _setlocale_r
                0x0000000008003d08                __locale_mb_cur_max
                0x0000000008003d0c                setlocale
 .text          0x0000000008003d28      0x110 /opt/arm-miosix-eabi/bin/../lib/gcc/arm-miosix-eabi/9.2.0/../../../../arm-miosix-eabi/lib/thumb/cm4/hardfp/fpv4sp/libc.a(lib_a-makebuf.o)
                0x0000000008003d28                __swhatbuf_r
                0x0000000008003da0                __smakebuf_r
 .text          0x0000000008003e38       0x40 /opt/arm-miosix-eabi/bin/../lib/gcc/arm-miosix-eabi/9.2.0/../../../../arm-miosix-eabi/lib/thumb/cm4/hardfp/fpv4sp/libc.a(lib_a-mbtowc_r.o)
                0x0000000008003e38                _mbtowc_r
                0x0000000008003e4c                __ascii_mbtowc
 .text          0x0000000008003e78      0x37c /opt/arm-miosix-eabi/bin/../lib/gcc/arm-miosix-eabi/9.2.0/../../../../arm-miosix-eabi/lib/thumb/cm4/hardfp/fpv4sp/libc.a(lib_a-reallocr.o)
                0x0000000008003e78                _realloc_r
 .text          0x00000000080041f4       0xcc /opt/arm-miosix-eabi/bin/../lib/gcc/arm-miosix-eabi/9.2.0/../../../../arm-miosix-eabi/lib/thumb/cm4/hardfp/fpv4sp/libc.a(lib_a-wbuf.o)
                0x00000000080041f4                __swbuf_r
                0x00000000080042a4                __swbuf
 .text          0x00000000080042c0       0x80 /opt/arm-miosix-eabi/bin/../lib/gcc/arm-miosix-eabi/9.2.0/../../../../arm-miosix-eabi/lib/thumb/cm4/hardfp/fpv4sp/libc.a(lib_a-wcrtomb.o)
                0x00000000080042c0                _wcrtomb_r
                0x00000000080042f4                wcrtomb
 .text          0x0000000008004340       0x30 /opt/arm-miosix-eabi/bin/../lib/gcc/arm-miosix-eabi/9.2.0/../../../../arm-miosix-eabi/lib/thumb/cm4/hardfp/fpv4sp/libc.a(lib_a-wctomb_r.o)
                0x0000000008004340                _wctomb_r
                0x0000000008004354                __ascii_wctomb
 .text          0x0000000008004370       0x30 /opt/arm-miosix-eabi/bin/../lib/gcc/arm-miosix-eabi/9.2.0/thumb/cm4/hardfp/fpv4sp/libgcc.a(_aeabi_uldivmod.o)
                0x0000000008004370                __aeabi_uldivmod
 .text          0x00000000080043a0      0x2c4 /opt/arm-miosix-eabi/bin/../lib/gcc/arm-miosix-eabi/9.2.0/thumb/cm4/hardfp/fpv4sp/libgcc.a(_udivmoddi4.o)
                0x00000000080043a0                __udivmoddi4
 .text          0x0000000008004664      0x9b4 /opt/arm-miosix-eabi/bin/../lib/gcc/arm-miosix-eabi/9.2.0/thumb/cm4/hardfp/fpv4sp/libgcc.a(unwind-arm.o)
                0x00000000080048f0                _Unwind_GetCFA
                0x00000000080048f4                __gnu_Unwind_RaiseException
                0x0000000008004954                __gnu_Unwind_ForcedUnwind
                0x0000000008004968                __gnu_Unwind_Resume
                0x00000000080049ac                __gnu_Unwind_Resume_or_Rethrow
                0x00000000080049bc                _Unwind_Complete
                0x00000000080049c0                _Unwind_DeleteException
                0x00000000080049cc                _Unwind_VRS_Get
                0x0000000008004a14                _Unwind_VRS_Set
                0x0000000008004a5c                __gnu_Unwind_Backtrace
                0x0000000008004d94                __aeabi_unwind_cpp_pr0
                0x0000000008004d98                __aeabi_unwind_cpp_pr1
                0x0000000008004d9c                __aeabi_unwind_cpp_pr2
                0x0000000008004da0                _Unwind_VRS_Pop
 .text          0x0000000008005018      0x1ac /opt/arm-miosix-eabi/bin/../lib/gcc/arm-miosix-eabi/9.2.0/thumb/cm4/hardfp/fpv4sp/libgcc.a(libunwind.o)
                0x0000000008005018                __restore_core_regs
                0x0000000008005018                restore_core_regs
                0x0000000008005030                __gnu_Unwind_Restore_VFP
                0x0000000008005038                __gnu_Unwind_Save_VFP
                0x0000000008005040                __gnu_Unwind_Restore_VFP_D
                0x0000000008005048                __gnu_Unwind_Save_VFP_D
                0x0000000008005050                __gnu_Unwind_Restore_VFP_D_16_to_31
                0x0000000008005058                __gnu_Unwind_Save_VFP_D_16_to_31
                0x0000000008005060                __gnu_Unwind_Restore_WMMXD
                0x00000000080050a4                __gnu_Unwind_Save_WMMXD
                0x00000000080050e8                __gnu_Unwind_Restore_WMMXC
                0x00000000080050fc                __gnu_Unwind_Save_WMMXC
                0x0000000008005110                ___Unwind_RaiseException
                0x0000000008005110                _Unwind_RaiseException
                0x0000000008005134                ___Unwind_Resume
                0x0000000008005134                _Unwind_Resume
                0x0000000008005158                _Unwind_Resume_or_Rethrow
                0x0000000008005158                ___Unwind_Resume_or_Rethrow
                0x000000000800517c                ___Unwind_ForcedUnwind
                0x000000000800517c                _Unwind_ForcedUnwind
                0x00000000080051a0                _Unwind_Backtrace
                0x00000000080051a0                ___Unwind_Backtrace
 .text          0x00000000080051c4      0x348 /opt/arm-miosix-eabi/bin/../lib/gcc/arm-miosix-eabi/9.2.0/thumb/cm4/hardfp/fpv4sp/libgcc.a(pr-support.o)
                0x000000000800521c                __gnu_unwind_execute
                0x00000000080054b8                __gnu_unwind_frame
                0x00000000080054e4                _Unwind_GetRegionStart
                0x00000000080054f0                _Unwind_GetLanguageSpecificData
                0x0000000008005504                _Unwind_GetDataRelBase
 .text          0x000000000800550c        0x4 /opt/arm-miosix-eabi/bin/../lib/gcc/arm-miosix-eabi/9.2.0/thumb/cm4/hardfp/fpv4sp/libgcc.a(_dvmd_tls.o)
                0x000000000800550c                __aeabi_ldiv0
                0x000000000800550c                __aeabi_idiv0
 *(.text.*)
 .text.startup.main
                0x0000000008005510      0x148 main.o
                0x0000000008005510                main
 .text._ZN5mxgui7Display6updateEv
                0x0000000008005658        0x4 mxgui/libmxgui.a(display.o)
                0x0000000008005658                _ZN5mxgui7Display6updateEv
 .text._ZN5mxgui14DisplayManagerD2Ev
                0x000000000800565c       0x10 mxgui/libmxgui.a(display.o)
                0x000000000800565c                _ZN5mxgui14DisplayManagerD2Ev
                0x000000000800565c                _ZN5mxgui14DisplayManagerD1Ev
 .text._ZN5mxgui14DisplayManager10getDisplayEj
                0x000000000800566c       0x3c mxgui/libmxgui.a(display.o)
                0x000000000800566c                _ZN5mxgui14DisplayManager10getDisplayEj
 .text._ZN5mxgui14DisplayManagerC2Ev
                0x00000000080056a8       0x28 mxgui/libmxgui.a(display.o)
                0x00000000080056a8                _ZN5mxgui14DisplayManagerC2Ev
                0x00000000080056a8                _ZN5mxgui14DisplayManagerC1Ev
 .text._ZN5mxgui14DisplayManager8instanceEv
                0x00000000080056d0       0x50 mxgui/libmxgui.a(display.o)
                0x00000000080056d0                _ZN5mxgui14DisplayManager8instanceEv
 .text._ZN5mxgui7DisplayC2Ev
                0x0000000008005720       0x4c mxgui/libmxgui.a(display.o)
                0x0000000008005720                _ZN5mxgui7DisplayC2Ev
                0x0000000008005720                _ZN5mxgui7DisplayC1Ev
 .text._ZN5mxgui7Display7turnOffEv
                0x000000000800576c       0x38 mxgui/libmxgui.a(display.o)
                0x000000000800576c                _ZN5mxgui7Display7turnOffEv
 .text._ZN5mxgui7DisplayD2Ev
                0x00000000080057a4        0x4 mxgui/libmxgui.a(display.o)
                0x00000000080057a4                _ZN5mxgui7DisplayD1Ev
                0x00000000080057a4                _ZN5mxgui7DisplayD2Ev
 .text._ZNSt6vectorIPN5mxgui7DisplayESaIS2_EE17_M_realloc_insertIJRKS2_EEEvN9__gnu_cxx17__normal_iteratorIPS2_S4_EEDpOT_
                0x00000000080057a8       0xcc mxgui/libmxgui.a(display.o)
                0x00000000080057a8                _ZNSt6vectorIPN5mxgui7DisplayESaIS2_EE17_M_realloc_insertIJRKS2_EEEvN9__gnu_cxx17__normal_iteratorIPS2_S4_EEDpOT_
 .text._ZN5mxgui14DisplayManager15registerDisplayEPNS_7DisplayE
                0x0000000008005874       0x48 mxgui/libmxgui.a(display.o)
                0x0000000008005874                _ZN5mxgui14DisplayManager15registerDisplayEPNS_7DisplayE
 .text._ZNK5mxgui4Font19getVirtualCodepointEDi
                0x00000000080058bc       0x44 mxgui/libmxgui.a(font.o)
                0x00000000080058bc                _ZNK5mxgui4Font19getVirtualCodepointEDi
 .text._ZN5mxgui12InputHandler8instanceEv
                0x0000000008005900       0x64 mxgui/libmxgui.a(input.o)
                0x0000000008005900                _ZN5mxgui12InputHandler8instanceEv
 .text._ZN5mxgui12InputHandler8getEventEv
                0x0000000008005964       0x10 mxgui/libmxgui.a(input.o)
                0x0000000008005964                _ZN5mxgui12InputHandler8getEventEv
 .text._ZN5mxgui11DisplayImpl15doSetBrightnessEi
                0x0000000008005974        0x4 mxgui/libmxgui.a(display_st25dvdiscovery.o)
                0x0000000008005974                _ZN5mxgui11DisplayImpl15doSetBrightnessEi
 .text._ZNK5mxgui11DisplayImpl9doGetSizeEv
                0x0000000008005978        0xc mxgui/libmxgui.a(display_st25dvdiscovery.o)
                0x0000000008005978                _ZNK5mxgui11DisplayImpl9doGetSizeEv
 .text._ZN5mxgui11DisplayImpl5clearEt
                0x0000000008005984       0x1c mxgui/libmxgui.a(display_st25dvdiscovery.o)
                0x0000000008005984                _ZN5mxgui11DisplayImpl5clearEt
 .text._ZN5mxgui11DisplayImpl10beginPixelEv
                0x00000000080059a0        0x4 mxgui/libmxgui.a(display_st25dvdiscovery.o)
                0x00000000080059a0                _ZN5mxgui11DisplayImpl10beginPixelEv
 .text._ZN5mxgui11DisplayImpl14scanLineBufferENS_5PointEt
                0x00000000080059a4       0x18 mxgui/libmxgui.a(display_st25dvdiscovery.o)
                0x00000000080059a4                _ZN5mxgui11DisplayImpl14scanLineBufferENS_5PointEt
 .text._ZN5mxgui11DisplayImpl13drawRectangleENS_5PointES1_t
                0x00000000080059bc       0x7c mxgui/libmxgui.a(display_st25dvdiscovery.o)
                0x00000000080059bc                _ZN5mxgui11DisplayImpl13drawRectangleENS_5PointES1_t
 .text._ZNK5mxgui16basic_image_baseItE7getDataEv
                0x0000000008005a38        0x4 mxgui/libmxgui.a(display_st25dvdiscovery.o)
                0x0000000008005a38                _ZNK5mxgui16basic_image_baseItE7getDataEv
 .text._ZN5mxgui11DisplayImplD2Ev
                0x0000000008005a3c       0x20 mxgui/libmxgui.a(display_st25dvdiscovery.o)
                0x0000000008005a3c                _ZN5mxgui11DisplayImplD2Ev
                0x0000000008005a3c                _ZN5mxgui11DisplayImplD1Ev
 .text._ZN5mxgui11DisplayImplD0Ev
                0x0000000008005a5c       0x14 mxgui/libmxgui.a(display_st25dvdiscovery.o)
                0x0000000008005a5c                _ZN5mxgui11DisplayImplD0Ev
 .text._ZN5mxgui11DisplayImpl17getScanLineBufferEv
                0x0000000008005a70       0x44 mxgui/libmxgui.a(display_st25dvdiscovery.o)
                0x0000000008005a70                _ZN5mxgui11DisplayImpl17getScanLineBufferEv
 .text._ZN5mxgui7sendCmdEhiz
                0x0000000008005ab4       0x6c mxgui/libmxgui.a(display_st25dvdiscovery.o)
                0x0000000008005ab4                _ZN5mxgui7sendCmdEhiz
 .text._ZN5mxgui11DisplayImpl8doTurnOnEv
                0x0000000008005b20        0x8 mxgui/libmxgui.a(display_st25dvdiscovery.o)
                0x0000000008005b20                _ZN5mxgui11DisplayImpl8doTurnOnEv
 .text._ZN5mxgui11DisplayImpl9doTurnOffEv
                0x0000000008005b28        0x8 mxgui/libmxgui.a(display_st25dvdiscovery.o)
                0x0000000008005b28                _ZN5mxgui11DisplayImpl9doTurnOffEv
 .text._ZN5mxgui11DisplayImpl8setPixelENS_5PointEt
                0x0000000008005b30       0x50 mxgui/libmxgui.a(display_st25dvdiscovery.o)
                0x0000000008005b30                _ZN5mxgui11DisplayImpl8setPixelENS_5PointEt
 .text._ZN5mxgui11DisplayImpl8scanLineENS_5PointEPKtt
                0x0000000008005b80       0xac mxgui/libmxgui.a(display_st25dvdiscovery.o)
                0x0000000008005b80                _ZN5mxgui11DisplayImpl8scanLineENS_5PointEPKtt
 .text._ZN5mxgui11DisplayImpl5clearENS_5PointES1_t
                0x0000000008005c2c       0xd0 mxgui/libmxgui.a(display_st25dvdiscovery.o)
                0x0000000008005c2c                _ZN5mxgui11DisplayImpl5clearENS_5PointES1_t
 .text._ZN5mxgui11DisplayImpl5beginENS_5PointES1_17IteratorDirection
                0x0000000008005cfc       0xc8 mxgui/libmxgui.a(display_st25dvdiscovery.o)
                0x0000000008005cfc                _ZN5mxgui11DisplayImpl5beginENS_5PointES1_17IteratorDirection
 .text._ZN5mxgui11DisplayImplC2Ev
                0x0000000008005dc4      0x2b8 mxgui/libmxgui.a(display_st25dvdiscovery.o)
                0x0000000008005dc4                _ZN5mxgui11DisplayImplC2Ev
                0x0000000008005dc4                _ZN5mxgui11DisplayImplC1Ev
 .text._ZN5mxgui11DisplayImpl8instanceEv
                0x000000000800607c       0x50 mxgui/libmxgui.a(display_st25dvdiscovery.o)
                0x000000000800607c                _ZN5mxgui11DisplayImpl8instanceEv
 .text._ZN5mxgui19registerDisplayHookERNS_14DisplayManagerE
                0x00000000080060cc       0x14 mxgui/libmxgui.a(display_st25dvdiscovery.o)
                0x00000000080060cc                _ZN5mxgui19registerDisplayHookERNS_14DisplayManagerE
 .text._ZN5mxgui4Line4drawINS_11DisplayImplEEEvRT_NS_5PointES5_t
                0x00000000080060e0      0x1c8 mxgui/libmxgui.a(display_st25dvdiscovery.o)
                0x00000000080060e0                _ZN5mxgui4Line4drawINS_11DisplayImplEEEvRT_NS_5PointES5_t
 .text._ZN5mxgui11DisplayImpl4lineENS_5PointES1_t
                0x00000000080062a8      0x18c mxgui/libmxgui.a(display_st25dvdiscovery.o)
                0x00000000080062a8                _ZN5mxgui11DisplayImpl4lineENS_5PointES1_t
 .text._ZNK5mxgui16basic_image_baseItE4drawINS_11DisplayImplEEEvRT_NS_5PointE
                0x0000000008006434      0x108 mxgui/libmxgui.a(display_st25dvdiscovery.o)
                0x0000000008006434                _ZNK5mxgui16basic_image_baseItE4drawINS_11DisplayImplEEEvRT_NS_5PointE
 .text._ZN5mxgui11DisplayImpl9drawImageENS_5PointERKNS_16basic_image_baseItEE
                0x000000000800653c      0x114 mxgui/libmxgui.a(display_st25dvdiscovery.o)
                0x000000000800653c                _ZN5mxgui11DisplayImpl9drawImageENS_5PointERKNS_16basic_image_baseItEE
 .text._ZNK5mxgui16basic_image_baseItE11clippedDrawINS_11DisplayImplEEEvRT_NS_5PointES6_S6_
                0x0000000008006650      0x1e0 mxgui/libmxgui.a(display_st25dvdiscovery.o)
                0x0000000008006650                _ZNK5mxgui16basic_image_baseItE11clippedDrawINS_11DisplayImplEEEvRT_NS_5PointES6_S6_
 .text._ZN5mxgui11DisplayImpl16clippedDrawImageENS_5PointES1_S1_RKNS_16basic_image_baseItEE
                0x0000000008006830       0x20 mxgui/libmxgui.a(display_st25dvdiscovery.o)
                0x0000000008006830                _ZN5mxgui11DisplayImpl16clippedDrawImageENS_5PointES1_S1_RKNS_16basic_image_baseItEE
 .text._ZN6miosix7Unicode8nextUtf8IPKcEEDiRT_S4_b
                0x0000000008006850       0xb8 mxgui/libmxgui.a(display_st25dvdiscovery.o)
                0x0000000008006850                _ZN6miosix7Unicode8nextUtf8IPKcEEDiRT_S4_b
 .text._ZNK5mxgui4Font13drawingEngineINS_11DisplayImplEyNS0_24VariableWidthGlyphLookupENS0_13GlyphDrawerAAEEEvNT_14pixel_iteratorEssPtPKc
                0x0000000008006908       0xcc mxgui/libmxgui.a(display_st25dvdiscovery.o)
                0x0000000008006908                _ZNK5mxgui4Font13drawingEngineINS_11DisplayImplEyNS0_24VariableWidthGlyphLookupENS0_13GlyphDrawerAAEEEvNT_14pixel_iteratorEssPtPKc
 .text._ZNK5mxgui4Font4drawINS_11DisplayImplEEEvRT_PtNS_5PointEPKc
                0x00000000080069d4      0x47c mxgui/libmxgui.a(display_st25dvdiscovery.o)
                0x00000000080069d4                _ZNK5mxgui4Font4drawINS_11DisplayImplEEEvRT_PtNS_5PointEPKc
 .text._ZN5mxgui11DisplayImpl5writeENS_5PointEPKc
                0x0000000008006e50       0x1c mxgui/libmxgui.a(display_st25dvdiscovery.o)
                0x0000000008006e50                _ZN5mxgui11DisplayImpl5writeENS_5PointEPKc
 .text._ZNK5mxgui4Font20drawingEngineClippedINS_11DisplayImplEtNS0_21FixedWidthGlyphLookupENS0_11GlyphDrawerEEEvRT_NS_5PointES7_S7_PtPKc
                0x0000000008006e6c      0x1d4 mxgui/libmxgui.a(display_st25dvdiscovery.o)
                0x0000000008006e6c                _ZNK5mxgui4Font20drawingEngineClippedINS_11DisplayImplEtNS0_21FixedWidthGlyphLookupENS0_11GlyphDrawerEEEvRT_NS_5PointES7_S7_PtPKc
 .text._ZNK5mxgui4Font20drawingEngineClippedINS_11DisplayImplEtNS0_24VariableWidthGlyphLookupENS0_11GlyphDrawerEEEvRT_NS_5PointES7_S7_PtPKc
                0x0000000008007040      0x1d4 mxgui/libmxgui.a(display_st25dvdiscovery.o)
                0x0000000008007040                _ZNK5mxgui4Font20drawingEngineClippedINS_11DisplayImplEtNS0_24VariableWidthGlyphLookupENS0_11GlyphDrawerEEEvRT_NS_5PointES7_S7_PtPKc
 .text._ZNK5mxgui4Font20drawingEngineClippedINS_11DisplayImplEjNS0_24VariableWidthGlyphLookupENS0_13GlyphDrawerAAEEEvRT_NS_5PointES7_S7_PtPKc
                0x0000000008007214      0x1e4 mxgui/libmxgui.a(display_st25dvdiscovery.o)
                0x0000000008007214                _ZNK5mxgui4Font20drawingEngineClippedINS_11DisplayImplEjNS0_24VariableWidthGlyphLookupENS0_13GlyphDrawerAAEEEvRT_NS_5PointES7_S7_PtPKc
 .text._ZNK5mxgui4Font20drawingEngineClippedINS_11DisplayImplEjNS0_21FixedWidthGlyphLookupENS0_11GlyphDrawerEEEvRT_NS_5PointES7_S7_PtPKc
                0x00000000080073f8      0x1d4 mxgui/libmxgui.a(display_st25dvdiscovery.o)
                0x00000000080073f8                _ZNK5mxgui4Font20drawingEngineClippedINS_11DisplayImplEjNS0_21FixedWidthGlyphLookupENS0_11GlyphDrawerEEEvRT_NS_5PointES7_S7_PtPKc
 .text._ZNK5mxgui4Font20drawingEngineClippedINS_11DisplayImplEjNS0_24VariableWidthGlyphLookupENS0_11GlyphDrawerEEEvRT_NS_5PointES7_S7_PtPKc
                0x00000000080075cc      0x1d4 mxgui/libmxgui.a(display_st25dvdiscovery.o)
                0x00000000080075cc                _ZNK5mxgui4Font20drawingEngineClippedINS_11DisplayImplEjNS0_24VariableWidthGlyphLookupENS0_11GlyphDrawerEEEvRT_NS_5PointES7_S7_PtPKc
 .text._ZNK5mxgui4Font20drawingEngineClippedINS_11DisplayImplEyNS0_24VariableWidthGlyphLookupENS0_13GlyphDrawerAAEEEvRT_NS_5PointES7_S7_PtPKc
                0x00000000080077a0      0x24c mxgui/libmxgui.a(display_st25dvdiscovery.o)
                0x00000000080077a0                _ZNK5mxgui4Font20drawingEngineClippedINS_11DisplayImplEyNS0_24VariableWidthGlyphLookupENS0_13GlyphDrawerAAEEEvRT_NS_5PointES7_S7_PtPKc
 .text._ZNK5mxgui4Font11clippedDrawINS_11DisplayImplEEEvRT_PtNS_5PointES6_S6_PKc
                0x00000000080079ec      0x138 mxgui/libmxgui.a(display_st25dvdiscovery.o)
                0x00000000080079ec                _ZNK5mxgui4Font11clippedDrawINS_11DisplayImplEEEvRT_PtNS_5PointES6_S6_PKc
 .text._ZN5mxgui11DisplayImpl12clippedWriteENS_5PointES1_S1_PKc
                0x0000000008007b24       0x24 mxgui/libmxgui.a(display_st25dvdiscovery.o)
                0x0000000008007b24                _ZN5mxgui11DisplayImpl12clippedWriteENS_5PointES1_S1_PKc
 .text._ZNSt8functionIFvvEED2Ev
                0x0000000008007b48       0x14 mxgui/libmxgui.a(event_stm32f415vg_st25dvdiscovery.o)
                0x0000000008007b48                _ZNSt8functionIFvvEED1Ev
                0x0000000008007b48                _ZNSt8functionIFvvEED2Ev
 .text._ZN6miosix11SoftwareI2CINS_4GpioILj1073873920ELh9EEENS1_ILj1073873920ELh8EEELj50ELb0EE22waitForClockStretchingEv.part.0
                0x0000000008007b5c       0x28 mxgui/libmxgui.a(event_stm32f415vg_st25dvdiscovery.o)
 .text._ZN5mxguiL8callbackENS_5EventE
                0x0000000008007b84       0x6c mxgui/libmxgui.a(event_stm32f415vg_st25dvdiscovery.o)
 .text._Z16EXTI2_IRQHandlerv
                0x0000000008007bf0       0x3c mxgui/libmxgui.a(event_stm32f415vg_st25dvdiscovery.o)
                0x0000000008007bf0                _Z16EXTI2_IRQHandlerv
 .text.EXTI2HandlerImpl
                0x0000000008007c2c       0x38 mxgui/libmxgui.a(event_stm32f415vg_st25dvdiscovery.o)
                0x0000000008007c2c                EXTI2HandlerImpl
 .text._ZN5mxgui16InputHandlerImpl8getEventEv
                0x0000000008007c64       0x64 mxgui/libmxgui.a(event_stm32f415vg_st25dvdiscovery.o)
                0x0000000008007c64                _ZN5mxgui16InputHandlerImpl8getEventEv
 .text._ZN6miosix11SoftwareI2CINS_4GpioILj1073873920ELh9EEENS1_ILj1073873920ELh8EEELj50ELb0EE9sendStartEv
                0x0000000008007cc8       0x24 mxgui/libmxgui.a(event_stm32f415vg_st25dvdiscovery.o)
                0x0000000008007cc8                _ZN6miosix11SoftwareI2CINS_4GpioILj1073873920ELh9EEENS1_ILj1073873920ELh8EEELj50ELb0EE9sendStartEv
 .text._ZN6miosix11SoftwareI2CINS_4GpioILj1073873920ELh9EEENS1_ILj1073873920ELh8EEELj50ELb0EE4sendEh
                0x0000000008007cec       0xc8 mxgui/libmxgui.a(event_stm32f415vg_st25dvdiscovery.o)
                0x0000000008007cec                _ZN6miosix11SoftwareI2CINS_4GpioILj1073873920ELh9EEENS1_ILj1073873920ELh8EEELj50ELb0EE4sendEh
 .text._ZN6miosix11SoftwareI2CINS_4GpioILj1073873920ELh9EEENS1_ILj1073873920ELh8EEELj50ELb0EE8sendStopEv
                0x0000000008007db4       0x3c mxgui/libmxgui.a(event_stm32f415vg_st25dvdiscovery.o)
                0x0000000008007db4                _ZN6miosix11SoftwareI2CINS_4GpioILj1073873920ELh9EEENS1_ILj1073873920ELh8EEELj50ELb0EE8sendStopEv
 .text._ZN5mxgui16InputHandlerImplC2Ev
                0x0000000008007df0      0x268 mxgui/libmxgui.a(event_stm32f415vg_st25dvdiscovery.o)
                0x0000000008007df0                _ZN5mxgui16InputHandlerImplC2Ev
                0x0000000008007df0                _ZN5mxgui16InputHandlerImplC1Ev
 .text._ZN6miosix11SoftwareI2CINS_4GpioILj1073873920ELh9EEENS1_ILj1073873920ELh8EEELj50ELb0EE11recvWithAckEv
                0x0000000008008058       0x88 mxgui/libmxgui.a(event_stm32f415vg_st25dvdiscovery.o)
                0x0000000008008058                _ZN6miosix11SoftwareI2CINS_4GpioILj1073873920ELh9EEENS1_ILj1073873920ELh8EEELj50ELb0EE11recvWithAckEv
 .text._ZN6miosix11SoftwareI2CINS_4GpioILj1073873920ELh9EEENS1_ILj1073873920ELh8EEELj50ELb0EE12recvWithNackEv
                0x00000000080080e0       0x84 mxgui/libmxgui.a(event_stm32f415vg_st25dvdiscovery.o)
                0x00000000080080e0                _ZN6miosix11SoftwareI2CINS_4GpioILj1073873920ELh9EEENS1_ILj1073873920ELh8EEELj50ELb0EE12recvWithNackEv
 .text._ZN5mxguiL11eventThreadEPv
                0x0000000008008164      0x460 mxgui/libmxgui.a(event_stm32f415vg_st25dvdiscovery.o)
 .text.startup._GLOBAL__sub_I__Z16EXTI2_IRQHandlerv
                0x00000000080085c4       0x58 mxgui/libmxgui.a(event_stm32f415vg_st25dvdiscovery.o)
 .text._ZN6miosixL20IRQaddToSleepingListEPNS_9SleepDataE.constprop.0
                0x000000000800861c       0x4c miosix/libmiosix.a(kernel.o)
 .text._Z8errorLogPKcz
                0x0000000008008668       0x1c miosix/libmiosix.a(kernel.o)
                0x0000000008008668                _Z8errorLogPKcz
 .text._ZN6miosix17disableInterruptsEv
                0x0000000008008684       0x24 miosix/libmiosix.a(kernel.o)
                0x0000000008008684                _ZN6miosix17disableInterruptsEv
 .text._ZN6miosix16enableInterruptsEv
                0x00000000080086a8       0x28 miosix/libmiosix.a(kernel.o)
                0x00000000080086a8                _ZN6miosix16enableInterruptsEv
 .text._ZN6miosix11pauseKernelEv
                0x00000000080086d0       0x28 miosix/libmiosix.a(kernel.o)
                0x00000000080086d0                _ZN6miosix11pauseKernelEv
 .text._ZN6miosix13restartKernelEv
                0x00000000080086f8       0x40 miosix/libmiosix.a(kernel.o)
                0x00000000080086f8                _ZN6miosix13restartKernelEv
 .text._ZN6miosix10idleThreadEPv
                0x0000000008008738       0x28 miosix/libmiosix.a(kernel.o)
                0x0000000008008738                _ZN6miosix10idleThreadEPv
 .text._ZN6miosix20areInterruptsEnabledEv
                0x0000000008008760        0xc miosix/libmiosix.a(kernel.o)
                0x0000000008008760                _ZN6miosix20areInterruptsEnabledEv
 .text._ZN6miosix13deepSleepLockEv
                0x000000000800876c        0x4 miosix/libmiosix.a(kernel.o)
                0x000000000800876c                _ZN6miosix13deepSleepLockEv
 .text._ZN6miosix15deepSleepUnlockEv
                0x0000000008008770        0x4 miosix/libmiosix.a(kernel.o)
                0x0000000008008770                _ZN6miosix15deepSleepUnlockEv
 .text._ZN6miosix14IRQwakeThreadsEx
                0x0000000008008774       0x64 miosix/libmiosix.a(kernel.o)
                0x0000000008008774                _ZN6miosix14IRQwakeThreadsEx
 .text._ZN6miosix6Thread5yieldEv
                0x00000000080087d8        0x8 miosix/libmiosix.a(kernel.o)
                0x00000000080087d8                _ZN6miosix6Thread5yieldEv
 .text._ZN6miosix6Thread14nanoSleepUntilEx
                0x00000000080087e0       0x70 miosix/libmiosix.a(kernel.o)
                0x00000000080087e0                _ZN6miosix6Thread14nanoSleepUntilEx
 .text._ZN6miosix6Thread5sleepEj
                0x0000000008008850       0x1c miosix/libmiosix.a(kernel.o)
                0x0000000008008850                _ZN6miosix6Thread5sleepEj
 .text._ZN6miosix6Thread7IRQwaitEv
                0x000000000800886c       0x14 miosix/libmiosix.a(kernel.o)
                0x000000000800886c                _ZN6miosix6Thread7IRQwaitEv
 .text._ZN6miosix6Thread9IRQwakeupEv
                0x0000000008008880        0xc miosix/libmiosix.a(kernel.o)
                0x0000000008008880                _ZN6miosix6Thread9IRQwakeupEv
 .text._ZN6miosix6Thread11getPriorityEv
                0x000000000800888c        0x4 miosix/libmiosix.a(kernel.o)
                0x000000000800888c                _ZN6miosix6Thread11getPriorityEv
 .text._ZN6miosix6Thread21IRQstackOverflowCheckEv
                0x0000000008008890       0x3c miosix/libmiosix.a(kernel.o)
                0x0000000008008890                _ZN6miosix6Thread21IRQstackOverflowCheckEv
 .text._ZN6miosix6ThreadC2EPjjb
                0x00000000080088cc       0x88 miosix/libmiosix.a(kernel.o)
                0x00000000080088cc                _ZN6miosix6ThreadC2EPjjb
                0x00000000080088cc                _ZN6miosix6ThreadC1EPjjb
 .text._ZN6miosix6ThreadD2Ev
                0x0000000008008954       0x38 miosix/libmiosix.a(kernel.o)
                0x0000000008008954                _ZN6miosix6ThreadD1Ev
                0x0000000008008954                _ZN6miosix6ThreadD2Ev
 .text._ZN6miosix6Thread8doCreateEPFPvS1_EjS1_tb
                0x000000000800898c       0x90 miosix/libmiosix.a(kernel.o)
                0x000000000800898c                _ZN6miosix6Thread8doCreateEPFPvS1_EjS1_tb
 .text._ZN6miosix6Thread6createEPFPvS1_EjNS_25PrioritySchedulerPriorityES1_t
                0x0000000008008a1c       0x64 miosix/libmiosix.a(kernel.o)
                0x0000000008008a1c                _ZN6miosix6Thread6createEPFPvS1_EjNS_25PrioritySchedulerPriorityES1_t
 .text._ZN6miosix6Thread6createEPFvPvEjNS_25PrioritySchedulerPriorityES1_t
                0x0000000008008a80       0x10 miosix/libmiosix.a(kernel.o)
                0x0000000008008a80                _ZN6miosix6Thread6createEPFvPvEjNS_25PrioritySchedulerPriorityES1_t
 .text._ZN6miosix6Thread14threadLauncherEPFPvS1_ES1_
                0x0000000008008a90       0x98 miosix/libmiosix.a(kernel.o)
                0x0000000008008a90                _ZN6miosix6Thread14threadLauncherEPFPvS1_ES1_
 .text._ZN6miosix6Thread23IRQenableIrqAndWaitImplEv
                0x0000000008008b28       0x34 miosix/libmiosix.a(kernel.o)
                0x0000000008008b28                _ZN6miosix6Thread23IRQenableIrqAndWaitImplEv
 .text._ZN6miosix6Thread28IRQenableIrqAndTimedWaitImplEx
                0x0000000008008b5c       0x80 miosix/libmiosix.a(kernel.o)
                0x0000000008008b5c                _ZN6miosix6Thread28IRQenableIrqAndTimedWaitImplEx
 .text._ZN6miosix6Thread18allocateIdleThreadEv
                0x0000000008008bdc       0x3c miosix/libmiosix.a(kernel.o)
                0x0000000008008bdc                _ZN6miosix6Thread18allocateIdleThreadEv
 .text._ZN6miosix6Thread19IRQgetCurrentThreadEv
                0x0000000008008c18       0x10 miosix/libmiosix.a(kernel.o)
                0x0000000008008c18                _ZN6miosix6Thread19IRQgetCurrentThreadEv
 .text._ZN6miosix6Thread9getCReentEv
                0x0000000008008c28       0x1c miosix/libmiosix.a(kernel.o)
                0x0000000008008c28                _ZN6miosix6Thread9getCReentEv
 .text._ZN6miosix11startKernelEv
                0x0000000008008c44       0x68 miosix/libmiosix.a(kernel.o)
                0x0000000008008c44                _ZN6miosix11startKernelEv
 .text.startup._GLOBAL__sub_I_ctxsave
                0x0000000008008cac       0x10 miosix/libmiosix.a(kernel.o)
 .text._ZN6miosix9FastMutexC2ENS0_7OptionsE
                0x0000000008008cbc       0x3c miosix/libmiosix.a(sync.o)
                0x0000000008008cbc                _ZN6miosix9FastMutexC2ENS0_7OptionsE
                0x0000000008008cbc                _ZN6miosix9FastMutexC1ENS0_7OptionsE
 .text._ZN6miosix9Semaphore9IRQsignalERb
                0x0000000008008cf8       0x44 miosix/libmiosix.a(sync.o)
                0x0000000008008cf8                _ZN6miosix9Semaphore9IRQsignalERb
 .text._ZN6miosix9Semaphore9timedWaitEx
                0x0000000008008d3c       0x7c miosix/libmiosix.a(sync.o)
                0x0000000008008d3c                _ZN6miosix9Semaphore9timedWaitEx
 .text._ZN6miosix17intrusive_ref_ptrINS_6DeviceEE5resetEv
                0x0000000008008db8       0x2c miosix/libmiosix.a(error.o)
                0x0000000008008db8                _ZN6miosix17intrusive_ref_ptrINS_6DeviceEE5resetEv
 .text._ZN6miosix12errorHandlerENS_5ErrorE
                0x0000000008008de4      0x25c miosix/libmiosix.a(error.o)
                0x0000000008008de4                _ZN6miosix12errorHandlerENS_5ErrorE
 .text.pthread_mutexattr_init
                0x0000000008009040        0x8 miosix/libmiosix.a(pthread.o)
                0x0000000008009040                pthread_mutexattr_init
 .text.pthread_mutexattr_destroy
                0x0000000008009048        0x4 miosix/libmiosix.a(pthread.o)
                0x0000000008009048                pthread_mutexattr_destroy
 .text.pthread_mutexattr_settype
                0x000000000800904c       0x14 miosix/libmiosix.a(pthread.o)
                0x000000000800904c                pthread_mutexattr_settype
 .text.pthread_mutex_init
                0x0000000008009060       0x24 miosix/libmiosix.a(pthread.o)
                0x0000000008009060                pthread_mutex_init
 .text.pthread_mutex_destroy
                0x0000000008009084        0xc miosix/libmiosix.a(pthread.o)
                0x0000000008009084                pthread_mutex_destroy
 .text.pthread_mutex_lock
                0x0000000008009090       0x74 miosix/libmiosix.a(pthread.o)
                0x0000000008009090                pthread_mutex_lock
 .text.pthread_mutex_unlock
                0x0000000008009104       0x50 miosix/libmiosix.a(pthread.o)
                0x0000000008009104                pthread_mutex_unlock
 .text.pthread_setcancelstate
                0x0000000008009154        0x4 miosix/libmiosix.a(pthread.o)
                0x0000000008009154                pthread_setcancelstate
 .text._Z7bootlogPKcz
                0x0000000008009158       0x1c miosix/libmiosix.a(stage_2_boot.o)
                0x0000000008009158                _Z7bootlogPKcz
 .text._ZN6miosix10mainLoaderEPv
                0x0000000008009174      0x110 miosix/libmiosix.a(stage_2_boot.o)
                0x0000000008009174                _ZN6miosix10mainLoaderEPv
 .text._init    0x0000000008009284       0xa8 miosix/libmiosix.a(stage_2_boot.o)
                0x0000000008009284                _init
 .text._ZN6miosix17IntrusiveListBase9push_backEPNS_17IntrusiveListItemE
                0x000000000800932c       0x14 miosix/libmiosix.a(intrusive.o)
                0x000000000800932c                _ZN6miosix17IntrusiveListBase9push_backEPNS_17IntrusiveListItemE
 .text._ZN6miosix17IntrusiveListBase10push_frontEPNS_17IntrusiveListItemE
                0x0000000008009340       0x14 miosix/libmiosix.a(intrusive.o)
                0x0000000008009340                _ZN6miosix17IntrusiveListBase10push_frontEPNS_17IntrusiveListItemE
 .text._ZN6miosix17IntrusiveListBase9pop_frontEv
                0x0000000008009354       0x14 miosix/libmiosix.a(intrusive.o)
                0x0000000008009354                _ZN6miosix17IntrusiveListBase9pop_frontEv
 .text._ZN6miosix17IntrusiveListBase6insertEPNS_17IntrusiveListItemES2_
                0x0000000008009368       0x20 miosix/libmiosix.a(intrusive.o)
                0x0000000008009368                _ZN6miosix17IntrusiveListBase6insertEPNS_17IntrusiveListItemES2_
 .text._ZN6miosix17IntrusiveListBase5eraseEPNS_17IntrusiveListItemE
                0x0000000008009388       0x2c miosix/libmiosix.a(intrusive.o)
                0x0000000008009388                _ZN6miosix17IntrusiveListBase5eraseEPNS_17IntrusiveListItemE
 .text._ZN6miosixL20IRQsetNextPreemptionEb
                0x00000000080093b4       0x60 miosix/libmiosix.a(priority_scheduler.o)
 .text._ZN6miosix17PriorityScheduler11PKaddThreadEPNS_6ThreadENS_25PrioritySchedulerPriorityE
                0x0000000008009414       0x30 miosix/libmiosix.a(priority_scheduler.o)
                0x0000000008009414                _ZN6miosix17PriorityScheduler11PKaddThreadEPNS_6ThreadENS_25PrioritySchedulerPriorityE
 .text._ZN6miosix17PriorityScheduler19PKremoveDeadThreadsEv
                0x0000000008009444       0xb0 miosix/libmiosix.a(priority_scheduler.o)
                0x0000000008009444                _ZN6miosix17PriorityScheduler19PKremoveDeadThreadsEv
 .text._ZN6miosix17PriorityScheduler16IRQsetIdleThreadEPNS_6ThreadE
                0x00000000080094f4       0x10 miosix/libmiosix.a(priority_scheduler.o)
                0x00000000080094f4                _ZN6miosix17PriorityScheduler16IRQsetIdleThreadEPNS_6ThreadE
 .text._ZN6miosix17PriorityScheduler20IRQgetNextPreemptionEv
                0x0000000008009504        0xc miosix/libmiosix.a(priority_scheduler.o)
                0x0000000008009504                _ZN6miosix17PriorityScheduler20IRQgetNextPreemptionEv
 .text._ZN6miosix17PriorityScheduler17IRQfindNextThreadEv
                0x0000000008009510       0x78 miosix/libmiosix.a(priority_scheduler.o)
                0x0000000008009510                _ZN6miosix17PriorityScheduler17IRQfindNextThreadEv
 .text._ZN6miosix14TerminalDevice5lseekExi
                0x0000000008009588        0xc miosix/libmiosix.a(console_device.o)
                0x0000000008009588                _ZN6miosix14TerminalDevice5lseekExi
 .text._ZN6miosix14TerminalDevice9ftruncateEx
                0x0000000008009594        0x8 miosix/libmiosix.a(console_device.o)
                0x0000000008009594                _ZN6miosix14TerminalDevice9ftruncateEx
 .text._ZNK6miosix14TerminalDevice6isattyEv
                0x000000000800959c        0x8 miosix/libmiosix.a(console_device.o)
                0x000000000800959c                _ZNK6miosix14TerminalDevice6isattyEv
 .text._ZNK6miosix14TerminalDevice5fstatEP4stat
                0x00000000080095a4        0x8 miosix/libmiosix.a(console_device.o)
                0x00000000080095a4                _ZNK6miosix14TerminalDevice5fstatEP4stat
 .text._ZN6miosix14TerminalDevice5writeEPKvj
                0x00000000080095ac       0xa4 miosix/libmiosix.a(console_device.o)
                0x00000000080095ac                _ZN6miosix14TerminalDevice5writeEPKvj
 .text._ZN6miosix14TerminalDevice5ioctlEiPv
                0x0000000008009650       0x68 miosix/libmiosix.a(console_device.o)
                0x0000000008009650                _ZN6miosix14TerminalDevice5ioctlEiPv
 .text._ZN6miosix14DefaultConsoleD2Ev
                0x00000000080096b8       0x2c miosix/libmiosix.a(console_device.o)
                0x00000000080096b8                _ZN6miosix14DefaultConsoleD2Ev
                0x00000000080096b8                _ZN6miosix14DefaultConsoleD1Ev
 .text._ZN6miosix14TerminalDeviceD0Ev
                0x00000000080096e4       0x48 miosix/libmiosix.a(console_device.o)
                0x00000000080096e4                _ZN6miosix14TerminalDeviceD0Ev
 .text._ZN6miosix14TerminalDeviceD2Ev
                0x000000000800972c       0x40 miosix/libmiosix.a(console_device.o)
                0x000000000800972c                _ZN6miosix14TerminalDeviceD1Ev
                0x000000000800972c                _ZN6miosix14TerminalDeviceD2Ev
 .text._ZN6miosix14TerminalDeviceC2ENS_17intrusive_ref_ptrINS_6DeviceEEE
                0x000000000800976c       0xcc miosix/libmiosix.a(console_device.o)
                0x000000000800976c                _ZN6miosix14TerminalDeviceC2ENS_17intrusive_ref_ptrINS_6DeviceEEE
                0x000000000800976c                _ZN6miosix14TerminalDeviceC1ENS_17intrusive_ref_ptrINS_6DeviceEEE
 .text._ZN6miosix14TerminalDevice8echoBackEPKcS2_j
                0x0000000008009838       0x4c miosix/libmiosix.a(console_device.o)
                0x0000000008009838                _ZN6miosix14TerminalDevice8echoBackEPKcS2_j
 .text._ZN6miosix14TerminalDevice9normalizeEPcii
                0x0000000008009884       0xf8 miosix/libmiosix.a(console_device.o)
                0x0000000008009884                _ZN6miosix14TerminalDevice9normalizeEPcii
 .text._ZN6miosix14TerminalDevice4readEPvj
                0x000000000800997c       0xb0 miosix/libmiosix.a(console_device.o)
                0x000000000800997c                _ZN6miosix14TerminalDevice4readEPvj
 .text._ZN6miosix14DefaultConsole6IRQsetENS_17intrusive_ref_ptrINS_6DeviceEEE
                0x0000000008009a2c       0x74 miosix/libmiosix.a(console_device.o)
                0x0000000008009a2c                _ZN6miosix14DefaultConsole6IRQsetENS_17intrusive_ref_ptrINS_6DeviceEEE
 .text._ZN6miosix14DefaultConsoleC2Ev
                0x0000000008009aa0       0x34 miosix/libmiosix.a(console_device.o)
                0x0000000008009aa0                _ZN6miosix14DefaultConsoleC2Ev
                0x0000000008009aa0                _ZN6miosix14DefaultConsoleC1Ev
 .text._ZN6miosix14DefaultConsole8instanceEv
                0x0000000008009ad4       0x50 miosix/libmiosix.a(console_device.o)
                0x0000000008009ad4                _ZN6miosix14DefaultConsole8instanceEv
 .text._ZN6miosix9DevFsFile5lseekExi
                0x0000000008009b24       0x54 miosix/libmiosix.a(devfs.o)
                0x0000000008009b24                _ZN6miosix9DevFsFile5lseekExi
 .text._ZN6miosix9DevFsFile9ftruncateEx
                0x0000000008009b78        0x8 miosix/libmiosix.a(devfs.o)
                0x0000000008009b78                _ZN6miosix9DevFsFile9ftruncateEx
 .text._ZNK6miosix6Device6isattyEv
                0x0000000008009b80        0x4 miosix/libmiosix.a(devfs.o)
                0x0000000008009b80                _ZNK6miosix6Device6isattyEv
 .text._ZN6miosix6Device10writeBlockEPKvjx
                0x0000000008009b84        0x4 miosix/libmiosix.a(devfs.o)
                0x0000000008009b84                _ZN6miosix6Device10writeBlockEPKvjx
 .text._ZN6miosix6Device8IRQwriteEPKc
                0x0000000008009b88        0x4 miosix/libmiosix.a(devfs.o)
                0x0000000008009b88                _ZN6miosix6Device8IRQwriteEPKc
 .text._ZN6miosix6Device5ioctlEiPv
                0x0000000008009b8c        0x8 miosix/libmiosix.a(devfs.o)
                0x0000000008009b8c                _ZN6miosix6Device5ioctlEiPv
 .text._ZN6miosix6DeviceD2Ev
                0x0000000008009b94        0x4 miosix/libmiosix.a(devfs.o)
                0x0000000008009b94                _ZN6miosix6DeviceD1Ev
                0x0000000008009b94                _ZN6miosix6DeviceD2Ev
 .text._ZN6miosix5DevFs8truncateERNS_10StringPartEx
                0x0000000008009b98        0x8 miosix/libmiosix.a(devfs.o)
                0x0000000008009b98                _ZN6miosix5DevFs8truncateERNS_10StringPartEx
 .text._ZN6miosix5DevFs5mkdirERNS_10StringPartEi
                0x0000000008009ba0        0x8 miosix/libmiosix.a(devfs.o)
                0x0000000008009ba0                _ZN6miosix5DevFs5mkdirERNS_10StringPartEi
 .text._ZN6miosix5DevFs5rmdirERNS_10StringPartE
                0x0000000008009ba8        0x8 miosix/libmiosix.a(devfs.o)
                0x0000000008009ba8                _ZN6miosix5DevFs5rmdirERNS_10StringPartE
 .text._ZN6miosix6DeviceD0Ev
                0x0000000008009bb0       0x10 miosix/libmiosix.a(devfs.o)
                0x0000000008009bb0                _ZN6miosix6DeviceD0Ev
 .text._ZN6miosix6Device9readBlockEPvjx
                0x0000000008009bc0       0x10 miosix/libmiosix.a(devfs.o)
                0x0000000008009bc0                _ZN6miosix6Device9readBlockEPvjx
 .text._ZNK6miosix9DevFsFile5fstatEP4stat
                0x0000000008009bd0       0x34 miosix/libmiosix.a(devfs.o)
                0x0000000008009bd0                _ZNK6miosix9DevFsFile5fstatEP4stat
 .text._ZN6miosix9DevFsFile5ioctlEiPv
                0x0000000008009c04       0x24 miosix/libmiosix.a(devfs.o)
                0x0000000008009c04                _ZN6miosix9DevFsFile5ioctlEiPv
 .text._ZN6miosix9DevFsFile5writeEPKvj
                0x0000000008009c28       0x6c miosix/libmiosix.a(devfs.o)
                0x0000000008009c28                _ZN6miosix9DevFsFile5writeEPKvj
 .text._ZN6miosix9DevFsFile4readEPvj
                0x0000000008009c94       0x74 miosix/libmiosix.a(devfs.o)
                0x0000000008009c94                _ZN6miosix9DevFsFile4readEPvj
 .text._ZNK6miosix9DevFsFile6isattyEv
                0x0000000008009d08       0x18 miosix/libmiosix.a(devfs.o)
                0x0000000008009d08                _ZNK6miosix9DevFsFile6isattyEv
 .text._ZN6miosix14DevFsDirectoryD0Ev
                0x0000000008009d20       0x5c miosix/libmiosix.a(devfs.o)
                0x0000000008009d20                _ZN6miosix14DevFsDirectoryD0Ev
 .text._ZN6miosix14DevFsDirectoryD2Ev
                0x0000000008009d7c       0x54 miosix/libmiosix.a(devfs.o)
                0x0000000008009d7c                _ZN6miosix14DevFsDirectoryD2Ev
                0x0000000008009d7c                _ZN6miosix14DevFsDirectoryD1Ev
 .text._ZN6miosix9DevFsFileD2Ev
                0x0000000008009dd0       0x38 miosix/libmiosix.a(devfs.o)
                0x0000000008009dd0                _ZN6miosix9DevFsFileD1Ev
                0x0000000008009dd0                _ZN6miosix9DevFsFileD2Ev
 .text._ZN6miosix9DevFsFileD0Ev
                0x0000000008009e08       0x40 miosix/libmiosix.a(devfs.o)
                0x0000000008009e08                _ZN6miosix9DevFsFileD0Ev
 .text._ZNK6miosix6Device5fstatEP4stat
                0x0000000008009e48       0x34 miosix/libmiosix.a(devfs.o)
                0x0000000008009e48                _ZNK6miosix6Device5fstatEP4stat
 .text._ZN6miosix17intrusive_ref_ptrINS_8FileBaseEEaSERKS2_
                0x0000000008009e7c       0x4c miosix/libmiosix.a(devfs.o)
                0x0000000008009e7c                _ZN6miosix17intrusive_ref_ptrINS_8FileBaseEEaSERKS2_
 .text._ZN6miosix17intrusive_ref_ptrINS_14FilesystemBaseEE5resetEv
                0x0000000008009ec8       0x2c miosix/libmiosix.a(devfs.o)
                0x0000000008009ec8                _ZN6miosix17intrusive_ref_ptrINS_14FilesystemBaseEE5resetEv
 .text._ZN6miosix6Device4openERNS_17intrusive_ref_ptrINS_8FileBaseEEENS1_INS_14FilesystemBaseEEEii
                0x0000000008009ef4      0x15c miosix/libmiosix.a(devfs.o)
                0x0000000008009ef4                _ZN6miosix6Device4openERNS_17intrusive_ref_ptrINS_8FileBaseEEENS1_INS_14FilesystemBaseEEEii
 .text._ZNSt8_Rb_treeIN6miosix10StringPartESt4pairIKS1_NS0_17intrusive_ref_ptrINS0_6DeviceEEEESt10_Select1stIS7_ESt4lessIS1_ESaIS7_EE4findERS3_
                0x000000000800a050       0x60 miosix/libmiosix.a(devfs.o)
                0x000000000800a050                _ZNSt8_Rb_treeIN6miosix10StringPartESt4pairIKS1_NS0_17intrusive_ref_ptrINS0_6DeviceEEEESt10_Select1stIS7_ESt4lessIS1_ESaIS7_EE4findERS3_
 .text._ZN6miosix5DevFs5lstatERNS_10StringPartEP4stat
                0x000000000800a0b0       0xa4 miosix/libmiosix.a(devfs.o)
                0x000000000800a0b0                _ZN6miosix5DevFs5lstatERNS_10StringPartEP4stat
 .text._ZNSt8_Rb_treeIN6miosix10StringPartESt4pairIKS1_NS0_17intrusive_ref_ptrINS0_6DeviceEEEESt10_Select1stIS7_ESt4lessIS1_ESaIS7_EE8_M_eraseEPSt13_Rb_tree_nodeIS7_E
                0x000000000800a154       0x4c miosix/libmiosix.a(devfs.o)
                0x000000000800a154                _ZNSt8_Rb_treeIN6miosix10StringPartESt4pairIKS1_NS0_17intrusive_ref_ptrINS0_6DeviceEEEESt10_Select1stIS7_ESt4lessIS1_ESaIS7_EE8_M_eraseEPSt13_Rb_tree_nodeIS7_E
 .text._ZN6miosix5DevFsD2Ev
                0x000000000800a1a0       0x28 miosix/libmiosix.a(devfs.o)
                0x000000000800a1a0                _ZN6miosix5DevFsD1Ev
                0x000000000800a1a0                _ZN6miosix5DevFsD2Ev
 .text._ZN6miosix5DevFsD0Ev
                0x000000000800a1c8       0x30 miosix/libmiosix.a(devfs.o)
                0x000000000800a1c8                _ZN6miosix5DevFsD0Ev
 .text._ZNSt8_Rb_treeIN6miosix10StringPartESt4pairIKS1_NS0_17intrusive_ref_ptrINS0_6DeviceEEEESt10_Select1stIS7_ESt4lessIS1_ESaIS7_EE17_M_emplace_uniqueIJS2_IS1_S6_EEEES2_ISt17_Rb_tree_iteratorIS7_EbEDpOT_
                0x000000000800a1f8      0x180 miosix/libmiosix.a(devfs.o)
                0x000000000800a1f8                _ZNSt8_Rb_treeIN6miosix10StringPartESt4pairIKS1_NS0_17intrusive_ref_ptrINS0_6DeviceEEEESt10_Select1stIS7_ESt4lessIS1_ESaIS7_EE17_M_emplace_uniqueIJS2_IS1_S6_EEEES2_ISt17_Rb_tree_iteratorIS7_EbEDpOT_
 .text._ZN6miosix5DevFs9addDeviceEPKcNS_17intrusive_ref_ptrINS_6DeviceEEE
                0x000000000800a378       0xf4 miosix/libmiosix.a(devfs.o)
                0x000000000800a378                _ZN6miosix5DevFs9addDeviceEPKcNS_17intrusive_ref_ptrINS_6DeviceEEE
 .text._ZN6miosix5DevFsC2Ev
                0x000000000800a46c      0x110 miosix/libmiosix.a(devfs.o)
                0x000000000800a46c                _ZN6miosix5DevFsC2Ev
                0x000000000800a46c                _ZN6miosix5DevFsC1Ev
 .text._ZNSt8_Rb_treeIN6miosix10StringPartESt4pairIKS1_NS0_17intrusive_ref_ptrINS0_6DeviceEEEESt10_Select1stIS7_ESt4lessIS1_ESaIS7_EE5eraseERS3_
                0x000000000800a57c      0x15c miosix/libmiosix.a(devfs.o)
                0x000000000800a57c                _ZNSt8_Rb_treeIN6miosix10StringPartESt4pairIKS1_NS0_17intrusive_ref_ptrINS0_6DeviceEEEESt10_Select1stIS7_ESt4lessIS1_ESaIS7_EE5eraseERS3_
 .text._ZN6miosix5DevFs6unlinkERNS_10StringPartE
                0x000000000800a6d8       0x3c miosix/libmiosix.a(devfs.o)
                0x000000000800a6d8                _ZN6miosix5DevFs6unlinkERNS_10StringPartE
 .text._ZN6miosix5DevFs6renameERNS_10StringPartES2_
                0x000000000800a714      0x128 miosix/libmiosix.a(devfs.o)
                0x000000000800a714                _ZN6miosix5DevFs6renameERNS_10StringPartES2_
 .text._ZNSs6assignEPKcj
                0x000000000800a83c      0x174 miosix/libmiosix.a(devfs.o)
                0x000000000800a83c                _ZNSs6assignEPKcj
 .text._ZN6miosix14DevFsDirectory8getdentsEPvi
                0x000000000800a9b0      0x164 miosix/libmiosix.a(devfs.o)
                0x000000000800a9b0                _ZN6miosix14DevFsDirectory8getdentsEPvi
 .text._ZN6miosix5DevFs4openERNS_17intrusive_ref_ptrINS_8FileBaseEEERNS_10StringPartEii
                0x000000000800ab14      0x28c miosix/libmiosix.a(devfs.o)
                0x000000000800ab14                _ZN6miosix5DevFs4openERNS_17intrusive_ref_ptrINS_8FileBaseEEERNS_10StringPartEii
 .text._ZN6miosixL24kernelNotStartedGetReentEv
                0x000000000800ada0        0xc miosix/libmiosix.a(libc_integration.o)
 .text._ZN6miosix22setCReentrancyCallbackEPFP6_reentvE
                0x000000000800adac        0xc miosix/libmiosix.a(libc_integration.o)
                0x000000000800adac                _ZN6miosix22setCReentrancyCallbackEPFP6_reentvE
 .text.__register_exitproc
                0x000000000800adb8        0x4 miosix/libmiosix.a(libc_integration.o)
                0x000000000800adb8                __register_exitproc
 .text._exit    0x000000000800adbc        0x8 miosix/libmiosix.a(libc_integration.o)
                0x000000000800adbc                _exit
 .text._sbrk_r  0x000000000800adc4       0x34 miosix/libmiosix.a(libc_integration.o)
                0x000000000800adc4                _sbrk_r
 .text.__malloc_lock
                0x000000000800adf8        0x4 miosix/libmiosix.a(libc_integration.o)
                0x000000000800adf8                __malloc_lock
 .text.__malloc_unlock
                0x000000000800adfc        0x4 miosix/libmiosix.a(libc_integration.o)
                0x000000000800adfc                __malloc_unlock
 .text.__getreent
                0x000000000800ae00        0xc miosix/libmiosix.a(libc_integration.o)
                0x000000000800ae00                __getreent
 .text._close_r
                0x000000000800ae0c       0x3c miosix/libmiosix.a(libc_integration.o)
                0x000000000800ae0c                _close_r
 .text._kill_r  0x000000000800ae48       0x10 miosix/libmiosix.a(libc_integration.o)
                0x000000000800ae48                _kill_r
 .text._getpid_r
                0x000000000800ae58        0x4 miosix/libmiosix.a(libc_integration.o)
                0x000000000800ae58                _getpid_r
 .text._ZN6miosix11atomic_loadINS_8FileBaseEEENS_17intrusive_ref_ptrIT_EEPKS4_
                0x000000000800ae5c       0x48 miosix/libmiosix.a(libc_integration.o)
                0x000000000800ae5c                _ZN6miosix11atomic_loadINS_8FileBaseEEENS_17intrusive_ref_ptrIT_EEPKS4_
 .text._ZN6miosix17intrusive_ref_ptrINS_8FileBaseEE5resetEv
                0x000000000800aea4       0x2c miosix/libmiosix.a(libc_integration.o)
                0x000000000800aea4                _ZN6miosix17intrusive_ref_ptrINS_8FileBaseEE5resetEv
 .text._write_r
                0x000000000800aed0       0xac miosix/libmiosix.a(libc_integration.o)
                0x000000000800aed0                _write_r
 .text.write    0x000000000800af7c       0x24 miosix/libmiosix.a(libc_integration.o)
                0x000000000800af7c                write
 .text._read_r  0x000000000800afa0       0xac miosix/libmiosix.a(libc_integration.o)
                0x000000000800afa0                _read_r
 .text._lseek_r
                0x000000000800b04c       0xb0 miosix/libmiosix.a(libc_integration.o)
                0x000000000800b04c                _lseek_r
 .text._fstat_r
                0x000000000800b0fc       0x98 miosix/libmiosix.a(libc_integration.o)
                0x000000000800b0fc                _fstat_r
 .text._isatty_r
                0x000000000800b194       0x98 miosix/libmiosix.a(libc_integration.o)
                0x000000000800b194                _isatty_r
 .text._ioctl_r
                0x000000000800b22c       0x9c miosix/libmiosix.a(libc_integration.o)
                0x000000000800b22c                _ioctl_r
 .text.ioctl    0x000000000800b2c8       0x24 miosix/libmiosix.a(libc_integration.o)
                0x000000000800b2c8                ioctl
 .text.__cxa_get_globals_fast
                0x000000000800b2ec        0xc miosix/libmiosix.a(libstdcpp_integration.o)
                0x000000000800b2ec                __cxa_get_globals_fast
 .text.__cxa_get_globals
                0x000000000800b2f8        0xc miosix/libmiosix.a(libstdcpp_integration.o)
                0x000000000800b2f8                __cxa_get_globals
 .text._ZN9__gnu_cxx27__verbose_terminate_handlerEv
                0x000000000800b304       0x14 miosix/libmiosix.a(libstdcpp_integration.o)
                0x000000000800b304                _ZN9__gnu_cxx27__verbose_terminate_handlerEv
 .text.__cxa_guard_acquire
                0x000000000800b318       0xcc miosix/libmiosix.a(libstdcpp_integration.o)
                0x000000000800b318                __cxa_guard_acquire
 .text.__cxa_guard_release
                0x000000000800b3e4       0x14 miosix/libmiosix.a(libstdcpp_integration.o)
                0x000000000800b3e4                __cxa_guard_release
 .text.__cxa_guard_abort
                0x000000000800b3f8       0x14 miosix/libmiosix.a(libstdcpp_integration.o)
                0x000000000800b3f8                __cxa_guard_abort
 .text._ZN6miosix15MemoryProfiling11getHeapSizeEv
                0x000000000800b40c       0x10 miosix/libmiosix.a(util.o)
                0x000000000800b40c                _ZN6miosix15MemoryProfiling11getHeapSizeEv
 .text._ZN6miosix15MemoryProfiling18getCurrentFreeHeapEv
                0x000000000800b41c       0x28 miosix/libmiosix.a(util.o)
                0x000000000800b41c                _ZN6miosix15MemoryProfiling18getCurrentFreeHeapEv
 .text._ZN6miosix7Unicode7putUtf8EPcDii
                0x000000000800b444       0xdc miosix/libmiosix.a(unicode.o)
                0x000000000800b444                _ZN6miosix7Unicode7putUtf8EPcDii
 .text._ZN6miosix16getMiosixVersionEv
                0x000000000800b520        0x8 miosix/libmiosix.a(version.o)
                0x000000000800b520                _ZN6miosix16getMiosixVersionEv
 .text.Default_Handler
                0x000000000800b528        0x4 miosix/libmiosix.a(stage_1_boot.o)
                0x000000000800b528                _Z18CAN1_TX_IRQHandlerv
                0x000000000800b528                _Z23DMA2_Stream1_IRQHandlerv
                0x000000000800b528                _Z23DMA2_Stream6_IRQHandlerv
                0x000000000800b528                _Z29TIM8_TRG_COM_TIM14_IRQHandlerv
                0x000000000800b528                _Z23DMA2_Stream5_IRQHandlerv
                0x000000000800b528                _Z16EXTI1_IRQHandlerv
                0x000000000800b528                _Z25OTG_HS_EP1_OUT_IRQHandlerv
                0x000000000800b528                _Z15DCMI_IRQHandlerv
                0x000000000800b528                _Z15WWDG_IRQHandlerv
                0x000000000800b528                _Z14RCC_IRQHandlerv
                0x000000000800b528                _Z19CAN1_SCE_IRQHandlerv
                0x000000000800b528                _Z23DMA1_Stream3_IRQHandlerv
                0x000000000800b528                _Z19CAN2_RX1_IRQHandlerv
                0x000000000800b528                _Z23DMA1_Stream0_IRQHandlerv
                0x000000000800b528                _Z23DMA1_Stream2_IRQHandlerv
                0x000000000800b528                _Z20EXTI15_10_IRQHandlerv
                0x000000000800b528                _Z16EXTI4_IRQHandlerv
                0x000000000800b528                _Z15SPI1_IRQHandlerv
                0x000000000800b528                _Z23DMA1_Stream7_IRQHandlerv
                0x000000000800b528                _Z21TAMP_STAMP_IRQHandlerv
                0x000000000800b528                _Z15CRYP_IRQHandlerv
                0x000000000800b528                SysTick_IRQHandler
                0x000000000800b528                _Z19HASH_RNG_IRQHandlerv
                0x000000000800b528                _Z19CAN1_RX0_IRQHandlerv
                0x000000000800b528                _Z14ADC_IRQHandlerv
                0x000000000800b528                _Z17USART6_IRQHandlerv
                0x000000000800b528                _Z15SPI2_IRQHandlerv
                0x000000000800b528                _Z25TIM8_BRK_TIM12_IRQHandlerv
                0x000000000800b528                _Z18I2C1_EV_IRQHandlerv
                0x000000000800b528                _Z20RTC_Alarm_IRQHandlerv
                0x000000000800b528                _Z17OTG_HS_IRQHandlerv
                0x000000000800b528                _Z16UART4_IRQHandlerv
                0x000000000800b528                _Z19RTC_WKUP_IRQHandlerv
                0x000000000800b528                _Z18I2C3_ER_IRQHandlerv
                0x000000000800b528                _Z24TIM1_BRK_TIM9_IRQHandlerv
                0x000000000800b528                _Z18I2C2_ER_IRQHandlerv
                0x000000000800b528                _Z19TIM6_DAC_IRQHandlerv
                0x000000000800b528                _Z29TIM1_TRG_COM_TIM11_IRQHandlerv
                0x000000000800b528                _Z19CAN2_SCE_IRQHandlerv
                0x000000000800b528                _Z18CAN2_TX_IRQHandlerv
                0x000000000800b528                _Z16UART5_IRQHandlerv
                0x000000000800b528                Default_Handler
                0x000000000800b528                _Z18TIM1_CC_IRQHandlerv
                0x000000000800b528                _Z15TIM2_IRQHandlerv
                0x000000000800b528                _Z18I2C3_EV_IRQHandlerv
                0x000000000800b528                _Z19ETH_WKUP_IRQHandlerv
                0x000000000800b528                _Z23DMA2_Stream7_IRQHandlerv
                0x000000000800b528                _Z18TIM8_CC_IRQHandlerv
                0x000000000800b528                _Z16FLASH_IRQHandlerv
                0x000000000800b528                _Z22OTG_FS_WKUP_IRQHandlerv
                0x000000000800b528                _Z24TIM8_UP_TIM13_IRQHandlerv
                0x000000000800b528                _Z15FSMC_IRQHandlerv
                0x000000000800b528                _Z19CAN1_RX1_IRQHandlerv
                0x000000000800b528                _Z16EXTI3_IRQHandlerv
                0x000000000800b528                _Z22OTG_HS_WKUP_IRQHandlerv
                0x000000000800b528                _Z23DMA1_Stream1_IRQHandlerv
                0x000000000800b528                _Z14FPU_IRQHandlerv
                0x000000000800b528                _Z23DMA2_Stream0_IRQHandlerv
                0x000000000800b528                _Z14PVD_IRQHandlerv
                0x000000000800b528                _Z23DMA2_Stream2_IRQHandlerv
                0x000000000800b528                _Z23DMA1_Stream4_IRQHandlerv
                0x000000000800b528                _Z18I2C1_ER_IRQHandlerv
                0x000000000800b528                _Z15TIM3_IRQHandlerv
                0x000000000800b528                _Z23DMA2_Stream4_IRQHandlerv
                0x000000000800b528                _Z19CAN2_RX0_IRQHandlerv
                0x000000000800b528                _Z24TIM1_UP_TIM10_IRQHandlerv
                0x000000000800b528                _Z17OTG_FS_IRQHandlerv
                0x000000000800b528                _Z18I2C2_EV_IRQHandlerv
                0x000000000800b528                _Z14ETH_IRQHandlerv
                0x000000000800b528                _Z15SPI3_IRQHandlerv
                0x000000000800b528                _Z15TIM4_IRQHandlerv
                0x000000000800b528                _Z24OTG_HS_EP1_IN_IRQHandlerv
                0x000000000800b528                _Z16EXTI0_IRQHandlerv
                0x000000000800b528                _Z18EXTI9_5_IRQHandlerv
                0x000000000800b528                _Z15TIM7_IRQHandlerv
 .text._Z15program_startupv
                0x000000000800b52c       0x5c miosix/libmiosix.a(stage_1_boot.o)
                0x000000000800b52c                _Z15program_startupv
 .text._Z13Reset_Handlerv
                0x000000000800b588       0x24 miosix/libmiosix.a(stage_1_boot.o)
                0x000000000800b588                _Z13Reset_Handlerv
 .text._ZN6miosix8shutdownEv
                0x000000000800b5ac       0x28 miosix/libmiosix.a(bsp.o)
                0x000000000800b5ac                _ZN6miosix8shutdownEv
 .text._ZN6miosix6rebootEv
                0x000000000800b5d4       0x20 miosix/libmiosix.a(bsp.o)
                0x000000000800b5d4                _ZN6miosix6rebootEv
 .text._ZN6miosix10IRQbspInitEv
                0x000000000800b5f4       0xd4 miosix/libmiosix.a(bsp.o)
                0x000000000800b5f4                _ZN6miosix10IRQbspInitEv
 .text._ZN6miosix8bspInit2Ev
                0x000000000800b6c8       0xcc miosix/libmiosix.a(bsp.o)
                0x000000000800b6c8                _ZN6miosix8bspInit2Ev
 .text._Z17HardFault_Handlerv
                0x000000000800b794       0x3c miosix/libmiosix.a(interrupts_cortexMx.o)
                0x000000000800b794                _Z17HardFault_Handlerv
 .text._Z17MemManage_Handlerv
                0x000000000800b7d0       0x3c miosix/libmiosix.a(interrupts_cortexMx.o)
                0x000000000800b7d0                _Z17MemManage_Handlerv
 .text._Z16BusFault_Handlerv
                0x000000000800b80c       0x3c miosix/libmiosix.a(interrupts_cortexMx.o)
                0x000000000800b80c                _Z16BusFault_Handlerv
 .text._Z18UsageFault_Handlerv
                0x000000000800b848       0x3c miosix/libmiosix.a(interrupts_cortexMx.o)
                0x000000000800b848                _Z18UsageFault_Handlerv
 .text._Z19unexpectedInterruptv
                0x000000000800b884       0x64 miosix/libmiosix.a(interrupts_cortexMx.o)
                0x000000000800b884                _Z19unexpectedInterruptv
 .text._Z11NMI_Handlerv
                0x000000000800b8e8       0x64 miosix/libmiosix.a(interrupts_cortexMx.o)
                0x000000000800b8e8                _Z11NMI_Handlerv
 .text._ZL16printUnsignedIntj
                0x000000000800b94c       0x88 miosix/libmiosix.a(interrupts_cortexMx.o)
 .text._Z16DebugMon_Handlerv
                0x000000000800b9d4       0x70 miosix/libmiosix.a(interrupts_cortexMx.o)
                0x000000000800b9d4                _Z16DebugMon_Handlerv
 .text._Z14PendSV_Handlerv
                0x000000000800ba44       0x70 miosix/libmiosix.a(interrupts_cortexMx.o)
                0x000000000800ba44                _Z14PendSV_Handlerv
 .text._Z14HardFault_implv
                0x000000000800bab4      0x128 miosix/libmiosix.a(interrupts_cortexMx.o)
                0x000000000800bab4                _Z14HardFault_implv
 .text._Z14MemManage_implv
                0x000000000800bbdc      0x288 miosix/libmiosix.a(interrupts_cortexMx.o)
                0x000000000800bbdc                _Z14MemManage_implv
 .text._Z15UsageFault_implv
                0x000000000800be64      0x298 miosix/libmiosix.a(interrupts_cortexMx.o)
                0x000000000800be64                _Z15UsageFault_implv
 .text._Z13BusFault_implv
                0x000000000800c0fc      0x2e8 miosix/libmiosix.a(interrupts_cortexMx.o)
                0x000000000800c0fc                _Z13BusFault_implv
 .text._ZN6miosix11STM32Serial8IRQwriteEPKc
                0x000000000800c3e4       0x3c miosix/libmiosix.a(serial_stm32.o)
                0x000000000800c3e4                _ZN6miosix11STM32Serial8IRQwriteEPKc
 .text._ZN6miosix11STM32Serial5ioctlEiPv
                0x000000000800c420       0x5c miosix/libmiosix.a(serial_stm32.o)
                0x000000000800c420                _ZN6miosix11STM32Serial5ioctlEiPv
 .text._ZN6miosix11STM32Serial9readBlockEPvjx
                0x000000000800c47c       0xac miosix/libmiosix.a(serial_stm32.o)
                0x000000000800c47c                _ZN6miosix11STM32Serial9readBlockEPvjx
 .text._ZN6miosix11STM32SerialD2Ev
                0x000000000800c528      0x110 miosix/libmiosix.a(serial_stm32.o)
                0x000000000800c528                _ZN6miosix11STM32SerialD1Ev
                0x000000000800c528                _ZN6miosix11STM32SerialD2Ev
 .text._ZN6miosix11STM32SerialD0Ev
                0x000000000800c638       0x14 miosix/libmiosix.a(serial_stm32.o)
                0x000000000800c638                _ZN6miosix11STM32SerialD0Ev
 .text._Z17USART1_IRQHandlerv
                0x000000000800c64c       0x3c miosix/libmiosix.a(serial_stm32.o)
                0x000000000800c64c                _Z17USART1_IRQHandlerv
 .text._Z17USART2_IRQHandlerv
                0x000000000800c688       0x3c miosix/libmiosix.a(serial_stm32.o)
                0x000000000800c688                _Z17USART2_IRQHandlerv
 .text._Z17USART3_IRQHandlerv
                0x000000000800c6c4       0x3c miosix/libmiosix.a(serial_stm32.o)
                0x000000000800c6c4                _Z17USART3_IRQHandlerv
 .text._Z23DMA1_Stream6_IRQHandlerv
                0x000000000800c700       0x3c miosix/libmiosix.a(serial_stm32.o)
                0x000000000800c700                _Z23DMA1_Stream6_IRQHandlerv
 .text._Z23DMA1_Stream5_IRQHandlerv
                0x000000000800c73c       0x3c miosix/libmiosix.a(serial_stm32.o)
                0x000000000800c73c                _Z23DMA1_Stream5_IRQHandlerv
 .text._ZN6miosix11STM32Serial10commonInitEiiNS_7GpioPinES1_S1_S1_
                0x000000000800c778      0x1f0 miosix/libmiosix.a(serial_stm32.o)
                0x000000000800c778                _ZN6miosix11STM32Serial10commonInitEiiNS_7GpioPinES1_S1_S1_
 .text._ZN6miosix11STM32SerialC2EiiNS0_8FlowCtrlE
                0x000000000800c968      0x254 miosix/libmiosix.a(serial_stm32.o)
                0x000000000800c968                _ZN6miosix11STM32SerialC2EiiNS0_8FlowCtrlE
                0x000000000800c968                _ZN6miosix11STM32SerialC1EiiNS0_8FlowCtrlE
 .text._ZN6miosix11STM32Serial14IRQhandleDMAtxEv
                0x000000000800cbbc       0x38 miosix/libmiosix.a(serial_stm32.o)
                0x000000000800cbbc                _ZN6miosix11STM32Serial14IRQhandleDMAtxEv
 .text._Z15usart2txDmaImplv
                0x000000000800cbf4       0x1c miosix/libmiosix.a(serial_stm32.o)
                0x000000000800cbf4                _Z15usart2txDmaImplv
 .text._ZN6miosix11STM32Serial19waitDmaTxCompletionEv
                0x000000000800cc10       0x38 miosix/libmiosix.a(serial_stm32.o)
                0x000000000800cc10                _ZN6miosix11STM32Serial19waitDmaTxCompletionEv
 .text._ZN6miosix11STM32Serial8writeDmaEPKcj
                0x000000000800cc48       0x38 miosix/libmiosix.a(serial_stm32.o)
                0x000000000800cc48                _ZN6miosix11STM32Serial8writeDmaEPKcj
 .text._ZN6miosix11STM32Serial10writeBlockEPKvjx
                0x000000000800cc80       0xd0 miosix/libmiosix.a(serial_stm32.o)
                0x000000000800cc80                _ZN6miosix11STM32Serial10writeBlockEPKvjx
 .text._ZN6miosix11STM32Serial10IRQreadDmaEv
                0x000000000800cd50       0x80 miosix/libmiosix.a(serial_stm32.o)
                0x000000000800cd50                _ZN6miosix11STM32Serial10IRQreadDmaEv
 .text._ZN6miosix11STM32Serial14IRQhandleDMArxEv
                0x000000000800cdd0       0x3c miosix/libmiosix.a(serial_stm32.o)
                0x000000000800cdd0                _ZN6miosix11STM32Serial14IRQhandleDMArxEv
 .text._Z15usart2rxDmaImplv
                0x000000000800ce0c       0x10 miosix/libmiosix.a(serial_stm32.o)
                0x000000000800ce0c                _Z15usart2rxDmaImplv
 .text._ZN6miosix11STM32Serial18IRQhandleInterruptEv
                0x000000000800ce1c       0xa8 miosix/libmiosix.a(serial_stm32.o)
                0x000000000800ce1c                _ZN6miosix11STM32Serial18IRQhandleInterruptEv
 .text._Z13usart1irqImplv
                0x000000000800cec4       0x10 miosix/libmiosix.a(serial_stm32.o)
                0x000000000800cec4                _Z13usart1irqImplv
 .text._Z13usart2irqImplv
                0x000000000800ced4       0x10 miosix/libmiosix.a(serial_stm32.o)
                0x000000000800ced4                _Z13usart2irqImplv
 .text._Z13usart3irqImplv
                0x000000000800cee4       0x10 miosix/libmiosix.a(serial_stm32.o)
                0x000000000800cee4                _Z13usart3irqImplv
 .text._Z11SVC_Handlerv
                0x000000000800cef4       0x3c miosix/libmiosix.a(portability.o)
                0x000000000800cef4                _Z11SVC_Handlerv
 .text._ZN14miosix_private9ISR_yieldEv
                0x000000000800cf30       0x10 miosix/libmiosix.a(portability.o)
                0x000000000800cf30                _ZN14miosix_private9ISR_yieldEv
 .text._ZN14miosix_private15IRQsystemRebootEv
                0x000000000800cf40       0x24 miosix/libmiosix.a(portability.o)
                0x000000000800cf40                _ZN14miosix_private15IRQsystemRebootEv
 .text._ZN14miosix_private11initCtxsaveEPjPFPvS1_ES0_S1_
                0x000000000800cf64       0x38 miosix/libmiosix.a(portability.o)
                0x000000000800cf64                _ZN14miosix_private11initCtxsaveEPjPFPvS1_ES0_S1_
 .text._ZN14miosix_private22IRQportableStartKernelEv
                0x000000000800cf9c       0x4c miosix/libmiosix.a(portability.o)
                0x000000000800cf9c                _ZN14miosix_private22IRQportableStartKernelEv
 .text._ZN6miosix7delayMsEj
                0x000000000800cfe8       0x1c miosix/libmiosix.a(delays.o)
                0x000000000800cfe8                _ZN6miosix7delayMsEj
 .text._ZN6miosix7delayUsEj
                0x000000000800d004       0x10 miosix/libmiosix.a(delays.o)
                0x000000000800d004                _ZN6miosix7delayUsEj
 .text._ZN6miosix8GpioBase8modeImplEjhNS_4Mode5Mode_E
                0x000000000800d014       0x4c miosix/libmiosix.a(stm32_gpio.o)
                0x000000000800d014                _ZN6miosix8GpioBase8modeImplEjhNS_4Mode5Mode_E
 .text._ZN6miosix8GpioBase6afImplEjhh
                0x000000000800d060       0x4c miosix/libmiosix.a(stm32_gpio.o)
                0x000000000800d060                _ZN6miosix8GpioBase6afImplEjhh
 .text._ZN6miosix17intrusive_ref_ptrINS_10SDIODriverEED2Ev
                0x000000000800d0ac       0x2c miosix/libmiosix.a(sd_stm32f2_f4_f7.o)
                0x000000000800d0ac                _ZN6miosix17intrusive_ref_ptrINS_10SDIODriverEED2Ev
                0x000000000800d0ac                _ZN6miosix17intrusive_ref_ptrINS_10SDIODriverEED1Ev
 .text._ZN6miosixL22dmaTransferCommonSetupEPKh
                0x000000000800d0d8       0x44 miosix/libmiosix.a(sd_stm32f2_f4_f7.o)
 .text._ZN6miosix9FastMutexD2Ev
                0x000000000800d11c        0xc miosix/libmiosix.a(sd_stm32f2_f4_f7.o)
                0x000000000800d11c                _ZN6miosix9FastMutexD2Ev
                0x000000000800d11c                _ZN6miosix9FastMutexD1Ev
 .text._ZN6miosix10SDIODriverD2Ev
                0x000000000800d128       0x1c miosix/libmiosix.a(sd_stm32f2_f4_f7.o)
                0x000000000800d128                _ZN6miosix10SDIODriverD1Ev
                0x000000000800d128                _ZN6miosix10SDIODriverD2Ev
 .text._ZN6miosix10SDIODriverD0Ev
                0x000000000800d144       0x24 miosix/libmiosix.a(sd_stm32f2_f4_f7.o)
                0x000000000800d144                _ZN6miosix10SDIODriverD0Ev
 .text._ZN6miosix15BufferConverter13toWordAlignedEPKh.part.0
                0x000000000800d168       0x34 miosix/libmiosix.a(sd_stm32f2_f4_f7.o)
 .text._ZN6miosix9CmdResult18validateR1ResponseEv.part.0
                0x000000000800d19c       0x14 miosix/libmiosix.a(sd_stm32f2_f4_f7.o)
 .text._Z23DMA2_Stream3_IRQHandlerv
                0x000000000800d1b0       0x3c miosix/libmiosix.a(sd_stm32f2_f4_f7.o)
                0x000000000800d1b0                _Z23DMA2_Stream3_IRQHandlerv
 .text._Z15SDIO_IRQHandlerv
                0x000000000800d1ec       0x3c miosix/libmiosix.a(sd_stm32f2_f4_f7.o)
                0x000000000800d1ec                _Z15SDIO_IRQHandlerv
 .text._ZN6miosix12SDDMAirqImplEv
                0x000000000800d228       0x50 miosix/libmiosix.a(sd_stm32f2_f4_f7.o)
                0x000000000800d228                _ZN6miosix12SDDMAirqImplEv
 .text._ZN6miosix9SDirqImplEv
                0x000000000800d278       0x58 miosix/libmiosix.a(sd_stm32f2_f4_f7.o)
                0x000000000800d278                _ZN6miosix9SDirqImplEv
 .text._ZN6miosix15BufferConverter16toOriginalBufferEv
                0x000000000800d2d0       0x1c miosix/libmiosix.a(sd_stm32f2_f4_f7.o)
                0x000000000800d2d0                _ZN6miosix15BufferConverter16toOriginalBufferEv
 .text._ZN6miosix7Command4sendENS0_11CommandTypeEj
                0x000000000800d2ec      0x12c miosix/libmiosix.a(sd_stm32f2_f4_f7.o)
                0x000000000800d2ec                _ZN6miosix7Command4sendENS0_11CommandTypeEj
 .text._ZN6miosixL16waitForCardReadyEv
                0x000000000800d418       0x4c miosix/libmiosix.a(sd_stm32f2_f4_f7.o)
 .text._ZN6miosix10SDIODriver5ioctlEiPv
                0x000000000800d464       0x38 miosix/libmiosix.a(sd_stm32f2_f4_f7.o)
                0x000000000800d464                _ZN6miosix10SDIODriver5ioctlEiPv
 .text._ZN6miosix15ClockController19calibrateClockSpeedEPNS_10SDIODriverE
                0x000000000800d49c       0xd8 miosix/libmiosix.a(sd_stm32f2_f4_f7.o)
                0x000000000800d49c                _ZN6miosix15ClockController19calibrateClockSpeedEPNS_10SDIODriverE
 .text._ZN6miosix15ClockController16reduceClockSpeedEv
                0x000000000800d574       0x50 miosix/libmiosix.a(sd_stm32f2_f4_f7.o)
                0x000000000800d574                _ZN6miosix15ClockController16reduceClockSpeedEv
 .text._ZN6miosixL17multipleBlockReadEPhjj
                0x000000000800d5c4      0x138 miosix/libmiosix.a(sd_stm32f2_f4_f7.o)
 .text._ZN6miosix10SDIODriver9readBlockEPvjx
                0x000000000800d6fc      0x16c miosix/libmiosix.a(sd_stm32f2_f4_f7.o)
                0x000000000800d6fc                _ZN6miosix10SDIODriver9readBlockEPvjx
 .text._ZN6miosixL18multipleBlockWriteEPKhjj
                0x000000000800d868      0x190 miosix/libmiosix.a(sd_stm32f2_f4_f7.o)
 .text._ZN6miosix10SDIODriver10writeBlockEPKvjx
                0x000000000800d9f8      0x158 miosix/libmiosix.a(sd_stm32f2_f4_f7.o)
                0x000000000800d9f8                _ZN6miosix10SDIODriver10writeBlockEPKvjx
 .text._ZN6miosix10SDIODriverC2Ev
                0x000000000800db50      0x290 miosix/libmiosix.a(sd_stm32f2_f4_f7.o)
                0x000000000800db50                _ZN6miosix10SDIODriverC1Ev
                0x000000000800db50                _ZN6miosix10SDIODriverC2Ev
 .text._ZN6miosix10SDIODriver8instanceEv
                0x000000000800dde0      0x12c miosix/libmiosix.a(sd_stm32f2_f4_f7.o)
                0x000000000800dde0                _ZN6miosix10SDIODriver8instanceEv
 .text._ZN6miosix7getTimeEv
                0x000000000800df0c       0x44 miosix/libmiosix.a(stm32_32bit_os_timer.o)
                0x000000000800df0c                _ZN6miosix7getTimeEv
 .text._ZN6miosix10IRQgetTimeEv
                0x000000000800df50       0x40 miosix/libmiosix.a(stm32_32bit_os_timer.o)
                0x000000000800df50                _ZN6miosix10IRQgetTimeEv
 .text._ZN6miosix8internal14IRQosTimerInitEv
                0x000000000800df90       0xfc miosix/libmiosix.a(stm32_32bit_os_timer.o)
                0x000000000800df90                _ZN6miosix8internal14IRQosTimerInitEv
 .text._ZN6miosix8internal22IRQosTimerSetInterruptEx
                0x000000000800e08c       0x70 miosix/libmiosix.a(stm32_32bit_os_timer.o)
                0x000000000800e08c                _ZN6miosix8internal22IRQosTimerSetInterruptEx
 .text._ZN6miosix8internal19osTimerGetFrequencyEv
                0x000000000800e0fc       0x28 miosix/libmiosix.a(stm32_32bit_os_timer.o)
                0x000000000800e0fc                _ZN6miosix8internal19osTimerGetFrequencyEv
 .text._Z15TIM5_IRQHandlerv
                0x000000000800e124       0x3c miosix/libmiosix.a(stm32_32bit_os_timer.o)
                0x000000000800e124                _Z15TIM5_IRQHandlerv
 .text._Z11osTimerImplv
                0x000000000800e160       0xb8 miosix/libmiosix.a(stm32_32bit_os_timer.o)
                0x000000000800e160                _Z11osTimerImplv
 .text.startup._GLOBAL__sub_I__ZN6miosix7getTimeEv
                0x000000000800e218       0x24 miosix/libmiosix.a(stm32_32bit_os_timer.o)
 .text.SystemInit
                0x000000000800e23c       0xfc miosix/libmiosix.a(system_stm32f4xx.o)
                0x000000000800e23c                SystemInit
 .text._ZN6miosix11mul64x32d32Eyjj
                0x000000000800e338       0x28 miosix/libmiosix.a(timeconversion.o)
                0x000000000800e338                _ZN6miosix11mul64x32d32Eyjj
 .text._ZN6miosix14TimeConversion7ns2tickEx
                0x000000000800e360      0x168 miosix/libmiosix.a(timeconversion.o)
                0x000000000800e360                _ZN6miosix14TimeConversion7ns2tickEx
 .text._ZN6miosix14TimeConversionC2Ev
                0x000000000800e4c8       0x2c miosix/libmiosix.a(timeconversion.o)
                0x000000000800e4c8                _ZN6miosix14TimeConversionC2Ev
                0x000000000800e4c8                _ZN6miosix14TimeConversionC1Ev
 .text._ZNK6miosix14TimeConversion21computeRoundTripErrorEyi
                0x000000000800e4f4       0x50 miosix/libmiosix.a(timeconversion.o)
                0x000000000800e4f4                _ZNK6miosix14TimeConversion21computeRoundTripErrorEyi
 .text._ZN6miosix14TimeConversion27oneTimeOptimizeCoefficientsEv
                0x000000000800e544      0x190 miosix/libmiosix.a(timeconversion.o)
                0x000000000800e544                _ZN6miosix14TimeConversion27oneTimeOptimizeCoefficientsEv
 .text.unlikely._ZNSs4_Rep10_M_disposeERKSaIcE.isra.0.part.0
                0x000000000800e6d4       0x26 miosix/libmiosix.a(file_access.o)
 *fill*         0x000000000800e6fa        0x2 
 .text._ZN6miosix19FileDescriptorTable5closeEi
                0x000000000800e6fc       0x44 miosix/libmiosix.a(file_access.o)
                0x000000000800e6fc                _ZN6miosix19FileDescriptorTable5closeEi
 .text._ZN6miosix19FileDescriptorTable8closeAllEv
                0x000000000800e740       0x40 miosix/libmiosix.a(file_access.o)
                0x000000000800e740                _ZN6miosix19FileDescriptorTable8closeAllEv
 .text._ZN6miosix17FilesystemManager8instanceEv
                0x000000000800e780       0x64 miosix/libmiosix.a(file_access.o)
                0x000000000800e780                _ZN6miosix17FilesystemManager8instanceEv
 .text._ZN6miosix19FileDescriptorTableD2Ev
                0x000000000800e7e4       0x74 miosix/libmiosix.a(file_access.o)
                0x000000000800e7e4                _ZN6miosix19FileDescriptorTableD1Ev
                0x000000000800e7e4                _ZN6miosix19FileDescriptorTableD2Ev
 .text._ZN6miosix17FilesystemManager15getFilesystemIdEv
                0x000000000800e858       0x18 miosix/libmiosix.a(file_access.o)
                0x000000000800e858                _ZN6miosix17FilesystemManager15getFilesystemIdEv
 .text._ZN6miosix17intrusive_ref_ptrINS_14FilesystemBaseEEaSERKS2_
                0x000000000800e870       0x4c miosix/libmiosix.a(file_access.o)
                0x000000000800e870                _ZN6miosix17intrusive_ref_ptrINS_14FilesystemBaseEEaSERKS2_
 .text._ZNSs4swapERSs
                0x000000000800e8bc       0x2c miosix/libmiosix.a(file_access.o)
                0x000000000800e8bc                _ZNSs4swapERSs
 .text._ZN6miosix17intrusive_ref_ptrINS_5DevFsEE5resetEv
                0x000000000800e8e8       0x2c miosix/libmiosix.a(file_access.o)
                0x000000000800e8e8                _ZN6miosix17intrusive_ref_ptrINS_5DevFsEE5resetEv
 .text._ZNSt8_Rb_treeIN6miosix10StringPartESt4pairIKS1_NS0_17intrusive_ref_ptrINS0_14FilesystemBaseEEEESt10_Select1stIS7_ESt4lessIS1_ESaIS7_EE8_M_eraseEPSt13_Rb_tree_nodeIS7_E
                0x000000000800e914       0x4c miosix/libmiosix.a(file_access.o)
                0x000000000800e914                _ZNSt8_Rb_treeIN6miosix10StringPartESt4pairIKS1_NS0_17intrusive_ref_ptrINS0_14FilesystemBaseEEEESt10_Select1stIS7_ESt4lessIS1_ESaIS7_EE8_M_eraseEPSt13_Rb_tree_nodeIS7_E
 .text._ZN6miosix17FilesystemManagerD2Ev
                0x000000000800e960       0x3c miosix/libmiosix.a(file_access.o)
                0x000000000800e960                _ZN6miosix17FilesystemManagerD1Ev
                0x000000000800e960                _ZN6miosix17FilesystemManagerD2Ev
 .text._ZNKSt8_Rb_treeIN6miosix10StringPartESt4pairIKS1_NS0_17intrusive_ref_ptrINS0_14FilesystemBaseEEEESt10_Select1stIS7_ESt4lessIS1_ESaIS7_EE4findERS3_
                0x000000000800e99c       0x60 miosix/libmiosix.a(file_access.o)
                0x000000000800e99c                _ZNKSt8_Rb_treeIN6miosix10StringPartESt4pairIKS1_NS0_17intrusive_ref_ptrINS0_14FilesystemBaseEEEESt10_Select1stIS7_ESt4lessIS1_ESaIS7_EE4findERS3_
 .text._ZN6miosix14PathResolution15recursiveFindFsERSs
                0x000000000800e9fc       0xac miosix/libmiosix.a(file_access.o)
                0x000000000800e9fc                _ZN6miosix14PathResolution15recursiveFindFsERSs
 .text._ZNSt8_Rb_treeIN6miosix10StringPartESt4pairIKS1_NS0_17intrusive_ref_ptrINS0_14FilesystemBaseEEEESt10_Select1stIS7_ESt4lessIS1_ESaIS7_EE17_M_emplace_uniqueIJS2_IS1_S6_EEEES2_ISt17_Rb_tree_iteratorIS7_EbEDpOT_
                0x000000000800eaa8      0x180 miosix/libmiosix.a(file_access.o)
                0x000000000800eaa8                _ZNSt8_Rb_treeIN6miosix10StringPartESt4pairIKS1_NS0_17intrusive_ref_ptrINS0_14FilesystemBaseEEEESt10_Select1stIS7_ESt4lessIS1_ESaIS7_EE17_M_emplace_uniqueIJS2_IS1_S6_EEEES2_ISt17_Rb_tree_iteratorIS7_EbEDpOT_
 .text._ZNSs4_Rep9_S_createEjjRKSaIcE
                0x000000000800ec28       0x6c miosix/libmiosix.a(file_access.o)
                0x000000000800ec28                _ZNSs4_Rep9_S_createEjjRKSaIcE
 .text._ZNSsC2EPKcRKSaIcE
                0x000000000800ec94       0x6c miosix/libmiosix.a(file_access.o)
                0x000000000800ec94                _ZNSsC1EPKcRKSaIcE
                0x000000000800ec94                _ZNSsC2EPKcRKSaIcE
 .text._ZN6miosix19FileDescriptorTableC2Ev
                0x000000000800ed00      0x128 miosix/libmiosix.a(file_access.o)
                0x000000000800ed00                _ZN6miosix19FileDescriptorTableC2Ev
                0x000000000800ed00                _ZN6miosix19FileDescriptorTableC1Ev
 .text._ZN6miosix22getFileDescriptorTableEv
                0x000000000800ee28       0x60 miosix/libmiosix.a(file_access.o)
                0x000000000800ee28                _ZN6miosix22getFileDescriptorTableEv
 .text._ZN6miosix17FilesystemManager9umountAllEv
                0x000000000800ee88       0x3c miosix/libmiosix.a(file_access.o)
                0x000000000800ee88                _ZN6miosix17FilesystemManager9umountAllEv
 .text._ZNSs4_Rep8_M_cloneERKSaIcEj
                0x000000000800eec4       0x58 miosix/libmiosix.a(file_access.o)