Archive member included to satisfy reference by file (symbol)

mxgui/libmxgui.a(display.o)   main.o (_ZN5mxgui14DisplayManager10getDisplayEj)
mxgui/libmxgui.a(font.o)      mxgui/libmxgui.a(display.o) (_ZN5mxgui4Font15generatePaletteEPttt)
mxgui/libmxgui.a(misc_inst.o)
                              main.o (_ZN5mxgui6tahomaE)
mxgui/libmxgui.a(input.o)     main.o (_ZN5mxgui12InputHandler8instanceEv)
mxgui/libmxgui.a(display_st25dvdiscovery.o)
                              mxgui/libmxgui.a(display.o) (_ZN5mxgui19registerDisplayHookERNS_14DisplayManagerE)
mxgui/libmxgui.a(event_stm32f415vg_st25dvdiscovery.o)
                              mxgui/libmxgui.a(input.o) (_ZN5mxgui16InputHandlerImpl8getEventEv)
miosix/libmiosix.a(kernel.o)  mxgui/libmxgui.a(display_st25dvdiscovery.o) (_ZN6miosix6Thread5sleepEj)
miosix/libmiosix.a(sync.o)    mxgui/libmxgui.a(event_stm32f415vg_st25dvdiscovery.o) (_ZN6miosix9Semaphore9IRQsignalERb)
miosix/libmiosix.a(error.o)   miosix/libmiosix.a(kernel.o) (_ZN6miosix12errorHandlerENS_5ErrorE)
miosix/libmiosix.a(pthread.o)
                              mxgui/libmxgui.a(display.o) (pthread_mutexattr_init)
miosix/libmiosix.a(stage_2_boot.o)
                              miosix/libmiosix.a(kernel.o) (_ZN6miosix10mainLoaderEPv)
miosix/libmiosix.a(intrusive.o)
                              miosix/libmiosix.a(sync.o) (_ZN6miosix17IntrusiveListBase9push_backEPNS_17IntrusiveListItemE)
miosix/libmiosix.a(priority_scheduler.o)
                              miosix/libmiosix.a(kernel.o) (_ZN6miosix17PriorityScheduler11PKaddThreadEPNS_6ThreadENS_25PrioritySchedulerPriorityE)
miosix/libmiosix.a(console_device.o)
                              miosix/libmiosix.a(error.o) (_ZN6miosix14DefaultConsole8instanceEv)
miosix/libmiosix.a(devfs.o)   miosix/libmiosix.a(console_device.o) (_ZNK6miosix6Device5fstatEP4stat)
miosix/libmiosix.a(libc_integration.o)
                              miosix/libmiosix.a(kernel.o) (_ZN6miosix22setCReentrancyCallbackEPFP6_reentvE)
miosix/libmiosix.a(libstdcpp_integration.o)
                              mxgui/libmxgui.a(display.o) (__cxa_guard_acquire)
miosix/libmiosix.a(util.o)    miosix/libmiosix.a(stage_2_boot.o) (_ZN6miosix15MemoryProfiling11getHeapSizeEv)
miosix/libmiosix.a(unicode.o)
                              mxgui/libmxgui.a(font.o) (_ZN6miosix7Unicode15countCodePointsEPKc)
miosix/libmiosix.a(version.o)
                              miosix/libmiosix.a(stage_2_boot.o) (_ZN6miosix16getMiosixVersionEv)
miosix/libmiosix.a(stage_1_boot.o)
                              (_Z13Reset_Handlerv)
miosix/libmiosix.a(bsp.o)     miosix/libmiosix.a(stage_2_boot.o) (_ZN6miosix8shutdownEv)
miosix/libmiosix.a(interrupts_cortexMx.o)
                              miosix/libmiosix.a(stage_1_boot.o) (_Z17HardFault_Handlerv)
miosix/libmiosix.a(serial_stm32.o)
                              miosix/libmiosix.a(bsp.o) (_ZN6miosix11STM32SerialC1EiiNS0_8FlowCtrlE)
miosix/libmiosix.a(portability.o)
                              miosix/libmiosix.a(stage_1_boot.o) (_Z11SVC_Handlerv)
miosix/libmiosix.a(delays.o)  main.o (_ZN6miosix7delayMsEj)
miosix/libmiosix.a(stm32_gpio.o)
                              mxgui/libmxgui.a(display_st25dvdiscovery.o) (_ZN6miosix8GpioBase8modeImplEjhNS_4Mode5Mode_E)
miosix/libmiosix.a(sd_stm32f2_f4_f7.o)
                              miosix/libmiosix.a(bsp.o) (_ZN6miosix10SDIODriver8instanceEv)
miosix/libmiosix.a(stm32_32bit_os_timer.o)
                              mxgui/libmxgui.a(event_stm32f415vg_st25dvdiscovery.o) (_ZN6miosix7getTimeEv)
miosix/libmiosix.a(system_stm32f4xx.o)
                              miosix/libmiosix.a(stage_1_boot.o) (SystemInit)
miosix/libmiosix.a(timeconversion.o)
                              miosix/libmiosix.a(stm32_32bit_os_timer.o) (_ZN6miosix11mul64x32d32Eyjj)
miosix/libmiosix.a(file_access.o)
                              miosix/libmiosix.a(libc_integration.o) (_ZN6miosix19FileDescriptorTable5closeEi)
miosix/libmiosix.a(file.o)    miosix/libmiosix.a(devfs.o) (_ZNK6miosix8FileBase6isattyEv)
miosix/libmiosix.a(stringpart.o)
                              miosix/libmiosix.a(devfs.o) (_ZN6miosix10StringPartC1EPKc)
miosix/libmiosix.a(pipe.o)    miosix/libmiosix.a(file_access.o) (_ZN6miosix4PipeC1Ev)
miosix/libmiosix.a(mountpointfs.o)
                              miosix/libmiosix.a(file_access.o) (_ZTVN6miosix12MountpointFsE)
miosix/libmiosix.a(fat32.o)   miosix/libmiosix.a(file_access.o) (_ZN6miosix7Fat32FsC1ENS_17intrusive_ref_ptrINS_8FileBaseEEE)
miosix/libmiosix.a(ff.o)      miosix/libmiosix.a(fat32.o) (_Z10f_closedirP4DIR_)
miosix/libmiosix.a(diskio.o)  miosix/libmiosix.a(ff.o) (_Z9disk_readN6miosix17intrusive_ref_ptrINS_8FileBaseEEEPhmj)
miosix/libmiosix.a(wtoupper.o)
                              miosix/libmiosix.a(ff.o) (_Z11ff_wtouppert)
miosix/libmiosix.a(ccsbcs.o)  miosix/libmiosix.a(ff.o) (_Z10ff_converttj)
[...]
Memory Configuration

Name             Origin             Length             Attributes
flash            0x0000000008000000 0x0000000000100000 xr
smallram         0x0000000010000200 0x000000000000fe00 xw
largeram         0x0000000020000000 0x0000000000020000 xw
*default*        0x0000000000000000 0xffffffffffffffff

Linker script and memory map

                0x0000000000000200                _main_stack_size = 0x200
                0x0000000010000200                _main_stack_top = (0x10000000 + _main_stack_size)
                0x0000000000000001                ASSERT (((_main_stack_size % 0x8) == 0x0), MAIN stack size error)
                0x0000000020000000                _end = 0x20000000
                0x0000000020020000                _heap_end = 0x20020000
                0x0000000000000000                . = 0x0

.text           0x0000000008000000    0x2030c
 *(.isr_vector)
 .isr_vector    0x0000000008000000      0x188 miosix/libmiosix.a(stage_1_boot.o)
                0x0000000008000000                __Vectors
 *(.text)
 .text          0x0000000008000188       0x10 /opt/arm-miosix-eabi/bin/../lib/gcc/arm-miosix-eabi/9.2.0/../../../../arm-miosix-eabi/lib/thumb/cm4/hardfp/fpv4sp/libc.a(lib_a-abort.o)
                0x0000000008000188                abort
 .text          0x0000000008000198       0x48 /opt/arm-miosix-eabi/bin/../lib/gcc/arm-miosix-eabi/9.2.0/../../../../arm-miosix-eabi/lib/thumb/cm4/hardfp/fpv4sp/libc.a(lib_a-assert.o)
                0x0000000008000198                __assert_func
                0x00000000080001d4                __assert
 .text          0x00000000080001e0       0x1c /opt/arm-miosix-eabi/bin/../lib/gcc/arm-miosix-eabi/9.2.0/../../../../arm-miosix-eabi/lib/thumb/cm4/hardfp/fpv4sp/libc.a(lib_a-calloc.o)
                0x00000000080001e0                calloc
 .text          0x00000000080001fc       0x60 /opt/arm-miosix-eabi/bin/../lib/gcc/arm-miosix-eabi/9.2.0/../../../../arm-miosix-eabi/lib/thumb/cm4/hardfp/fpv4sp/libc.a(lib_a-callocr.o)
                0x00000000080001fc                _calloc_r
 .text          0x000000000800025c       0x14 /opt/arm-miosix-eabi/bin/../lib/gcc/arm-miosix-eabi/9.2.0/../../../../arm-miosix-eabi/lib/thumb/cm4/hardfp/fpv4sp/libc.a(lib_a-cxa_atexit.o)
                0x000000000800025c                __cxa_atexit
 .text          0x0000000008000270      0x2b4 /opt/arm-miosix-eabi/bin/../lib/gcc/arm-miosix-eabi/9.2.0/../../../../arm-miosix-eabi/lib/thumb/cm4/hardfp/fpv4sp/libc.a(lib_a-findfp.o)
                0x00000000080002c0                _cleanup_r
                0x0000000008000340                __sfmoreglue
                0x000000000800036c                _cleanup
                0x0000000008000378                __sinit
                0x00000000080003f4                __sfp
                0x00000000080004b4                __sfp_lock_acquire
                0x00000000080004c0                __sfp_lock_release
                0x00000000080004cc                __sinit_lock_acquire
                0x00000000080004d8                __sinit_lock_release
                0x00000000080004e4                __fp_lock_all
                0x0000000008000504                __fp_unlock_all
 .text          0x0000000008000524       0x48 /opt/arm-miosix-eabi/bin/../lib/gcc/arm-miosix-eabi/9.2.0/../../../../arm-miosix-eabi/lib/thumb/cm4/hardfp/fpv4sp/libc.a(lib_a-fiprintf.o)
                0x0000000008000524                _fiprintf_r
                0x0000000008000540                fiprintf
 .text          0x000000000800056c       0x88 /opt/arm-miosix-eabi/bin/../lib/gcc/arm-miosix-eabi/9.2.0/../../../../arm-miosix-eabi/lib/thumb/cm4/hardfp/fpv4sp/libc.a(lib_a-fwalk.o)
                0x000000000800056c                _fwalk
                0x00000000080005ac                _fwalk_reent
 .text          0x00000000080005f4       0x88 /opt/arm-miosix-eabi/bin/../lib/gcc/arm-miosix-eabi/9.2.0/../../../../arm-miosix-eabi/lib/thumb/cm4/hardfp/fpv4sp/libc.a(lib_a-mallinfor.o)
                0x00000000080005f4                __malloc_update_mallinfo
                0x0000000008000648                _mallinfo_r
 .text          0x000000000800067c       0x30 /opt/arm-miosix-eabi/bin/../lib/gcc/arm-miosix-eabi/9.2.0/../../../../arm-miosix-eabi/lib/thumb/cm4/hardfp/fpv4sp/libc.a(lib_a-malloc.o)
                0x000000000800067c                malloc
                0x0000000008000694                free
 .text          0x00000000080006ac      0x568 /opt/arm-miosix-eabi/bin/../lib/gcc/arm-miosix-eabi/9.2.0/../../../../arm-miosix-eabi/lib/thumb/cm4/hardfp/fpv4sp/libc.a(lib_a-mallocr.o)
                0x00000000080006ac                _malloc_r
 *fill*         0x0000000008000c14        0xc 
 .text          0x0000000008000c20       0xa0 /opt/arm-miosix-eabi/bin/../lib/gcc/arm-miosix-eabi/9.2.0/../../../../arm-miosix-eabi/lib/thumb/cm4/hardfp/fpv4sp/libc.a(lib_a-memchr.o)
                0x0000000008000c20                memchr
 .text          0x0000000008000cc0       0x60 /opt/arm-miosix-eabi/bin/../lib/gcc/arm-miosix-eabi/9.2.0/../../../../arm-miosix-eabi/lib/thumb/cm4/hardfp/fpv4sp/libc.a(lib_a-memcmp.o)
                0x0000000008000cc0                memcmp
 .text          0x0000000008000d20      0x134 /opt/arm-miosix-eabi/bin/../lib/gcc/arm-miosix-eabi/9.2.0/../../../../arm-miosix-eabi/lib/thumb/cm4/hardfp/fpv4sp/libc.a(lib_a-memcpy.o)
                0x0000000008000d20                memcpy
 .text          0x0000000008000e54       0xd8 /opt/arm-miosix-eabi/bin/../lib/gcc/arm-miosix-eabi/9.2.0/../../../../arm-miosix-eabi/lib/thumb/cm4/hardfp/fpv4sp/libc.a(lib_a-memmove.o)
                0x0000000008000e54                memmove
 .text          0x0000000008000f2c       0x84 /opt/arm-miosix-eabi/bin/../lib/gcc/arm-miosix-eabi/9.2.0/../../../../arm-miosix-eabi/lib/thumb/cm4/hardfp/fpv4sp/libc.a(lib_a-memrchr.o)
                0x0000000008000f2c                memrchr
 .text          0x0000000008000fb0       0xa0 /opt/arm-miosix-eabi/bin/../lib/gcc/arm-miosix-eabi/9.2.0/../../../../arm-miosix-eabi/lib/thumb/cm4/hardfp/fpv4sp/libc.a(lib_a-memset.o)
                0x0000000008000fb0                memset
 .text          0x0000000008001050       0x3c /opt/arm-miosix-eabi/bin/../lib/gcc/arm-miosix-eabi/9.2.0/../../../../arm-miosix-eabi/lib/thumb/cm4/hardfp/fpv4sp/libc.a(lib_a-raise.o)
                0x0000000008001050                raise
                0x0000000008001070                _raise_r
 .text          0x000000000800108c       0xc4 /opt/arm-miosix-eabi/bin/../lib/gcc/arm-miosix-eabi/9.2.0/../../../../arm-miosix-eabi/lib/thumb/cm4/hardfp/fpv4sp/libc.a(lib_a-rand.o)
                0x000000000800108c                srand
                0x00000000080010d8                rand
 .text          0x0000000008001150       0xe8 /opt/arm-miosix-eabi/bin/../lib/gcc/arm-miosix-eabi/9.2.0/../../../../arm-miosix-eabi/lib/thumb/cm4/hardfp/fpv4sp/libc.a(lib_a-reent.o)
                0x0000000008001150                cleanup_glue
                0x000000000800116c                _reclaim_reent
 .text          0x0000000008001238       0xc0 /opt/arm-miosix-eabi/bin/../lib/gcc/arm-miosix-eabi/9.2.0/../../../../arm-miosix-eabi/lib/thumb/cm4/hardfp/fpv4sp/libc.a(lib_a-stdio.o)
                0x0000000008001238                __sread
                0x0000000008001264                __seofread
                0x0000000008001268                __swrite
                0x00000000080012b0                __sseek
                0x00000000080012f0                __sclose
 .text          0x00000000080012f8       0xd0 /opt/arm-miosix-eabi/bin/../lib/gcc/arm-miosix-eabi/9.2.0/../../../../arm-miosix-eabi/lib/thumb/cm4/hardfp/fpv4sp/libc.a(lib_a-strchr.o)
                0x00000000080012f8                strchr
 *fill*         0x00000000080013c8       0x18 
 .text          0x00000000080013e0      0x2dc /opt/arm-miosix-eabi/bin/../lib/gcc/arm-miosix-eabi/9.2.0/../../../../arm-miosix-eabi/lib/thumb/cm4/hardfp/fpv4sp/libc.a(lib_a-strcmp.o)
                0x00000000080013e8                strcmp
 .text          0x00000000080016bc       0xbc /opt/arm-miosix-eabi/bin/../lib/gcc/arm-miosix-eabi/9.2.0/../../../../arm-miosix-eabi/lib/thumb/cm4/hardfp/fpv4sp/libc.a(lib_a-strcpy.o)
                0x00000000080016bc                strcpy
 *fill*         0x0000000008001778        0x8 
 .text          0x0000000008001780       0xdc /opt/arm-miosix-eabi/bin/../lib/gcc/arm-miosix-eabi/9.2.0/../../../../arm-miosix-eabi/lib/thumb/cm4/hardfp/fpv4sp/libc.a(lib_a-strlen.o)
                0x0000000008001780                strlen
 .text          0x000000000800185c       0x2c /opt/arm-miosix-eabi/bin/../lib/gcc/arm-miosix-eabi/9.2.0/../../../../arm-miosix-eabi/lib/thumb/cm4/hardfp/fpv4sp/libc.a(lib_a-time.o)
                0x000000000800185c                time
 .text          0x0000000008001888      0xe28 /opt/arm-miosix-eabi/bin/../lib/gcc/arm-miosix-eabi/9.2.0/../../../../arm-miosix-eabi/lib/thumb/cm4/hardfp/fpv4sp/libc.a(lib_a-vfiprintf.o)
                0x0000000008001900                __sprint_r
                0x0000000008001918                _vfiprintf_r
                0x000000000800261c                vfiprintf
 .text          0x00000000080026b0       0x28 /opt/arm-miosix-eabi/bin/../lib/gcc/arm-miosix-eabi/9.2.0/../../../../arm-miosix-eabi/lib/thumb/cm4/hardfp/fpv4sp/libc.a(lib_a-viprintf.o)
                0x00000000080026b0                viprintf
                0x00000000080026cc                _viprintf_r
 .text          0x00000000080026d8       0xcc /opt/arm-miosix-eabi/bin/../lib/gcc/arm-miosix-eabi/9.2.0/../../../../arm-miosix-eabi/lib/thumb/cm4/hardfp/fpv4sp/libc.a(lib_a-wsetup.o)
                0x00000000080026d8                __swsetup_r
 .text          0x00000000080027a4      0x108 /opt/arm-miosix-eabi/bin/../lib/gcc/arm-miosix-eabi/9.2.0/../../../../arm-miosix-eabi/lib/thumb/cm4/hardfp/fpv4sp/libc.a(lib_a-fclose.o)
                0x00000000080027a4                _fclose_r
                0x0000000008002894                fclose
 .text          0x00000000080028ac      0x1f4 /opt/arm-miosix-eabi/bin/../lib/gcc/arm-miosix-eabi/9.2.0/../../../../arm-miosix-eabi/lib/thumb/cm4/hardfp/fpv4sp/libc.a(lib_a-fflush.o)
                0x00000000080028ac                __sflush_r
                0x00000000080029fc                _fflush_r
                0x0000000008002a78                fflush
 .text          0x0000000008002aa0      0x158 /opt/arm-miosix-eabi/bin/../lib/gcc/arm-miosix-eabi/9.2.0/../../../../arm-miosix-eabi/lib/thumb/cm4/hardfp/fpv4sp/libc.a(lib_a-fputwc.o)
                0x0000000008002aa0                __fputwc
                0x0000000008002b48                _fputwc_r
                0x0000000008002bc0                fputwc
 .text          0x0000000008002bf8      0x2b4 /opt/arm-miosix-eabi/bin/../lib/gcc/arm-miosix-eabi/9.2.0/../../../../arm-miosix-eabi/lib/thumb/cm4/hardfp/fpv4sp/libc.a(lib_a-freer.o)
                0x0000000008002bf8                _malloc_trim_r
                0x0000000008002c98                _free_r
 .text          0x0000000008002eac      0x2f4 /opt/arm-miosix-eabi/bin/../lib/gcc/arm-miosix-eabi/9.2.0/../../../../arm-miosix-eabi/lib/thumb/cm4/hardfp/fpv4sp/libc.a(lib_a-fvwrite.o)
                0x0000000008002eac                __sfvwrite_r
 .text          0x00000000080031a0       0x60 /opt/arm-miosix-eabi/bin/../lib/gcc/arm-miosix-eabi/9.2.0/../../../../arm-miosix-eabi/lib/thumb/cm4/hardfp/fpv4sp/libc.a(lib_a-locale.o)
                0x00000000080031a0                _setlocale_r
                0x00000000080031e0                __locale_mb_cur_max
                0x00000000080031e4                setlocale
 .text          0x0000000008003200      0x110 /opt/arm-miosix-eabi/bin/../lib/gcc/arm-miosix-eabi/9.2.0/../../../../arm-miosix-eabi/lib/thumb/cm4/hardfp/fpv4sp/libc.a(lib_a-makebuf.o)
                0x0000000008003200                __swhatbuf_r
                0x0000000008003278                __smakebuf_r
 .text          0x0000000008003310       0x40 /opt/arm-miosix-eabi/bin/../lib/gcc/arm-miosix-eabi/9.2.0/../../../../arm-miosix-eabi/lib/thumb/cm4/hardfp/fpv4sp/libc.a(lib_a-mbtowc_r.o)
                0x0000000008003310                _mbtowc_r
                0x0000000008003324                __ascii_mbtowc
 .text          0x0000000008003350      0x37c /opt/arm-miosix-eabi/bin/../lib/gcc/arm-miosix-eabi/9.2.0/../../../../arm-miosix-eabi/lib/thumb/cm4/hardfp/fpv4sp/libc.a(lib_a-reallocr.o)
                0x0000000008003350                _realloc_r
 .text          0x00000000080036cc       0xcc /opt/arm-miosix-eabi/bin/../lib/gcc/arm-miosix-eabi/9.2.0/../../../../arm-miosix-eabi/lib/thumb/cm4/hardfp/fpv4sp/libc.a(lib_a-wbuf.o)
                0x00000000080036cc                __swbuf_r
                0x000000000800377c                __swbuf
 .text          0x0000000008003798       0x80 /opt/arm-miosix-eabi/bin/../lib/gcc/arm-miosix-eabi/9.2.0/../../../../arm-miosix-eabi/lib/thumb/cm4/hardfp/fpv4sp/libc.a(lib_a-wcrtomb.o)
                0x0000000008003798                _wcrtomb_r
                0x00000000080037cc                wcrtomb
 .text          0x0000000008003818       0x30 /opt/arm-miosix-eabi/bin/../lib/gcc/arm-miosix-eabi/9.2.0/../../../../arm-miosix-eabi/lib/thumb/cm4/hardfp/fpv4sp/libc.a(lib_a-wctomb_r.o)
                0x0000000008003818                _wctomb_r
                0x000000000800382c                __ascii_wctomb
 .text          0x0000000008003848       0xa0 /opt/arm-miosix-eabi/bin/../lib/gcc/arm-miosix-eabi/9.2.0/thumb/cm4/hardfp/fpv4sp/libgcc.a(_aeabi_ldivmod.o)
                0x0000000008003848                __aeabi_ldivmod
 .text          0x00000000080038e8       0x30 /opt/arm-miosix-eabi/bin/../lib/gcc/arm-miosix-eabi/9.2.0/thumb/cm4/hardfp/fpv4sp/libgcc.a(_aeabi_uldivmod.o)
                0x00000000080038e8                __aeabi_uldivmod
 .text          0x0000000008003918      0x2c4 /opt/arm-miosix-eabi/bin/../lib/gcc/arm-miosix-eabi/9.2.0/thumb/cm4/hardfp/fpv4sp/libgcc.a(_udivmoddi4.o)
                0x0000000008003918                __udivmoddi4
 .text          0x0000000008003bdc      0x9b4 /opt/arm-miosix-eabi/bin/../lib/gcc/arm-miosix-eabi/9.2.0/thumb/cm4/hardfp/fpv4sp/libgcc.a(unwind-arm.o)
                0x0000000008003e68                _Unwind_GetCFA
                0x0000000008003e6c                __gnu_Unwind_RaiseException
                0x0000000008003ecc                __gnu_Unwind_ForcedUnwind
                0x0000000008003ee0                __gnu_Unwind_Resume
                0x0000000008003f24                __gnu_Unwind_Resume_or_Rethrow
                0x0000000008003f34                _Unwind_Complete
                0x0000000008003f38                _Unwind_DeleteException
                0x0000000008003f44                _Unwind_VRS_Get
                0x0000000008003f8c                _Unwind_VRS_Set
                0x0000000008003fd4                __gnu_Unwind_Backtrace
                0x000000000800430c                __aeabi_unwind_cpp_pr0
                0x0000000008004310                __aeabi_unwind_cpp_pr1
                0x0000000008004314                __aeabi_unwind_cpp_pr2
                0x0000000008004318                _Unwind_VRS_Pop
 .text          0x0000000008004590      0x1ac /opt/arm-miosix-eabi/bin/../lib/gcc/arm-miosix-eabi/9.2.0/thumb/cm4/hardfp/fpv4sp/libgcc.a(libunwind.o)
                0x0000000008004590                __restore_core_regs
                0x0000000008004590                restore_core_regs
                0x00000000080045a8                __gnu_Unwind_Restore_VFP
                0x00000000080045b0                __gnu_Unwind_Save_VFP
                0x00000000080045b8                __gnu_Unwind_Restore_VFP_D
                0x00000000080045c0                __gnu_Unwind_Save_VFP_D
                0x00000000080045c8                __gnu_Unwind_Restore_VFP_D_16_to_31
                0x00000000080045d0                __gnu_Unwind_Save_VFP_D_16_to_31
                0x00000000080045d8                __gnu_Unwind_Restore_WMMXD
                0x000000000800461c                __gnu_Unwind_Save_WMMXD
                0x0000000008004660                __gnu_Unwind_Restore_WMMXC
                0x0000000008004674                __gnu_Unwind_Save_WMMXC
                0x0000000008004688                ___Unwind_RaiseException
                0x0000000008004688                _Unwind_RaiseException
                0x00000000080046ac                ___Unwind_Resume
                0x00000000080046ac                _Unwind_Resume
                0x00000000080046d0                _Unwind_Resume_or_Rethrow
                0x00000000080046d0                ___Unwind_Resume_or_Rethrow
                0x00000000080046f4                ___Unwind_ForcedUnwind
                0x00000000080046f4                _Unwind_ForcedUnwind
                0x0000000008004718                _Unwind_Backtrace
                0x0000000008004718                ___Unwind_Backtrace
 .text          0x000000000800473c      0x348 /opt/arm-miosix-eabi/bin/../lib/gcc/arm-miosix-eabi/9.2.0/thumb/cm4/hardfp/fpv4sp/libgcc.a(pr-support.o)
                0x0000000008004794                __gnu_unwind_execute
                0x0000000008004a30                __gnu_unwind_frame
                0x0000000008004a5c                _Unwind_GetRegionStart
                0x0000000008004a68                _Unwind_GetLanguageSpecificData
                0x0000000008004a7c                _Unwind_GetDataRelBase
 .text          0x0000000008004a84        0x4 /opt/arm-miosix-eabi/bin/../lib/gcc/arm-miosix-eabi/9.2.0/thumb/cm4/hardfp/fpv4sp/libgcc.a(_dvmd_tls.o)
                0x0000000008004a84                __aeabi_ldiv0
                0x0000000008004a84                __aeabi_idiv0
 *(.text.*)
 .text._ZNSt6vectorIiSaIiEE17_M_realloc_insertIJiEEEvN9__gnu_cxx17__normal_iteratorIPiS1_EEDpOT_
                0x0000000008004a88       0xcc main.o
                0x0000000008004a88                _ZNSt6vectorIiSaIiEE17_M_realloc_insertIJiEEEvN9__gnu_cxx17__normal_iteratorIPiS1_EEDpOT_
 .text._ZNSt6vectorIiSaIiEE12emplace_backIJiEEEvDpOT_
                0x0000000008004b54       0x20 main.o
                0x0000000008004b54                _ZNSt6vectorIiSaIiEE12emplace_backIJiEEEvDpOT_
 .text._ZN9SimonGame3runEv
                0x0000000008004b74      0x630 main.o
                0x0000000008004b74                _ZN9SimonGame3runEv
 .text._ZNSt6vectorI9ColorAreaSaIS0_EE17_M_realloc_insertIJS0_EEEvN9__gnu_cxx17__normal_iteratorIPS0_S2_EEDpOT_
                0x00000000080051a4       0xf0 main.o
                0x00000000080051a4                _ZNSt6vectorI9ColorAreaSaIS0_EE17_M_realloc_insertIJS0_EEEvN9__gnu_cxx17__normal_iteratorIPS0_S2_EEDpOT_
 .text._ZNSt6vectorI9ColorAreaSaIS0_EE12emplace_backIJS0_EEEvDpOT_
                0x0000000008005294       0x28 main.o
                0x0000000008005294                _ZNSt6vectorI9ColorAreaSaIS0_EE12emplace_backIJS0_EEEvDpOT_
 .text._ZNSt6vectorI11InvalidAreaSaIS0_EE17_M_realloc_insertIJS0_EEEvN9__gnu_cxx17__normal_iteratorIPS0_S2_EEDpOT_
                0x00000000080052bc       0xcc main.o
                0x00000000080052bc                _ZNSt6vectorI11InvalidAreaSaIS0_EE17_M_realloc_insertIJS0_EEEvN9__gnu_cxx17__normal_iteratorIPS0_S2_EEDpOT_
 .text._ZNSt6vectorI11InvalidAreaSaIS0_EE12emplace_backIJS0_EEEvDpOT_
                0x0000000008005388       0x28 main.o
                0x0000000008005388                _ZNSt6vectorI11InvalidAreaSaIS0_EE12emplace_backIJS0_EEEvDpOT_
 .text._ZN9SimonGameC2ERN5mxgui7DisplayERNS0_12InputHandlerE
                0x00000000080053b0      0x188 main.o
                0x00000000080053b0                _ZN9SimonGameC2ERN5mxgui7DisplayERNS0_12InputHandlerE
                0x00000000080053b0                _ZN9SimonGameC1ERN5mxgui7DisplayERNS0_12InputHandlerE
 .text.startup.main
                0x0000000008005538       0x40 main.o
                0x0000000008005538                main
 .text._ZN5mxgui7Display6updateEv
                0x0000000008005578        0x4 mxgui/libmxgui.a(display.o)
                0x0000000008005578                _ZN5mxgui7Display6updateEv
 .text._ZN5mxgui14DisplayManagerD2Ev
                0x000000000800557c       0x10 mxgui/libmxgui.a(display.o)
                0x000000000800557c                _ZN5mxgui14DisplayManagerD2Ev
                0x000000000800557c                _ZN5mxgui14DisplayManagerD1Ev
 .text._ZN5mxgui14DisplayManager10getDisplayEj
                0x000000000800558c       0x3c mxgui/libmxgui.a(display.o)
                0x000000000800558c                _ZN5mxgui14DisplayManager10getDisplayEj
 .text._ZN5mxgui14DisplayManagerC2Ev
                0x00000000080055c8       0x28 mxgui/libmxgui.a(display.o)
                0x00000000080055c8                _ZN5mxgui14DisplayManagerC2Ev
                0x00000000080055c8                _ZN5mxgui14DisplayManagerC1Ev
 .text._ZN5mxgui14DisplayManager8instanceEv
                0x00000000080055f0       0x50 mxgui/libmxgui.a(display.o)
                0x00000000080055f0                _ZN5mxgui14DisplayManager8instanceEv
 .text._ZN5mxgui7DisplayC2Ev
                0x0000000008005640       0x4c mxgui/libmxgui.a(display.o)
                0x0000000008005640                _ZN5mxgui7DisplayC2Ev
                0x0000000008005640                _ZN5mxgui7DisplayC1Ev
 .text._ZN5mxgui7Display12setTextColorESt4pairIttE
                0x000000000800568c       0x10 mxgui/libmxgui.a(display.o)
                0x000000000800568c                _ZN5mxgui7Display12setTextColorESt4pairIttE
 .text._ZN5mxgui7Display7setFontERKNS_4FontE
                0x000000000800569c       0x14 mxgui/libmxgui.a(display.o)
                0x000000000800569c                _ZN5mxgui7Display7setFontERKNS_4FontE
 .text._ZN5mxgui7DisplayD2Ev
                0x00000000080056b0        0x4 mxgui/libmxgui.a(display.o)
                0x00000000080056b0                _ZN5mxgui7DisplayD1Ev
                0x00000000080056b0                _ZN5mxgui7DisplayD2Ev
 .text._ZNSt6vectorIPN5mxgui7DisplayESaIS2_EE17_M_realloc_insertIJRKS2_EEEvN9__gnu_cxx17__normal_iteratorIPS2_S4_EEDpOT_
                0x00000000080056b4       0xcc mxgui/libmxgui.a(display.o)
                0x00000000080056b4                _ZNSt6vectorIPN5mxgui7DisplayESaIS2_EE17_M_realloc_insertIJRKS2_EEEvN9__gnu_cxx17__normal_iteratorIPS2_S4_EEDpOT_
 .text._ZN5mxgui14DisplayManager15registerDisplayEPNS_7DisplayE
                0x0000000008005780       0x48 mxgui/libmxgui.a(display.o)
                0x0000000008005780                _ZN5mxgui14DisplayManager15registerDisplayEPNS_7DisplayE
 .text._ZNK5mxgui4Font19getVirtualCodepointEDi
                0x00000000080057c8       0x44 mxgui/libmxgui.a(font.o)
                0x00000000080057c8                _ZNK5mxgui4Font19getVirtualCodepointEDi
 .text._ZN5mxgui4Font15generatePaletteEPttt
                0x000000000800580c       0x5c mxgui/libmxgui.a(font.o)
                0x000000000800580c                _ZN5mxgui4Font15generatePaletteEPttt
 .text._ZN5mxgui12InputHandler8instanceEv
                0x0000000008005868       0x64 mxgui/libmxgui.a(input.o)
                0x0000000008005868                _ZN5mxgui12InputHandler8instanceEv
 .text._ZN5mxgui12InputHandler8popEventEv
                0x00000000080058cc       0x10 mxgui/libmxgui.a(input.o)
                0x00000000080058cc                _ZN5mxgui12InputHandler8popEventEv
 .text._ZN5mxgui11DisplayImpl15doSetBrightnessEi
                0x00000000080058dc        0x4 mxgui/libmxgui.a(display_st25dvdiscovery.o)
                0x00000000080058dc                _ZN5mxgui11DisplayImpl15doSetBrightnessEi
 .text._ZNK5mxgui11DisplayImpl9doGetSizeEv
                0x00000000080058e0        0xc mxgui/libmxgui.a(display_st25dvdiscovery.o)
                0x00000000080058e0                _ZNK5mxgui11DisplayImpl9doGetSizeEv
 .text._ZN5mxgui11DisplayImpl5clearEt
                0x00000000080058ec       0x1c mxgui/libmxgui.a(display_st25dvdiscovery.o)
                0x00000000080058ec                _ZN5mxgui11DisplayImpl5clearEt
 .text._ZN5mxgui11DisplayImpl10beginPixelEv
                0x0000000008005908        0x4 mxgui/libmxgui.a(display_st25dvdiscovery.o)
                0x0000000008005908                _ZN5mxgui11DisplayImpl10beginPixelEv
 .text._ZN5mxgui11DisplayImpl14scanLineBufferENS_5PointEt
                0x000000000800590c       0x18 mxgui/libmxgui.a(display_st25dvdiscovery.o)
                0x000000000800590c                _ZN5mxgui11DisplayImpl14scanLineBufferENS_5PointEt
 .text._ZN5mxgui11DisplayImpl13drawRectangleENS_5PointES1_t
                0x0000000008005924       0x7c mxgui/libmxgui.a(display_st25dvdiscovery.o)
                0x0000000008005924                _ZN5mxgui11DisplayImpl13drawRectangleENS_5PointES1_t
 .text._ZNK5mxgui16basic_image_baseItE7getDataEv
                0x00000000080059a0        0x4 mxgui/libmxgui.a(display_st25dvdiscovery.o)
                0x00000000080059a0                _ZNK5mxgui16basic_image_baseItE7getDataEv
 .text._ZN5mxgui11DisplayImplD2Ev
                0x00000000080059a4       0x20 mxgui/libmxgui.a(display_st25dvdiscovery.o)
                0x00000000080059a4                _ZN5mxgui11DisplayImplD2Ev
                0x00000000080059a4                _ZN5mxgui11DisplayImplD1Ev
 .text._ZN5mxgui11DisplayImplD0Ev
                0x00000000080059c4       0x14 mxgui/libmxgui.a(display_st25dvdiscovery.o)
                0x00000000080059c4                _ZN5mxgui11DisplayImplD0Ev
 .text._ZN5mxgui11DisplayImpl17getScanLineBufferEv
                0x00000000080059d8       0x44 mxgui/libmxgui.a(display_st25dvdiscovery.o)
                0x00000000080059d8                _ZN5mxgui11DisplayImpl17getScanLineBufferEv
 .text._ZN5mxgui7sendCmdEhiz
                0x0000000008005a1c       0x6c mxgui/libmxgui.a(display_st25dvdiscovery.o)
                0x0000000008005a1c                _ZN5mxgui7sendCmdEhiz
 .text._ZN5mxgui11DisplayImpl8doTurnOnEv
                0x0000000008005a88        0x8 mxgui/libmxgui.a(display_st25dvdiscovery.o)
                0x0000000008005a88                _ZN5mxgui11DisplayImpl8doTurnOnEv
 .text._ZN5mxgui11DisplayImpl9doTurnOffEv
                0x0000000008005a90        0x8 mxgui/libmxgui.a(display_st25dvdiscovery.o)
                0x0000000008005a90                _ZN5mxgui11DisplayImpl9doTurnOffEv
 .text._ZN5mxgui11DisplayImpl8setPixelENS_5PointEt
                0x0000000008005a98       0x50 mxgui/libmxgui.a(display_st25dvdiscovery.o)
                0x0000000008005a98                _ZN5mxgui11DisplayImpl8setPixelENS_5PointEt
 .text._ZN5mxgui11DisplayImpl8scanLineENS_5PointEPKtt
                0x0000000008005ae8       0xac mxgui/libmxgui.a(display_st25dvdiscovery.o)
                0x0000000008005ae8                _ZN5mxgui11DisplayImpl8scanLineENS_5PointEPKtt
 .text._ZN5mxgui11DisplayImpl5clearENS_5PointES1_t
                0x0000000008005b94       0xd0 mxgui/libmxgui.a(display_st25dvdiscovery.o)
                0x0000000008005b94                _ZN5mxgui11DisplayImpl5clearENS_5PointES1_t
 .text._ZN5mxgui11DisplayImpl5beginENS_5PointES1_17IteratorDirection
                0x0000000008005c64       0xc8 mxgui/libmxgui.a(display_st25dvdiscovery.o)
                0x0000000008005c64                _ZN5mxgui11DisplayImpl5beginENS_5PointES1_17IteratorDirection
 .text._ZN5mxgui11DisplayImplC2Ev
                0x0000000008005d2c      0x2b8 mxgui/libmxgui.a(display_st25dvdiscovery.o)
                0x0000000008005d2c                _ZN5mxgui11DisplayImplC2Ev
                0x0000000008005d2c                _ZN5mxgui11DisplayImplC1Ev
 .text._ZN5mxgui11DisplayImpl8instanceEv
                0x0000000008005fe4       0x50 mxgui/libmxgui.a(display_st25dvdiscovery.o)
                0x0000000008005fe4                _ZN5mxgui11DisplayImpl8instanceEv
 .text._ZN5mxgui19registerDisplayHookERNS_14DisplayManagerE
                0x0000000008006034       0x14 mxgui/libmxgui.a(display_st25dvdiscovery.o)
                0x0000000008006034                _ZN5mxgui19registerDisplayHookERNS_14DisplayManagerE
 .text._ZN5mxgui4Line4drawINS_11DisplayImplEEEvRT_NS_5PointES5_t
                0x0000000008006048      0x1c8 mxgui/libmxgui.a(display_st25dvdiscovery.o)
                0x0000000008006048                _ZN5mxgui4Line4drawINS_11DisplayImplEEEvRT_NS_5PointES5_t
 .text._ZN5mxgui11DisplayImpl4lineENS_5PointES1_t
                0x0000000008006210      0x18c mxgui/libmxgui.a(display_st25dvdiscovery.o)
                0x0000000008006210                _ZN5mxgui11DisplayImpl4lineENS_5PointES1_t
 .text._ZNK5mxgui16basic_image_baseItE4drawINS_11DisplayImplEEEvRT_NS_5PointE
                0x000000000800639c      0x108 mxgui/libmxgui.a(display_st25dvdiscovery.o)
                0x000000000800639c                _ZNK5mxgui16basic_image_baseItE4drawINS_11DisplayImplEEEvRT_NS_5PointE
 .text._ZN5mxgui11DisplayImpl9drawImageENS_5PointERKNS_16basic_image_baseItEE
                0x00000000080064a4      0x114 mxgui/libmxgui.a(display_st25dvdiscovery.o)
                0x00000000080064a4                _ZN5mxgui11DisplayImpl9drawImageENS_5PointERKNS_16basic_image_baseItEE
 .text._ZNK5mxgui16basic_image_baseItE11clippedDrawINS_11DisplayImplEEEvRT_NS_5PointES6_S6_
                0x00000000080065b8      0x1e0 mxgui/libmxgui.a(display_st25dvdiscovery.o)
                0x00000000080065b8                _ZNK5mxgui16basic_image_baseItE11clippedDrawINS_11DisplayImplEEEvRT_NS_5PointES6_S6_
 .text._ZN5mxgui11DisplayImpl16clippedDrawImageENS_5PointES1_S1_RKNS_16basic_image_baseItEE
                0x0000000008006798       0x20 mxgui/libmxgui.a(display_st25dvdiscovery.o)
                0x0000000008006798                _ZN5mxgui11DisplayImpl16clippedDrawImageENS_5PointES1_S1_RKNS_16basic_image_baseItEE
 .text._ZN6miosix7Unicode8nextUtf8IPKcEEDiRT_S4_b
                0x00000000080067b8       0xb8 mxgui/libmxgui.a(display_st25dvdiscovery.o)
                0x00000000080067b8                _ZN6miosix7Unicode8nextUtf8IPKcEEDiRT_S4_b
 .text._ZNK5mxgui4Font13drawingEngineINS_11DisplayImplEyNS0_24VariableWidthGlyphLookupENS0_13GlyphDrawerAAEEEvNT_14pixel_iteratorEssPtPKc
                0x0000000008006870       0xcc mxgui/libmxgui.a(display_st25dvdiscovery.o)
                0x0000000008006870                _ZNK5mxgui4Font13drawingEngineINS_11DisplayImplEyNS0_24VariableWidthGlyphLookupENS0_13GlyphDrawerAAEEEvNT_14pixel_iteratorEssPtPKc
 .text._ZNK5mxgui4Font4drawINS_11DisplayImplEEEvRT_PtNS_5PointEPKc
                0x000000000800693c      0x47c mxgui/libmxgui.a(display_st25dvdiscovery.o)
                0x000000000800693c                _ZNK5mxgui4Font4drawINS_11DisplayImplEEEvRT_PtNS_5PointEPKc
 .text._ZN5mxgui11DisplayImpl5writeENS_5PointEPKc
                0x0000000008006db8       0x1c mxgui/libmxgui.a(display_st25dvdiscovery.o)
                0x0000000008006db8                _ZN5mxgui11DisplayImpl5writeENS_5PointEPKc
 .text._ZNK5mxgui4Font20drawingEngineClippedINS_11DisplayImplEtNS0_21FixedWidthGlyphLookupENS0_11GlyphDrawerEEEvRT_NS_5PointES7_S7_PtPKc
                0x0000000008006dd4      0x1d4 mxgui/libmxgui.a(display_st25dvdiscovery.o)
                0x0000000008006dd4                _ZNK5mxgui4Font20drawingEngineClippedINS_11DisplayImplEtNS0_21FixedWidthGlyphLookupENS0_11GlyphDrawerEEEvRT_NS_5PointES7_S7_PtPKc
 .text._ZNK5mxgui4Font20drawingEngineClippedINS_11DisplayImplEtNS0_24VariableWidthGlyphLookupENS0_11GlyphDrawerEEEvRT_NS_5PointES7_S7_PtPKc
                0x0000000008006fa8      0x1d4 mxgui/libmxgui.a(display_st25dvdiscovery.o)
                0x0000000008006fa8                _ZNK5mxgui4Font20drawingEngineClippedINS_11DisplayImplEtNS0_24VariableWidthGlyphLookupENS0_11GlyphDrawerEEEvRT_NS_5PointES7_S7_PtPKc
 .text._ZNK5mxgui4Font20drawingEngineClippedINS_11DisplayImplEjNS0_24VariableWidthGlyphLookupENS0_13GlyphDrawerAAEEEvRT_NS_5PointES7_S7_PtPKc
                0x000000000800717c      0x1e4 mxgui/libmxgui.a(display_st25dvdiscovery.o)
                0x000000000800717c                _ZNK5mxgui4Font20drawingEngineClippedINS_11DisplayImplEjNS0_24VariableWidthGlyphLookupENS0_13GlyphDrawerAAEEEvRT_NS_5PointES7_S7_PtPKc
 .text._ZNK5mxgui4Font20drawingEngineClippedINS_11DisplayImplEjNS0_21FixedWidthGlyphLookupENS0_11GlyphDrawerEEEvRT_NS_5PointES7_S7_PtPKc
                0x0000000008007360      0x1d4 mxgui/libmxgui.a(display_st25dvdiscovery.o)
                0x0000000008007360                _ZNK5mxgui4Font20drawingEngineClippedINS_11DisplayImplEjNS0_21FixedWidthGlyphLookupENS0_11GlyphDrawerEEEvRT_NS_5PointES7_S7_PtPKc
 .text._ZNK5mxgui4Font20drawingEngineClippedINS_11DisplayImplEjNS0_24VariableWidthGlyphLookupENS0_11GlyphDrawerEEEvRT_NS_5PointES7_S7_PtPKc
                0x0000000008007534      0x1d4 mxgui/libmxgui.a(display_st25dvdiscovery.o)
                0x0000000008007534                _ZNK5mxgui4Font20drawingEngineClippedINS_11DisplayImplEjNS0_24VariableWidthGlyphLookupENS0_11GlyphDrawerEEEvRT_NS_5PointES7_S7_PtPKc
 .text._ZNK5mxgui4Font20drawingEngineClippedINS_11DisplayImplEyNS0_24VariableWidthGlyphLookupENS0_13GlyphDrawerAAEEEvRT_NS_5PointES7_S7_PtPKc
                0x0000000008007708      0x24c mxgui/libmxgui.a(display_st25dvdiscovery.o)
                0x0000000008007708                _ZNK5mxgui4Font20drawingEngineClippedINS_11DisplayImplEyNS0_24VariableWidthGlyphLookupENS0_13GlyphDrawerAAEEEvRT_NS_5PointES7_S7_PtPKc
 .text._ZNK5mxgui4Font11clippedDrawINS_11DisplayImplEEEvRT_PtNS_5PointES6_S6_PKc
                0x0000000008007954      0x138 mxgui/libmxgui.a(display_st25dvdiscovery.o)
                0x0000000008007954                _ZNK5mxgui4Font11clippedDrawINS_11DisplayImplEEEvRT_PtNS_5PointES6_S6_PKc
 .text._ZN5mxgui11DisplayImpl12clippedWriteENS_5PointES1_S1_PKc
                0x0000000008007a8c       0x24 mxgui/libmxgui.a(display_st25dvdiscovery.o)
                0x0000000008007a8c                _ZN5mxgui11DisplayImpl12clippedWriteENS_5PointES1_S1_PKc
 .text._ZNSt8functionIFvvEED2Ev
                0x0000000008007ab0       0x14 mxgui/libmxgui.a(event_stm32f415vg_st25dvdiscovery.o)
                0x0000000008007ab0                _ZNSt8functionIFvvEED1Ev
                0x0000000008007ab0                _ZNSt8functionIFvvEED2Ev
 .text._ZN6miosix11SoftwareI2CINS_4GpioILj1073873920ELh7EEENS1_ILj1073873920ELh6EEELj50ELb0EE22waitForClockStretchingEv.part.0
                0x0000000008007ac4       0x28 mxgui/libmxgui.a(event_stm32f415vg_st25dvdiscovery.o)
 .text._ZN5mxguiL8callbackENS_5EventE
                0x0000000008007aec       0x6c mxgui/libmxgui.a(event_stm32f415vg_st25dvdiscovery.o)
 .text._Z18EXTI9_5_IRQHandlerv
                0x0000000008007b58       0x3c mxgui/libmxgui.a(event_stm32f415vg_st25dvdiscovery.o)
                0x0000000008007b58                _Z18EXTI9_5_IRQHandlerv
 .text.EXTI9_5_HandlerImpl
                0x0000000008007b94       0x38 mxgui/libmxgui.a(event_stm32f415vg_st25dvdiscovery.o)
                0x0000000008007b94                EXTI9_5_HandlerImpl
 .text._ZN5mxgui16InputHandlerImpl8popEventEv
                0x0000000008007bcc       0x64 mxgui/libmxgui.a(event_stm32f415vg_st25dvdiscovery.o)
                0x0000000008007bcc                _ZN5mxgui16InputHandlerImpl8popEventEv
 .text._ZN6miosix11SoftwareI2CINS_4GpioILj1073873920ELh7EEENS1_ILj1073873920ELh6EEELj50ELb0EE9sendStartEv
                0x0000000008007c30       0x24 mxgui/libmxgui.a(event_stm32f415vg_st25dvdiscovery.o)
                0x0000000008007c30                _ZN6miosix11SoftwareI2CINS_4GpioILj1073873920ELh7EEENS1_ILj1073873920ELh6EEELj50ELb0EE9sendStartEv
 .text._ZN6miosix11SoftwareI2CINS_4GpioILj1073873920ELh7EEENS1_ILj1073873920ELh6EEELj50ELb0EE4sendEh
                0x0000000008007c54       0xc4 mxgui/libmxgui.a(event_stm32f415vg_st25dvdiscovery.o)
                0x0000000008007c54                _ZN6miosix11SoftwareI2CINS_4GpioILj1073873920ELh7EEENS1_ILj1073873920ELh6EEELj50ELb0EE4sendEh
 .text._ZN6miosix11SoftwareI2CINS_4GpioILj1073873920ELh7EEENS1_ILj1073873920ELh6EEELj50ELb0EE8sendStopEv
                0x0000000008007d18       0x38 mxgui/libmxgui.a(event_stm32f415vg_st25dvdiscovery.o)
                0x0000000008007d18                _ZN6miosix11SoftwareI2CINS_4GpioILj1073873920ELh7EEENS1_ILj1073873920ELh6EEELj50ELb0EE8sendStopEv
 .text._ZN5mxgui16InputHandlerImplC2Ev
                0x0000000008007d50      0x20c mxgui/libmxgui.a(event_stm32f415vg_st25dvdiscovery.o)
                0x0000000008007d50                _ZN5mxgui16InputHandlerImplC2Ev
                0x0000000008007d50                _ZN5mxgui16InputHandlerImplC1Ev
 .text._ZN6miosix11SoftwareI2CINS_4GpioILj1073873920ELh7EEENS1_ILj1073873920ELh6EEELj50ELb0EE11recvWithAckEv
                0x0000000008007f5c       0x84 mxgui/libmxgui.a(event_stm32f415vg_st25dvdiscovery.o)
                0x0000000008007f5c                _ZN6miosix11SoftwareI2CINS_4GpioILj1073873920ELh7EEENS1_ILj1073873920ELh6EEELj50ELb0EE11recvWithAckEv
 .text._ZN6miosix11SoftwareI2CINS_4GpioILj1073873920ELh7EEENS1_ILj1073873920ELh6EEELj50ELb0EE12recvWithNackEv
                0x0000000008007fe0       0x7c mxgui/libmxgui.a(event_stm32f415vg_st25dvdiscovery.o)
                0x0000000008007fe0                _ZN6miosix11SoftwareI2CINS_4GpioILj1073873920ELh7EEENS1_ILj1073873920ELh6EEELj50ELb0EE12recvWithNackEv
 .text._ZN5mxguiL11eventThreadEPv
                0x000000000800805c      0x7a8 mxgui/libmxgui.a(event_stm32f415vg_st25dvdiscovery.o)
 .text.startup._GLOBAL__sub_I__Z18EXTI9_5_IRQHandlerv
                0x0000000008008804       0x58 mxgui/libmxgui.a(event_stm32f415vg_st25dvdiscovery.o)
 .text._ZN6miosixL20IRQaddToSleepingListEPNS_9SleepDataE.constprop.0
                0x000000000800885c       0x4c miosix/libmiosix.a(kernel.o)
 .text._Z8errorLogPKcz
                0x00000000080088a8       0x1c miosix/libmiosix.a(kernel.o)
                0x00000000080088a8                _Z8errorLogPKcz
 .text._ZN6miosix17disableInterruptsEv
                0x00000000080088c4       0x24 miosix/libmiosix.a(kernel.o)
                0x00000000080088c4                _ZN6miosix17disableInterruptsEv
 .text._ZN6miosix16enableInterruptsEv
                0x00000000080088e8       0x28 miosix/libmiosix.a(kernel.o)
                0x00000000080088e8                _ZN6miosix16enableInterruptsEv
 .text._ZN6miosix11pauseKernelEv
                0x0000000008008910       0x28 miosix/libmiosix.a(kernel.o)
                0x0000000008008910                _ZN6miosix11pauseKernelEv
 .text._ZN6miosix13restartKernelEv
                0x0000000008008938       0x40 miosix/libmiosix.a(kernel.o)
                0x0000000008008938                _ZN6miosix13restartKernelEv
 .text._ZN6miosix10idleThreadEPv
                0x0000000008008978       0x28 miosix/libmiosix.a(kernel.o)
                0x0000000008008978                _ZN6miosix10idleThreadEPv
 .text._ZN6miosix20areInterruptsEnabledEv
                0x00000000080089a0        0xc miosix/libmiosix.a(kernel.o)
                0x00000000080089a0                _ZN6miosix20areInterruptsEnabledEv
 .text._ZN6miosix13deepSleepLockEv
                0x00000000080089ac        0x4 miosix/libmiosix.a(kernel.o)
                0x00000000080089ac                _ZN6miosix13deepSleepLockEv
 .text._ZN6miosix15deepSleepUnlockEv
                0x00000000080089b0        0x4 miosix/libmiosix.a(kernel.o)
                0x00000000080089b0                _ZN6miosix15deepSleepUnlockEv
 .text._ZN6miosix14IRQwakeThreadsEx
                0x00000000080089b4       0x64 miosix/libmiosix.a(kernel.o)
                0x00000000080089b4                _ZN6miosix14IRQwakeThreadsEx
 .text._ZN6miosix6Thread5yieldEv
                0x0000000008008a18        0x8 miosix/libmiosix.a(kernel.o)
                0x0000000008008a18                _ZN6miosix6Thread5yieldEv
 .text._ZN6miosix6Thread14nanoSleepUntilEx
                0x0000000008008a20       0x70 miosix/libmiosix.a(kernel.o)
                0x0000000008008a20                _ZN6miosix6Thread14nanoSleepUntilEx
 .text._ZN6miosix6Thread5sleepEj
                0x0000000008008a90       0x1c miosix/libmiosix.a(kernel.o)
                0x0000000008008a90                _ZN6miosix6Thread5sleepEj
 .text._ZN6miosix6Thread7IRQwaitEv
                0x0000000008008aac       0x14 miosix/libmiosix.a(kernel.o)
                0x0000000008008aac                _ZN6miosix6Thread7IRQwaitEv
 .text._ZN6miosix6Thread9IRQwakeupEv
                0x0000000008008ac0        0xc miosix/libmiosix.a(kernel.o)
                0x0000000008008ac0                _ZN6miosix6Thread9IRQwakeupEv
 .text._ZN6miosix6Thread11getPriorityEv
                0x0000000008008acc        0x4 miosix/libmiosix.a(kernel.o)
                0x0000000008008acc                _ZN6miosix6Thread11getPriorityEv
 .text._ZN6miosix6Thread21IRQstackOverflowCheckEv
                0x0000000008008ad0       0x3c miosix/libmiosix.a(kernel.o)
                0x0000000008008ad0                _ZN6miosix6Thread21IRQstackOverflowCheckEv
 .text._ZN6miosix6ThreadC2EPjjb
                0x0000000008008b0c       0x88 miosix/libmiosix.a(kernel.o)
                0x0000000008008b0c                _ZN6miosix6ThreadC2EPjjb
                0x0000000008008b0c                _ZN6miosix6ThreadC1EPjjb
 .text._ZN6miosix6ThreadD2Ev
                0x0000000008008b94       0x38 miosix/libmiosix.a(kernel.o)
                0x0000000008008b94                _ZN6miosix6ThreadD1Ev
                0x0000000008008b94                _ZN6miosix6ThreadD2Ev
 .text._ZN6miosix6Thread8doCreateEPFPvS1_EjS1_tb
                0x0000000008008bcc       0x90 miosix/libmiosix.a(kernel.o)
                0x0000000008008bcc                _ZN6miosix6Thread8doCreateEPFPvS1_EjS1_tb
 .text._ZN6miosix6Thread6createEPFPvS1_EjNS_25PrioritySchedulerPriorityES1_t
                0x0000000008008c5c       0x64 miosix/libmiosix.a(kernel.o)
                0x0000000008008c5c                _ZN6miosix6Thread6createEPFPvS1_EjNS_25PrioritySchedulerPriorityES1_t
 .text._ZN6miosix6Thread6createEPFvPvEjNS_25PrioritySchedulerPriorityES1_t
                0x0000000008008cc0       0x10 miosix/libmiosix.a(kernel.o)
                0x0000000008008cc0                _ZN6miosix6Thread6createEPFvPvEjNS_25PrioritySchedulerPriorityES1_t
 .text._ZN6miosix6Thread14threadLauncherEPFPvS1_ES1_
                0x0000000008008cd0       0x98 miosix/libmiosix.a(kernel.o)
                0x0000000008008cd0                _ZN6miosix6Thread14threadLauncherEPFPvS1_ES1_
 .text._ZN6miosix6Thread23IRQenableIrqAndWaitImplEv
                0x0000000008008d68       0x34 miosix/libmiosix.a(kernel.o)
                0x0000000008008d68                _ZN6miosix6Thread23IRQenableIrqAndWaitImplEv
 .text._ZN6miosix6Thread28IRQenableIrqAndTimedWaitImplEx
                0x0000000008008d9c       0x80 miosix/libmiosix.a(kernel.o)
                0x0000000008008d9c                _ZN6miosix6Thread28IRQenableIrqAndTimedWaitImplEx
 .text._ZN6miosix6Thread18allocateIdleThreadEv
                0x0000000008008e1c       0x3c miosix/libmiosix.a(kernel.o)
                0x0000000008008e1c                _ZN6miosix6Thread18allocateIdleThreadEv
 .text._ZN6miosix6Thread19IRQgetCurrentThreadEv
                0x0000000008008e58       0x10 miosix/libmiosix.a(kernel.o)
                0x0000000008008e58                _ZN6miosix6Thread19IRQgetCurrentThreadEv
 .text._ZN6miosix6Thread9getCReentEv
                0x0000000008008e68       0x1c miosix/libmiosix.a(kernel.o)
                0x0000000008008e68                _ZN6miosix6Thread9getCReentEv
 .text._ZN6miosix11startKernelEv
                0x0000000008008e84       0x68 miosix/libmiosix.a(kernel.o)
                0x0000000008008e84                _ZN6miosix11startKernelEv
 .text.startup._GLOBAL__sub_I_ctxsave
                0x0000000008008eec       0x10 miosix/libmiosix.a(kernel.o)
 .text._ZN6miosix9FastMutexC2ENS0_7OptionsE
                0x0000000008008efc       0x3c miosix/libmiosix.a(sync.o)
                0x0000000008008efc                _ZN6miosix9FastMutexC2ENS0_7OptionsE
                0x0000000008008efc                _ZN6miosix9FastMutexC1ENS0_7OptionsE
 .text._ZN6miosix9Semaphore9IRQsignalERb
                0x0000000008008f38       0x44 miosix/libmiosix.a(sync.o)
                0x0000000008008f38                _ZN6miosix9Semaphore9IRQsignalERb
 .text._ZN6miosix9Semaphore9timedWaitEx
                0x0000000008008f7c       0x7c miosix/libmiosix.a(sync.o)
                0x0000000008008f7c                _ZN6miosix9Semaphore9timedWaitEx
 .text._ZN6miosix17intrusive_ref_ptrINS_6DeviceEE5resetEv
                0x0000000008008ff8       0x2c miosix/libmiosix.a(error.o)
                0x0000000008008ff8                _ZN6miosix17intrusive_ref_ptrINS_6DeviceEE5resetEv
 .text._ZN6miosix12errorHandlerENS_5ErrorE
                0x0000000008009024      0x25c miosix/libmiosix.a(error.o)
                0x0000000008009024                _ZN6miosix12errorHandlerENS_5ErrorE
 .text.pthread_mutexattr_init
                0x0000000008009280        0x8 miosix/libmiosix.a(pthread.o)
                0x0000000008009280                pthread_mutexattr_init
 .text.pthread_mutexattr_destroy
                0x0000000008009288        0x4 miosix/libmiosix.a(pthread.o)
                0x0000000008009288                pthread_mutexattr_destroy
 .text.pthread_mutexattr_settype
                0x000000000800928c       0x14 miosix/libmiosix.a(pthread.o)
                0x000000000800928c                pthread_mutexattr_settype
 .text.pthread_mutex_init
                0x00000000080092a0       0x24 miosix/libmiosix.a(pthread.o)
                0x00000000080092a0                pthread_mutex_init
 .text.pthread_mutex_destroy
                0x00000000080092c4        0xc miosix/libmiosix.a(pthread.o)
                0x00000000080092c4                pthread_mutex_destroy
 .text.pthread_mutex_lock
                0x00000000080092d0       0x74 miosix/libmiosix.a(pthread.o)
                0x00000000080092d0                pthread_mutex_lock
 .text.pthread_mutex_unlock
                0x0000000008009344       0x50 miosix/libmiosix.a(pthread.o)
                0x0000000008009344                pthread_mutex_unlock
 .text.pthread_setcancelstate
                0x0000000008009394        0x4 miosix/libmiosix.a(pthread.o)
                0x0000000008009394                pthread_setcancelstate
 .text._Z7bootlogPKcz
                0x0000000008009398       0x1c miosix/libmiosix.a(stage_2_boot.o)
                0x0000000008009398                _Z7bootlogPKcz
 .text._ZN6miosix10mainLoaderEPv
                0x00000000080093b4      0x110 miosix/libmiosix.a(stage_2_boot.o)
                0x00000000080093b4                _ZN6miosix10mainLoaderEPv
 .text._init    0x00000000080094c4       0xa8 miosix/libmiosix.a(stage_2_boot.o)
                0x00000000080094c4                _init
 .text._ZN6miosix17IntrusiveListBase9push_backEPNS_17IntrusiveListItemE
                0x000000000800956c       0x14 miosix/libmiosix.a(intrusive.o)
                0x000000000800956c                _ZN6miosix17IntrusiveListBase9push_backEPNS_17IntrusiveListItemE
 .text._ZN6miosix17IntrusiveListBase10push_frontEPNS_17IntrusiveListItemE
                0x0000000008009580       0x14 miosix/libmiosix.a(intrusive.o)
                0x0000000008009580                _ZN6miosix17IntrusiveListBase10push_frontEPNS_17IntrusiveListItemE
 .text._ZN6miosix17IntrusiveListBase9pop_frontEv
                0x0000000008009594       0x14 miosix/libmiosix.a(intrusive.o)
                0x0000000008009594                _ZN6miosix17IntrusiveListBase9pop_frontEv
 .text._ZN6miosix17IntrusiveListBase6insertEPNS_17IntrusiveListItemES2_
                0x00000000080095a8       0x20 miosix/libmiosix.a(intrusive.o)
                0x00000000080095a8                _ZN6miosix17IntrusiveListBase6insertEPNS_17IntrusiveListItemES2_
 .text._ZN6miosix17IntrusiveListBase5eraseEPNS_17IntrusiveListItemE
                0x00000000080095c8       0x2c miosix/libmiosix.a(intrusive.o)
                0x00000000080095c8                _ZN6miosix17IntrusiveListBase5eraseEPNS_17IntrusiveListItemE
 .text._ZN6miosixL20IRQsetNextPreemptionEb
                0x00000000080095f4       0x60 miosix/libmiosix.a(priority_scheduler.o)
 .text._ZN6miosix17PriorityScheduler11PKaddThreadEPNS_6ThreadENS_25PrioritySchedulerPriorityE
                0x0000000008009654       0x30 miosix/libmiosix.a(priority_scheduler.o)
                0x0000000008009654                _ZN6miosix17PriorityScheduler11PKaddThreadEPNS_6ThreadENS_25PrioritySchedulerPriorityE
 .text._ZN6miosix17PriorityScheduler19PKremoveDeadThreadsEv
                0x0000000008009684       0xb0 miosix/libmiosix.a(priority_scheduler.o)
                0x0000000008009684                _ZN6miosix17PriorityScheduler19PKremoveDeadThreadsEv
 .text._ZN6miosix17PriorityScheduler16IRQsetIdleThreadEPNS_6ThreadE
                0x0000000008009734       0x10 miosix/libmiosix.a(priority_scheduler.o)
                0x0000000008009734                _ZN6miosix17PriorityScheduler16IRQsetIdleThreadEPNS_6ThreadE
 .text._ZN6miosix17PriorityScheduler20IRQgetNextPreemptionEv
                0x0000000008009744        0xc miosix/libmiosix.a(priority_scheduler.o)
                0x0000000008009744                _ZN6miosix17PriorityScheduler20IRQgetNextPreemptionEv
 .text._ZN6miosix17PriorityScheduler17IRQfindNextThreadEv
                0x0000000008009750       0x78 miosix/libmiosix.a(priority_scheduler.o)
                0x0000000008009750                _ZN6miosix17PriorityScheduler17IRQfindNextThreadEv
 .text._ZN6miosix14TerminalDevice5lseekExi
                0x00000000080097c8        0xc miosix/libmiosix.a(console_device.o)
                0x00000000080097c8                _ZN6miosix14TerminalDevice5lseekExi
 .text._ZN6miosix14TerminalDevice9ftruncateEx
                0x00000000080097d4        0x8 miosix/libmiosix.a(console_device.o)
                0x00000000080097d4                _ZN6miosix14TerminalDevice9ftruncateEx
 .text._ZNK6miosix14TerminalDevice6isattyEv
                0x00000000080097dc        0x8 miosix/libmiosix.a(console_device.o)
                0x00000000080097dc                _ZNK6miosix14TerminalDevice6isattyEv
 .text._ZNK6miosix14TerminalDevice5fstatEP4stat
                0x00000000080097e4        0x8 miosix/libmiosix.a(console_device.o)
                0x00000000080097e4                _ZNK6miosix14TerminalDevice5fstatEP4stat
 .text._ZN6miosix14TerminalDevice5writeEPKvj
                0x00000000080097ec       0xa4 miosix/libmiosix.a(console_device.o)
                0x00000000080097ec                _ZN6miosix14TerminalDevice5writeEPKvj
 .text._ZN6miosix14TerminalDevice5ioctlEiPv
                0x0000000008009890       0x68 miosix/libmiosix.a(console_device.o)
                0x0000000008009890                _ZN6miosix14TerminalDevice5ioctlEiPv
 .text._ZN6miosix14DefaultConsoleD2Ev
                0x00000000080098f8       0x2c miosix/libmiosix.a(console_device.o)
                0x00000000080098f8                _ZN6miosix14DefaultConsoleD2Ev
                0x00000000080098f8                _ZN6miosix14DefaultConsoleD1Ev
 .text._ZN6miosix14TerminalDeviceD0Ev
                0x0000000008009924       0x48 miosix/libmiosix.a(console_device.o)
                0x0000000008009924                _ZN6miosix14TerminalDeviceD0Ev
 .text._ZN6miosix14TerminalDeviceD2Ev
                0x000000000800996c       0x40 miosix/libmiosix.a(console_device.o)
                0x000000000800996c                _ZN6miosix14TerminalDeviceD1Ev
                0x000000000800996c                _ZN6miosix14TerminalDeviceD2Ev
 .text._ZN6miosix14TerminalDeviceC2ENS_17intrusive_ref_ptrINS_6DeviceEEE
                0x00000000080099ac       0xcc miosix/libmiosix.a(console_device.o)
                0x00000000080099ac                _ZN6miosix14TerminalDeviceC2ENS_17intrusive_ref_ptrINS_6DeviceEEE
                0x00000000080099ac                _ZN6miosix14TerminalDeviceC1ENS_17intrusive_ref_ptrINS_6DeviceEEE
 .text._ZN6miosix14TerminalDevice8echoBackEPKcS2_j
                0x0000000008009a78       0x4c miosix/libmiosix.a(console_device.o)
                0x0000000008009a78                _ZN6miosix14TerminalDevice8echoBackEPKcS2_j
 .text._ZN6miosix14TerminalDevice9normalizeEPcii
                0x0000000008009ac4       0xf8 miosix/libmiosix.a(console_device.o)
                0x0000000008009ac4                _ZN6miosix14TerminalDevice9normalizeEPcii
 .text._ZN6miosix14TerminalDevice4readEPvj
                0x0000000008009bbc       0xb0 miosix/libmiosix.a(console_device.o)
                0x0000000008009bbc                _ZN6miosix14TerminalDevice4readEPvj
 .text._ZN6miosix14DefaultConsole6IRQsetENS_17intrusive_ref_ptrINS_6DeviceEEE
                0x0000000008009c6c       0x74 miosix/libmiosix.a(console_device.o)
                0x0000000008009c6c                _ZN6miosix14DefaultConsole6IRQsetENS_17intrusive_ref_ptrINS_6DeviceEEE
 .text._ZN6miosix14DefaultConsoleC2Ev
                0x0000000008009ce0       0x34 miosix/libmiosix.a(console_device.o)
                0x0000000008009ce0                _ZN6miosix14DefaultConsoleC2Ev
                0x0000000008009ce0                _ZN6miosix14DefaultConsoleC1Ev
 .text._ZN6miosix14DefaultConsole8instanceEv
                0x0000000008009d14       0x50 miosix/libmiosix.a(console_device.o)
                0x0000000008009d14                _ZN6miosix14DefaultConsole8instanceEv
 .text._ZN6miosix9DevFsFile5lseekExi
                0x0000000008009d64       0x54 miosix/libmiosix.a(devfs.o)
                0x0000000008009d64                _ZN6miosix9DevFsFile5lseekExi
 .text._ZN6miosix9DevFsFile9ftruncateEx
                0x0000000008009db8        0x8 miosix/libmiosix.a(devfs.o)
                0x0000000008009db8                _ZN6miosix9DevFsFile9ftruncateEx
 .text._ZNK6miosix6Device6isattyEv
                0x0000000008009dc0        0x4 miosix/libmiosix.a(devfs.o)
                0x0000000008009dc0                _ZNK6miosix6Device6isattyEv
 .text._ZN6miosix6Device10writeBlockEPKvjx
                0x0000000008009dc4        0x4 miosix/libmiosix.a(devfs.o)
                0x0000000008009dc4                _ZN6miosix6Device10writeBlockEPKvjx
 .text._ZN6miosix6Device8IRQwriteEPKc
                0x0000000008009dc8        0x4 miosix/libmiosix.a(devfs.o)
                0x0000000008009dc8                _ZN6miosix6Device8IRQwriteEPKc
 .text._ZN6miosix6Device5ioctlEiPv
                0x0000000008009dcc        0x8 miosix/libmiosix.a(devfs.o)
                0x0000000008009dcc                _ZN6miosix6Device5ioctlEiPv
 .text._ZN6miosix6DeviceD2Ev
                0x0000000008009dd4        0x4 miosix/libmiosix.a(devfs.o)
                0x0000000008009dd4                _ZN6miosix6DeviceD1Ev
                0x0000000008009dd4                _ZN6miosix6DeviceD2Ev
 .text._ZN6miosix5DevFs8truncateERNS_10StringPartEx
                0x0000000008009dd8        0x8 miosix/libmiosix.a(devfs.o)
                0x0000000008009dd8                _ZN6miosix5DevFs8truncateERNS_10StringPartEx
 .text._ZN6miosix5DevFs5mkdirERNS_10StringPartEi
                0x0000000008009de0        0x8 miosix/libmiosix.a(devfs.o)
                0x0000000008009de0                _ZN6miosix5DevFs5mkdirERNS_10StringPartEi
 .text._ZN6miosix5DevFs5rmdirERNS_10StringPartE
                0x0000000008009de8        0x8 miosix/libmiosix.a(devfs.o)
                0x0000000008009de8                _ZN6miosix5DevFs5rmdirERNS_10StringPartE
 .text._ZN6miosix6DeviceD0Ev
                0x0000000008009df0       0x10 miosix/libmiosix.a(devfs.o)
                0x0000000008009df0                _ZN6miosix6DeviceD0Ev
 .text._ZN6miosix6Device9readBlockEPvjx
                0x0000000008009e00       0x10 miosix/libmiosix.a(devfs.o)
                0x0000000008009e00                _ZN6miosix6Device9readBlockEPvjx
 .text._ZNK6miosix9DevFsFile5fstatEP4stat
                0x0000000008009e10       0x34 miosix/libmiosix.a(devfs.o)
                0x0000000008009e10                _ZNK6miosix9DevFsFile5fstatEP4stat
 .text._ZN6miosix9DevFsFile5ioctlEiPv
                0x0000000008009e44       0x24 miosix/libmiosix.a(devfs.o)
                0x0000000008009e44                _ZN6miosix9DevFsFile5ioctlEiPv
 .text._ZN6miosix9DevFsFile5writeEPKvj
                0x0000000008009e68       0x6c miosix/libmiosix.a(devfs.o)
                0x0000000008009e68                _ZN6miosix9DevFsFile5writeEPKvj
 .text._ZN6miosix9DevFsFile4readEPvj
                0x0000000008009ed4       0x74 miosix/libmiosix.a(devfs.o)
                0x0000000008009ed4                _ZN6miosix9DevFsFile4readEPvj
 .text._ZNK6miosix9DevFsFile6isattyEv
                0x0000000008009f48       0x18 miosix/libmiosix.a(devfs.o)
                0x0000000008009f48                _ZNK6miosix9DevFsFile6isattyEv
 .text._ZN6miosix14DevFsDirectoryD0Ev
                0x0000000008009f60       0x5c miosix/libmiosix.a(devfs.o)
                0x0000000008009f60                _ZN6miosix14DevFsDirectoryD0Ev
 .text._ZN6miosix14DevFsDirectoryD2Ev
                0x0000000008009fbc       0x54 miosix/libmiosix.a(devfs.o)
                0x0000000008009fbc                _ZN6miosix14DevFsDirectoryD2Ev
                0x0000000008009fbc                _ZN6miosix14DevFsDirectoryD1Ev
 .text._ZN6miosix9DevFsFileD2Ev
                0x000000000800a010       0x38 miosix/libmiosix.a(devfs.o)
                0x000000000800a010                _ZN6miosix9DevFsFileD1Ev
                0x000000000800a010                _ZN6miosix9DevFsFileD2Ev
 .text._ZN6miosix9DevFsFileD0Ev
                0x000000000800a048       0x40 miosix/libmiosix.a(devfs.o)
                0x000000000800a048                _ZN6miosix9DevFsFileD0Ev
 .text._ZNK6miosix6Device5fstatEP4stat
                0x000000000800a088       0x34 miosix/libmiosix.a(devfs.o)
                0x000000000800a088                _ZNK6miosix6Device5fstatEP4stat
 .text._ZN6miosix17intrusive_ref_ptrINS_8FileBaseEEaSERKS2_
                0x000000000800a0bc       0x4c miosix/libmiosix.a(devfs.o)
                0x000000000800a0bc                _ZN6miosix17intrusive_ref_ptrINS_8FileBaseEEaSERKS2_
 .text._ZN6miosix17intrusive_ref_ptrINS_14FilesystemBaseEE5resetEv
                0x000000000800a108       0x2c miosix/libmiosix.a(devfs.o)
                0x000000000800a108                _ZN6miosix17intrusive_ref_ptrINS_14FilesystemBaseEE5resetEv
 .text._ZN6miosix6Device4openERNS_17intrusive_ref_ptrINS_8FileBaseEEENS1_INS_14FilesystemBaseEEEii
                0x000000000800a134      0x15c miosix/libmiosix.a(devfs.o)
                0x000000000800a134                _ZN6miosix6Device4openERNS_17intrusive_ref_ptrINS_8FileBaseEEENS1_INS_14FilesystemBaseEEEii
 .text._ZNSt8_Rb_treeIN6miosix10StringPartESt4pairIKS1_NS0_17intrusive_ref_ptrINS0_6DeviceEEEESt10_Select1stIS7_ESt4lessIS1_ESaIS7_EE4findERS3_
                0x000000000800a290       0x60 miosix/libmiosix.a(devfs.o)
                0x000000000800a290                _ZNSt8_Rb_treeIN6miosix10StringPartESt4pairIKS1_NS0_17intrusive_ref_ptrINS0_6DeviceEEEESt10_Select1stIS7_ESt4lessIS1_ESaIS7_EE4findERS3_
 .text._ZN6miosix5DevFs5lstatERNS_10StringPartEP4stat
                0x000000000800a2f0       0xa4 miosix/libmiosix.a(devfs.o)
                0x000000000800a2f0                _ZN6miosix5DevFs5lstatERNS_10StringPartEP4stat
 .text._ZNSt8_Rb_treeIN6miosix10StringPartESt4pairIKS1_NS0_17intrusive_ref_ptrINS0_6DeviceEEEESt10_Select1stIS7_ESt4lessIS1_ESaIS7_EE8_M_eraseEPSt13_Rb_tree_nodeIS7_E
                0x000000000800a394       0x4c miosix/libmiosix.a(devfs.o)
                0x000000000800a394                _ZNSt8_Rb_treeIN6miosix10StringPartESt4pairIKS1_NS0_17intrusive_ref_ptrINS0_6DeviceEEEESt10_Select1stIS7_ESt4lessIS1_ESaIS7_EE8_M_eraseEPSt13_Rb_tree_nodeIS7_E
 .text._ZN6miosix5DevFsD2Ev
                0x000000000800a3e0       0x28 miosix/libmiosix.a(devfs.o)
                0x000000000800a3e0                _ZN6miosix5DevFsD1Ev
                0x000000000800a3e0                _ZN6miosix5DevFsD2Ev
 .text._ZN6miosix5DevFsD0Ev
                0x000000000800a408       0x30 miosix/libmiosix.a(devfs.o)
                0x000000000800a408                _ZN6miosix5DevFsD0Ev
 .text._ZNSt8_Rb_treeIN6miosix10StringPartESt4pairIKS1_NS0_17intrusive_ref_ptrINS0_6DeviceEEEESt10_Select1stIS7_ESt4lessIS1_ESaIS7_EE17_M_emplace_uniqueIJS2_IS1_S6_EEEES2_ISt17_Rb_tree_iteratorIS7_EbEDpOT_
                0x000000000800a438      0x180 miosix/libmiosix.a(devfs.o)
                0x000000000800a438                _ZNSt8_Rb_treeIN6miosix10StringPartESt4pairIKS1_NS0_17intrusive_ref_ptrINS0_6DeviceEEEESt10_Select1stIS7_ESt4lessIS1_ESaIS7_EE17_M_emplace_uniqueIJS2_IS1_S6_EEEES2_ISt17_Rb_tree_iteratorIS7_EbEDpOT_
 .text._ZN6miosix5DevFs9addDeviceEPKcNS_17intrusive_ref_ptrINS_6DeviceEEE
                0x000000000800a5b8       0xf4 miosix/libmiosix.a(devfs.o)
                0x000000000800a5b8                _ZN6miosix5DevFs9addDeviceEPKcNS_17intrusive_ref_ptrINS_6DeviceEEE
 .text._ZN6miosix5DevFsC2Ev
                0x000000000800a6ac      0x110 miosix/libmiosix.a(devfs.o)
                0x000000000800a6ac                _ZN6miosix5DevFsC2Ev
                0x000000000800a6ac                _ZN6miosix5DevFsC1Ev
 .text._ZNSt8_Rb_treeIN6miosix10StringPartESt4pairIKS1_NS0_17intrusive_ref_ptrINS0_6DeviceEEEESt10_Select1stIS7_ESt4lessIS1_ESaIS7_EE5eraseERS3_
                0x000000000800a7bc      0x15c miosix/libmiosix.a(devfs.o)
                0x000000000800a7bc                _ZNSt8_Rb_treeIN6miosix10StringPartESt4pairIKS1_NS0_17intrusive_ref_ptrINS0_6DeviceEEEESt10_Select1stIS7_ESt4lessIS1_ESaIS7_EE5eraseERS3_
 .text._ZN6miosix5DevFs6unlinkERNS_10StringPartE
                0x000000000800a918       0x3c miosix/libmiosix.a(devfs.o)
                0x000000000800a918                _ZN6miosix5DevFs6unlinkERNS_10StringPartE
 .text._ZN6miosix5DevFs6renameERNS_10StringPartES2_
                0x000000000800a954      0x128 miosix/libmiosix.a(devfs.o)
                0x000000000800a954                _ZN6miosix5DevFs6renameERNS_10StringPartES2_
 .text._ZNSs6assignEPKcj
                0x000000000800aa7c      0x174 miosix/libmiosix.a(devfs.o)
                0x000000000800aa7c                _ZNSs6assignEPKcj
 .text._ZN6miosix14DevFsDirectory8getdentsEPvi
                0x000000000800abf0      0x164 miosix/libmiosix.a(devfs.o)
                0x000000000800abf0                _ZN6miosix14DevFsDirectory8getdentsEPvi
 .text._ZN6miosix5DevFs4openERNS_17intrusive_ref_ptrINS_8FileBaseEEERNS_10StringPartEii
                0x000000000800ad54      0x28c miosix/libmiosix.a(devfs.o)
                0x000000000800ad54                _ZN6miosix5DevFs4openERNS_17intrusive_ref_ptrINS_8FileBaseEEERNS_10StringPartEii
 .text._ZN6miosixL24kernelNotStartedGetReentEv
                0x000000000800afe0        0xc miosix/libmiosix.a(libc_integration.o)
 .text._ZN6miosix22setCReentrancyCallbackEPFP6_reentvE
                0x000000000800afec        0xc miosix/libmiosix.a(libc_integration.o)
                0x000000000800afec                _ZN6miosix22setCReentrancyCallbackEPFP6_reentvE
 .text.__register_exitproc
                0x000000000800aff8        0x4 miosix/libmiosix.a(libc_integration.o)
                0x000000000800aff8                __register_exitproc
 .text._exit    0x000000000800affc        0x8 miosix/libmiosix.a(libc_integration.o)
                0x000000000800affc                _exit
 .text._sbrk_r  0x000000000800b004       0x34 miosix/libmiosix.a(libc_integration.o)
                0x000000000800b004                _sbrk_r
 .text.__malloc_lock
                0x000000000800b038        0x4 miosix/libmiosix.a(libc_integration.o)
                0x000000000800b038                __malloc_lock
 .text.__malloc_unlock
                0x000000000800b03c        0x4 miosix/libmiosix.a(libc_integration.o)
                0x000000000800b03c                __malloc_unlock
 .text.__getreent
                0x000000000800b040        0xc miosix/libmiosix.a(libc_integration.o)
                0x000000000800b040                __getreent
 .text._close_r
                0x000000000800b04c       0x3c miosix/libmiosix.a(libc_integration.o)
                0x000000000800b04c                _close_r
 .text.clock_gettime
                0x000000000800b088       0x30 miosix/libmiosix.a(libc_integration.o)
                0x000000000800b088                clock_gettime
 .text._gettimeofday_r
                0x000000000800b0b8       0x40 miosix/libmiosix.a(libc_integration.o)
                0x000000000800b0b8                _gettimeofday_r
 .text._kill_r  0x000000000800b0f8       0x10 miosix/libmiosix.a(libc_integration.o)
                0x000000000800b0f8                _kill_r
 .text._getpid_r
                0x000000000800b108        0x4 miosix/libmiosix.a(libc_integration.o)
                0x000000000800b108                _getpid_r
 .text._ZN6miosix11atomic_loadINS_8FileBaseEEENS_17intrusive_ref_ptrIT_EEPKS4_
                0x000000000800b10c       0x48 miosix/libmiosix.a(libc_integration.o)
                0x000000000800b10c                _ZN6miosix11atomic_loadINS_8FileBaseEEENS_17intrusive_ref_ptrIT_EEPKS4_
 .text._ZN6miosix17intrusive_ref_ptrINS_8FileBaseEE5resetEv
                0x000000000800b154       0x2c miosix/libmiosix.a(libc_integration.o)
                0x000000000800b154                _ZN6miosix17intrusive_ref_ptrINS_8FileBaseEE5resetEv
 .text._write_r
                0x000000000800b180       0xac miosix/libmiosix.a(libc_integration.o)
                0x000000000800b180                _write_r
 .text.write    0x000000000800b22c       0x24 miosix/libmiosix.a(libc_integration.o)
                0x000000000800b22c                write
 .text._read_r  0x000000000800b250       0xac miosix/libmiosix.a(libc_integration.o)
                0x000000000800b250                _read_r
 .text._lseek_r
                0x000000000800b2fc       0xb0 miosix/libmiosix.a(libc_integration.o)
                0x000000000800b2fc                _lseek_r
 .text._fstat_r
                0x000000000800b3ac       0x98 miosix/libmiosix.a(libc_integration.o)
                0x000000000800b3ac                _fstat_r
 .text._isatty_r
                0x000000000800b444       0x98 miosix/libmiosix.a(libc_integration.o)
                0x000000000800b444                _isatty_r
 .text._ioctl_r
                0x000000000800b4dc       0x9c miosix/libmiosix.a(libc_integration.o)
                0x000000000800b4dc                _ioctl_r
 .text.ioctl    0x000000000800b578       0x24 miosix/libmiosix.a(libc_integration.o)
                0x000000000800b578                ioctl
 .text.__cxa_get_globals_fast
                0x000000000800b59c        0xc miosix/libmiosix.a(libstdcpp_integration.o)
                0x000000000800b59c                __cxa_get_globals_fast
 .text.__cxa_get_globals
                0x000000000800b5a8        0xc miosix/libmiosix.a(libstdcpp_integration.o)
                0x000000000800b5a8                __cxa_get_globals
 .text._ZN9__gnu_cxx27__verbose_terminate_handlerEv
                0x000000000800b5b4       0x14 miosix/libmiosix.a(libstdcpp_integration.o)
                0x000000000800b5b4                _ZN9__gnu_cxx27__verbose_terminate_handlerEv
 .text.__cxa_guard_acquire
                0x000000000800b5c8       0xcc miosix/libmiosix.a(libstdcpp_integration.o)
                0x000000000800b5c8                __cxa_guard_acquire
 .text.__cxa_guard_release
                0x000000000800b694       0x14 miosix/libmiosix.a(libstdcpp_integration.o)
                0x000000000800b694                __cxa_guard_release
 .text.__cxa_guard_abort
                0x000000000800b6a8       0x14 miosix/libmiosix.a(libstdcpp_integration.o)
                0x000000000800b6a8                __cxa_guard_abort
 .text._ZN6miosix15MemoryProfiling11getHeapSizeEv
                0x000000000800b6bc       0x10 miosix/libmiosix.a(util.o)
                0x000000000800b6bc                _ZN6miosix15MemoryProfiling11getHeapSizeEv
 .text._ZN6miosix15MemoryProfiling18getCurrentFreeHeapEv
                0x000000000800b6cc       0x28 miosix/libmiosix.a(util.o)
                0x000000000800b6cc                _ZN6miosix15MemoryProfiling18getCurrentFreeHeapEv
 .text._ZN6miosix7Unicode7putUtf8EPcDii
                0x000000000800b6f4       0xdc miosix/libmiosix.a(unicode.o)
                0x000000000800b6f4                _ZN6miosix7Unicode7putUtf8EPcDii
 .text._ZN6miosix16getMiosixVersionEv
                0x000000000800b7d0        0x8 miosix/libmiosix.a(version.o)
                0x000000000800b7d0                _ZN6miosix16getMiosixVersionEv
 .text.Default_Handler
                0x000000000800b7d8        0x4 miosix/libmiosix.a(stage_1_boot.o)
                0x000000000800b7d8                _Z18CAN1_TX_IRQHandlerv
                0x000000000800b7d8                _Z23DMA2_Stream1_IRQHandlerv
                0x000000000800b7d8                _Z23DMA2_Stream6_IRQHandlerv
                0x000000000800b7d8                _Z29TIM8_TRG_COM_TIM14_IRQHandlerv
                0x000000000800b7d8                _Z23DMA2_Stream5_IRQHandlerv
                0x000000000800b7d8                _Z16EXTI1_IRQHandlerv
                0x000000000800b7d8                _Z25OTG_HS_EP1_OUT_IRQHandlerv
                0x000000000800b7d8                _Z15DCMI_IRQHandlerv
                0x000000000800b7d8                _Z15WWDG_IRQHandlerv
                0x000000000800b7d8                _Z14RCC_IRQHandlerv
                0x000000000800b7d8                _Z19CAN1_SCE_IRQHandlerv
                0x000000000800b7d8                _Z23DMA1_Stream3_IRQHandlerv
                0x000000000800b7d8                _Z19CAN2_RX1_IRQHandlerv
                0x000000000800b7d8                _Z23DMA1_Stream0_IRQHandlerv
                0x000000000800b7d8                _Z23DMA1_Stream2_IRQHandlerv
                0x000000000800b7d8                _Z20EXTI15_10_IRQHandlerv
                0x000000000800b7d8                _Z16EXTI4_IRQHandlerv
                0x000000000800b7d8                _Z15SPI1_IRQHandlerv
                0x000000000800b7d8                _Z23DMA1_Stream7_IRQHandlerv
                0x000000000800b7d8                _Z21TAMP_STAMP_IRQHandlerv
                0x000000000800b7d8                _Z15CRYP_IRQHandlerv
                0x000000000800b7d8                SysTick_IRQHandler
                0x000000000800b7d8                _Z19HASH_RNG_IRQHandlerv
                0x000000000800b7d8                _Z19CAN1_RX0_IRQHandlerv
                0x000000000800b7d8                _Z14ADC_IRQHandlerv
                0x000000000800b7d8                _Z17USART6_IRQHandlerv
                0x000000000800b7d8                _Z16EXTI2_IRQHandlerv
                0x000000000800b7d8                _Z15SPI2_IRQHandlerv
                0x000000000800b7d8                _Z25TIM8_BRK_TIM12_IRQHandlerv
                0x000000000800b7d8                _Z18I2C1_EV_IRQHandlerv
                0x000000000800b7d8                _Z20RTC_Alarm_IRQHandlerv
                0x000000000800b7d8                _Z17OTG_HS_IRQHandlerv
                0x000000000800b7d8                _Z16UART4_IRQHandlerv
                0x000000000800b7d8                _Z19RTC_WKUP_IRQHandlerv
                0x000000000800b7d8                _Z18I2C3_ER_IRQHandlerv
                0x000000000800b7d8                _Z24TIM1_BRK_TIM9_IRQHandlerv
                0x000000000800b7d8                _Z18I2C2_ER_IRQHandlerv
                0x000000000800b7d8                _Z19TIM6_DAC_IRQHandlerv
                0x000000000800b7d8                _Z29TIM1_TRG_COM_TIM11_IRQHandlerv
                0x000000000800b7d8                _Z19CAN2_SCE_IRQHandlerv
                0x000000000800b7d8                _Z18CAN2_TX_IRQHandlerv
                0x000000000800b7d8                _Z16UART5_IRQHandlerv
                0x000000000800b7d8                Default_Handler
                0x000000000800b7d8                _Z18TIM1_CC_IRQHandlerv
                0x000000000800b7d8                _Z15TIM2_IRQHandlerv
                0x000000000800b7d8                _Z18I2C3_EV_IRQHandlerv
                0x000000000800b7d8                _Z19ETH_WKUP_IRQHandlerv
                0x000000000800b7d8                _Z23DMA2_Stream7_IRQHandlerv
                0x000000000800b7d8                _Z18TIM8_CC_IRQHandlerv
                0x000000000800b7d8                _Z16FLASH_IRQHandlerv
                0x000000000800b7d8                _Z22OTG_FS_WKUP_IRQHandlerv
                0x000000000800b7d8                _Z24TIM8_UP_TIM13_IRQHandlerv
                0x000000000800b7d8                _Z15FSMC_IRQHandlerv
                0x000000000800b7d8                _Z19CAN1_RX1_IRQHandlerv
                0x000000000800b7d8                _Z16EXTI3_IRQHandlerv
                0x000000000800b7d8                _Z22OTG_HS_WKUP_IRQHandlerv
                0x000000000800b7d8                _Z23DMA1_Stream1_IRQHandlerv
                0x000000000800b7d8                _Z14FPU_IRQHandlerv
                0x000000000800b7d8                _Z23DMA2_Stream0_IRQHandlerv
                0x000000000800b7d8                _Z14PVD_IRQHandlerv
                0x000000000800b7d8                _Z23DMA2_Stream2_IRQHandlerv
                0x000000000800b7d8                _Z23DMA1_Stream4_IRQHandlerv
                0x000000000800b7d8                _Z18I2C1_ER_IRQHandlerv
                0x000000000800b7d8                _Z15TIM3_IRQHandlerv
                0x000000000800b7d8                _Z23DMA2_Stream4_IRQHandlerv
                0x000000000800b7d8                _Z19CAN2_RX0_IRQHandlerv
                0x000000000800b7d8                _Z24TIM1_UP_TIM10_IRQHandlerv
                0x000000000800b7d8                _Z17OTG_FS_IRQHandlerv
                0x000000000800b7d8                _Z18I2C2_EV_IRQHandlerv
                0x000000000800b7d8                _Z14ETH_IRQHandlerv
                0x000000000800b7d8                _Z15SPI3_IRQHandlerv
                0x000000000800b7d8                _Z15TIM4_IRQHandlerv
                0x000000000800b7d8                _Z24OTG_HS_EP1_IN_IRQHandlerv
                0x000000000800b7d8                _Z16EXTI0_IRQHandlerv
                0x000000000800b7d8                _Z15TIM7_IRQHandlerv
 .text._Z15program_startupv
                0x000000000800b7dc       0x5c miosix/libmiosix.a(stage_1_boot.o)
                0x000000000800b7dc                _Z15program_startupv
 .text._Z13Reset_Handlerv
                0x000000000800b838       0x24 miosix/libmiosix.a(stage_1_boot.o)
                0x000000000800b838                _Z13Reset_Handlerv
 .text._ZN6miosix8shutdownEv
                0x000000000800b85c       0x28 miosix/libmiosix.a(bsp.o)
                0x000000000800b85c                _ZN6miosix8shutdownEv
 .text._ZN6miosix6rebootEv
                0x000000000800b884       0x20 miosix/libmiosix.a(bsp.o)
                0x000000000800b884                _ZN6miosix6rebootEv
 .text._ZN6miosix10IRQbspInitEv
                0x000000000800b8a4       0xd4 miosix/libmiosix.a(bsp.o)
                0x000000000800b8a4                _ZN6miosix10IRQbspInitEv
 .text._ZN6miosix8bspInit2Ev
                0x000000000800b978       0xcc miosix/libmiosix.a(bsp.o)
                0x000000000800b978                _ZN6miosix8bspInit2Ev
 .text._Z17HardFault_Handlerv
                0x000000000800ba44       0x3c miosix/libmiosix.a(interrupts_cortexMx.o)
                0x000000000800ba44                _Z17HardFault_Handlerv
 .text._Z17MemManage_Handlerv
                0x000000000800ba80       0x3c miosix/libmiosix.a(interrupts_cortexMx.o)
                0x000000000800ba80                _Z17MemManage_Handlerv
 .text._Z16BusFault_Handlerv
                0x000000000800babc       0x3c miosix/libmiosix.a(interrupts_cortexMx.o)
                0x000000000800babc                _Z16BusFault_Handlerv
 .text._Z18UsageFault_Handlerv
                0x000000000800baf8       0x3c miosix/libmiosix.a(interrupts_cortexMx.o)
                0x000000000800baf8                _Z18UsageFault_Handlerv
 .text._Z19unexpectedInterruptv
                0x000000000800bb34       0x64 miosix/libmiosix.a(interrupts_cortexMx.o)
                0x000000000800bb34                _Z19unexpectedInterruptv
 .text._Z11NMI_Handlerv
                0x000000000800bb98       0x64 miosix/libmiosix.a(interrupts_cortexMx.o)
                0x000000000800bb98                _Z11NMI_Handlerv
 .text._ZL16printUnsignedIntj
                0x000000000800bbfc       0x88 miosix/libmiosix.a(interrupts_cortexMx.o)
 .text._Z16DebugMon_Handlerv
                0x000000000800bc84       0x70 miosix/libmiosix.a(interrupts_cortexMx.o)
                0x000000000800bc84                _Z16DebugMon_Handlerv
 .text._Z14PendSV_Handlerv
                0x000000000800bcf4       0x70 miosix/libmiosix.a(interrupts_cortexMx.o)
                0x000000000800bcf4                _Z14PendSV_Handlerv
 .text._Z14HardFault_implv
                0x000000000800bd64      0x128 miosix/libmiosix.a(interrupts_cortexMx.o)
                0x000000000800bd64                _Z14HardFault_implv
 .text._Z14MemManage_implv
                0x000000000800be8c      0x288 miosix/libmiosix.a(interrupts_cortexMx.o)
                0x000000000800be8c                _Z14MemManage_implv
 .text._Z15UsageFault_implv
                0x000000000800c114      0x298 miosix/libmiosix.a(interrupts_cortexMx.o)
                0x000000000800c114                _Z15UsageFault_implv
 .text._Z13BusFault_implv
                0x000000000800c3ac      0x2e8 miosix/libmiosix.a(interrupts_cortexMx.o)
                0x000000000800c3ac                _Z13BusFault_implv
 .text._ZN6miosix11STM32Serial8IRQwriteEPKc
                0x000000000800c694       0x3c miosix/libmiosix.a(serial_stm32.o)
                0x000000000800c694                _ZN6miosix11STM32Serial8IRQwriteEPKc
 .text._ZN6miosix11STM32Serial5ioctlEiPv
                0x000000000800c6d0       0x5c miosix/libmiosix.a(serial_stm32.o)
                0x000000000800c6d0                _ZN6miosix11STM32Serial5ioctlEiPv
 .text._ZN6miosix11STM32Serial9readBlockEPvjx
                0x000000000800c72c       0xac miosix/libmiosix.a(serial_stm32.o)
                0x000000000800c72c                _ZN6miosix11STM32Serial9readBlockEPvjx
 .text._ZN6miosix11STM32SerialD2Ev
                0x000000000800c7d8      0x110 miosix/libmiosix.a(serial_stm32.o)
                0x000000000800c7d8                _ZN6miosix11STM32SerialD1Ev
                0x000000000800c7d8                _ZN6miosix11STM32SerialD2Ev
 .text._ZN6miosix11STM32SerialD0Ev
                0x000000000800c8e8       0x14 miosix/libmiosix.a(serial_stm32.o)
                0x000000000800c8e8                _ZN6miosix11STM32SerialD0Ev
 .text._Z17USART1_IRQHandlerv
                0x000000000800c8fc       0x3c miosix/libmiosix.a(serial_stm32.o)
                0x000000000800c8fc                _Z17USART1_IRQHandlerv
 .text._Z17USART2_IRQHandlerv
                0x000000000800c938       0x3c miosix/libmiosix.a(serial_stm32.o)
                0x000000000800c938                _Z17USART2_IRQHandlerv
 .text._Z17USART3_IRQHandlerv
                0x000000000800c974       0x3c miosix/libmiosix.a(serial_stm32.o)
                0x000000000800c974                _Z17USART3_IRQHandlerv
 .text._Z23DMA1_Stream6_IRQHandlerv
                0x000000000800c9b0       0x3c miosix/libmiosix.a(serial_stm32.o)
                0x000000000800c9b0                _Z23DMA1_Stream6_IRQHandlerv
 .text._Z23DMA1_Stream5_IRQHandlerv
                0x000000000800c9ec       0x3c miosix/libmiosix.a(serial_stm32.o)
                0x000000000800c9ec                _Z23DMA1_Stream5_IRQHandlerv
 .text._ZN6miosix11STM32Serial10commonInitEiiNS_7GpioPinES1_S1_S1_
                0x000000000800ca28      0x1f0 miosix/libmiosix.a(serial_stm32.o)
                0x000000000800ca28                _ZN6miosix11STM32Serial10commonInitEiiNS_7GpioPinES1_S1_S1_
 .text._ZN6miosix11STM32SerialC2EiiNS0_8FlowCtrlE
                0x000000000800cc18      0x254 miosix/libmiosix.a(serial_stm32.o)
                0x000000000800cc18                _ZN6miosix11STM32SerialC2EiiNS0_8FlowCtrlE
                0x000000000800cc18                _ZN6miosix11STM32SerialC1EiiNS0_8FlowCtrlE
 .text._ZN6miosix11STM32Serial14IRQhandleDMAtxEv
                0x000000000800ce6c       0x38 miosix/libmiosix.a(serial_stm32.o)
                0x000000000800ce6c                _ZN6miosix11STM32Serial14IRQhandleDMAtxEv
 .text._Z15usart2txDmaImplv
                0x000000000800cea4       0x1c miosix/libmiosix.a(serial_stm32.o)
                0x000000000800cea4                _Z15usart2txDmaImplv
 .text._ZN6miosix11STM32Serial19waitDmaTxCompletionEv
                0x000000000800cec0       0x38 miosix/libmiosix.a(serial_stm32.o)
                0x000000000800cec0                _ZN6miosix11STM32Serial19waitDmaTxCompletionEv
 .text._ZN6miosix11STM32Serial8writeDmaEPKcj
                0x000000000800cef8       0x38 miosix/libmiosix.a(serial_stm32.o)
                0x000000000800cef8                _ZN6miosix11STM32Serial8writeDmaEPKcj
 .text._ZN6miosix11STM32Serial10writeBlockEPKvjx
                0x000000000800cf30       0xd0 miosix/libmiosix.a(serial_stm32.o)
                0x000000000800cf30                _ZN6miosix11STM32Serial10writeBlockEPKvjx
 .text._ZN6miosix11STM32Serial10IRQreadDmaEv
                0x000000000800d000       0x80 miosix/libmiosix.a(serial_stm32.o)
                0x000000000800d000                _ZN6miosix11STM32Serial10IRQreadDmaEv
 .text._ZN6miosix11STM32Serial14IRQhandleDMArxEv
                0x000000000800d080       0x3c miosix/libmiosix.a(serial_stm32.o)
                0x000000000800d080                _ZN6miosix11STM32Serial14IRQhandleDMArxEv
 .text._Z15usart2rxDmaImplv
                0x000000000800d0bc       0x10 miosix/libmiosix.a(serial_stm32.o)
                0x000000000800d0bc                _Z15usart2rxDmaImplv
 .text._ZN6miosix11STM32Serial18IRQhandleInterruptEv
                0x000000000800d0cc       0xa8 miosix/libmiosix.a(serial_stm32.o)
                0x000000000800d0cc                _ZN6miosix11STM32Serial18IRQhandleInterruptEv
 .text._Z13usart1irqImplv
                0x000000000800d174       0x10 miosix/libmiosix.a(serial_stm32.o)
                0x000000000800d174                _Z13usart1irqImplv
 .text._Z13usart2irqImplv
                0x000000000800d184       0x10 miosix/libmiosix.a(serial_stm32.o)
                0x000000000800d184                _Z13usart2irqImplv
 .text._Z13usart3irqImplv
                0x000000000800d194       0x10 miosix/libmiosix.a(serial_stm32.o)
                0x000000000800d194                _Z13usart3irqImplv
 .text._Z11SVC_Handlerv
                0x000000000800d1a4       0x3c miosix/libmiosix.a(portability.o)
                0x000000000800d1a4                _Z11SVC_Handlerv
 .text._ZN14miosix_private9ISR_yieldEv
                0x000000000800d1e0       0x10 miosix/libmiosix.a(portability.o)
                0x000000000800d1e0                _ZN14miosix_private9ISR_yieldEv
 .text._ZN14miosix_private15IRQsystemRebootEv
                0x000000000800d1f0       0x24 miosix/libmiosix.a(portability.o)
                0x000000000800d1f0                _ZN14miosix_private15IRQsystemRebootEv
 .text._ZN14miosix_private11initCtxsaveEPjPFPvS1_ES0_S1_
                0x000000000800d214       0x38 miosix/libmiosix.a(portability.o)
                0x000000000800d214                _ZN14miosix_private11initCtxsaveEPjPFPvS1_ES0_S1_
 .text._ZN14miosix_private22IRQportableStartKernelEv
                0x000000000800d24c       0x4c miosix/libmiosix.a(portability.o)
                0x000000000800d24c                _ZN14miosix_private22IRQportableStartKernelEv
 .text._ZN6miosix7delayMsEj
                0x000000000800d298       0x1c miosix/libmiosix.a(delays.o)
                0x000000000800d298                _ZN6miosix7delayMsEj
 .text._ZN6miosix7delayUsEj
                0x000000000800d2b4       0x10 miosix/libmiosix.a(delays.o)
                0x000000000800d2b4                _ZN6miosix7delayUsEj
 .text._ZN6miosix8GpioBase8modeImplEjhNS_4Mode5Mode_E
                0x000000000800d2c4       0x4c miosix/libmiosix.a(stm32_gpio.o)
                0x000000000800d2c4                _ZN6miosix8GpioBase8modeImplEjhNS_4Mode5Mode_E
 .text._ZN6miosix8GpioBase6afImplEjhh
                0x000000000800d310       0x4c miosix/libmiosix.a(stm32_gpio.o)
                0x000000000800d310                _ZN6miosix8GpioBase6afImplEjhh
 .text._ZN6miosix17intrusive_ref_ptrINS_10SDIODriverEED2Ev
                0x000000000800d35c       0x2c miosix/libmiosix.a(sd_stm32f2_f4_f7.o)
                0x000000000800d35c                _ZN6miosix17intrusive_ref_ptrINS_10SDIODriverEED2Ev
                0x000000000800d35c                _ZN6miosix17intrusive_ref_ptrINS_10SDIODriverEED1Ev
 .text._ZN6miosixL22dmaTransferCommonSetupEPKh
                0x000000000800d388       0x44 miosix/libmiosix.a(sd_stm32f2_f4_f7.o)
 .text._ZN6miosix9FastMutexD2Ev
                0x000000000800d3cc        0xc miosix/libmiosix.a(sd_stm32f2_f4_f7.o)
                0x000000000800d3cc                _ZN6miosix9FastMutexD2Ev
                0x000000000800d3cc                _ZN6miosix9FastMutexD1Ev
 .text._ZN6miosix10SDIODriverD2Ev
                0x000000000800d3d8       0x1c miosix/libmiosix.a(sd_stm32f2_f4_f7.o)
                0x000000000800d3d8                _ZN6miosix10SDIODriverD1Ev
                0x000000000800d3d8                _ZN6miosix10SDIODriverD2Ev
 .text._ZN6miosix10SDIODriverD0Ev
                0x000000000800d3f4       0x24 miosix/libmiosix.a(sd_stm32f2_f4_f7.o)
                0x000000000800d3f4                _ZN6miosix10SDIODriverD0Ev
 .text._ZN6miosix15BufferConverter13toWordAlignedEPKh.part.0
                0x000000000800d418       0x34 miosix/libmiosix.a(sd_stm32f2_f4_f7.o)
 .text._ZN6miosix9CmdResult18validateR1ResponseEv.part.0
                0x000000000800d44c       0x14 miosix/libmiosix.a(sd_stm32f2_f4_f7.o)
 .text._Z23DMA2_Stream3_IRQHandlerv
                0x000000000800d460       0x3c miosix/libmiosix.a(sd_stm32f2_f4_f7.o)
                0x000000000800d460                _Z23DMA2_Stream3_IRQHandlerv
 .text._Z15SDIO_IRQHandlerv
                0x000000000800d49c       0x3c miosix/libmiosix.a(sd_stm32f2_f4_f7.o)
                0x000000000800d49c                _Z15SDIO_IRQHandlerv
 .text._ZN6miosix12SDDMAirqImplEv
                0x000000000800d4d8       0x50 miosix/libmiosix.a(sd_stm32f2_f4_f7.o)
                0x000000000800d4d8                _ZN6miosix12SDDMAirqImplEv
 .text._ZN6miosix9SDirqImplEv
                0x000000000800d528       0x58 miosix/libmiosix.a(sd_stm32f2_f4_f7.o)
                0x000000000800d528                _ZN6miosix9SDirqImplEv
 .text._ZN6miosix15BufferConverter16toOriginalBufferEv
                0x000000000800d580       0x1c miosix/libmiosix.a(sd_stm32f2_f4_f7.o)
                0x000000000800d580                _ZN6miosix15BufferConverter16toOriginalBufferEv
 .text._ZN6miosix7Command4sendENS0_11CommandTypeEj
                0x000000000800d59c      0x12c miosix/libmiosix.a(sd_stm32f2_f4_f7.o)
                0x000000000800d59c                _ZN6miosix7Command4sendENS0_11CommandTypeEj
 .text._ZN6miosixL16waitForCardReadyEv
                0x000000000800d6c8       0x4c miosix/libmiosix.a(sd_stm32f2_f4_f7.o)
 .text._ZN6miosix10SDIODriver5ioctlEiPv
                0x000000000800d714       0x38 miosix/libmiosix.a(sd_stm32f2_f4_f7.o)
                0x000000000800d714                _ZN6miosix10SDIODriver5ioctlEiPv
 .text._ZN6miosix15ClockController19calibrateClockSpeedEPNS_10SDIODriverE
                0x000000000800d74c       0xd8 miosix/libmiosix.a(sd_stm32f2_f4_f7.o)
                0x000000000800d74c                _ZN6miosix15ClockController19calibrateClockSpeedEPNS_10SDIODriverE
 .text._ZN6miosix15ClockController16reduceClockSpeedEv
                0x000000000800d824       0x50 miosix/libmiosix.a(sd_stm32f2_f4_f7.o)
                0x000000000800d824                _ZN6miosix15ClockController16reduceClockSpeedEv
 .text._ZN6miosixL17multipleBlockReadEPhjj
                0x000000000800d874      0x138 miosix/libmiosix.a(sd_stm32f2_f4_f7.o)
 .text._ZN6miosix10SDIODriver9readBlockEPvjx
                0x000000000800d9ac      0x16c miosix/libmiosix.a(sd_stm32f2_f4_f7.o)
                0x000000000800d9ac                _ZN6miosix10SDIODriver9readBlockEPvjx
 .text._ZN6miosixL18multipleBlockWriteEPKhjj
                0x000000000800db18      0x190 miosix/libmiosix.a(sd_stm32f2_f4_f7.o)
 .text._ZN6miosix10SDIODriver10writeBlockEPKvjx
                0x000000000800dca8      0x158 miosix/libmiosix.a(sd_stm32f2_f4_f7.o)
                0x000000000800dca8                _ZN6miosix10SDIODriver10writeBlockEPKvjx
 .text._ZN6miosix10SDIODriverC2Ev
                0x000000000800de00      0x290 miosix/libmiosix.a(sd_stm32f2_f4_f7.o)
                0x000000000800de00                _ZN6miosix10SDIODriverC1Ev
                0x000000000800de00                _ZN6miosix10SDIODriverC2Ev
 .text._ZN6miosix10SDIODriver8instanceEv
                0x000000000800e090      0x12c miosix/libmiosix.a(sd_stm32f2_f4_f7.o)
                0x000000000800e090                _ZN6miosix10SDIODriver8instanceEv
 .text._ZN6miosix7getTimeEv
                0x000000000800e1bc       0x44 miosix/libmiosix.a(stm32_32bit_os_timer.o)
                0x000000000800e1bc                _ZN6miosix7getTimeEv
 .text._ZN6miosix10IRQgetTimeEv
                0x000000000800e200       0x40 miosix/libmiosix.a(stm32_32bit_os_timer.o)
                0x000000000800e200                _ZN6miosix10IRQgetTimeEv
 .text._ZN6miosix8internal14IRQosTimerInitEv
                0x000000000800e240       0xfc miosix/libmiosix.a(stm32_32bit_os_timer.o)
                0x000000000800e240                _ZN6miosix8internal14IRQosTimerInitEv
 .text._ZN6miosix8internal22IRQosTimerSetInterruptEx
                0x000000000800e33c       0x70 miosix/libmiosix.a(stm32_32bit_os_timer.o)
                0x000000000800e33c                _ZN6miosix8internal22IRQosTimerSetInterruptEx
 .text._ZN6miosix8internal19osTimerGetFrequencyEv
                0x000000000800e3ac       0x28 miosix/libmiosix.a(stm32_32bit_os_timer.o)
                0x000000000800e3ac                _ZN6miosix8internal19osTimerGetFrequencyEv
 .text._Z15TIM5_IRQHandlerv
                0x000000000800e3d4       0x3c miosix/libmiosix.a(stm32_32bit_os_timer.o)
                0x000000000800e3d4                _Z15TIM5_IRQHandlerv
 .text._Z11osTimerImplv
                0x000000000800e410       0xb8 miosix/libmiosix.a(stm32_32bit_os_timer.o)
                0x000000000800e410                _Z11osTimerImplv
 .text.startup._GLOBAL__sub_I__ZN6miosix7getTimeEv
                0x000000000800e4c8       0x24 miosix/libmiosix.a(stm32_32bit_os_timer.o)
 .text.SystemInit
                0x000000000800e4ec       0xfc miosix/libmiosix.a(system_stm32f4xx.o)
                0x000000000800e4ec                SystemInit
 .text._ZN6miosix11mul64x32d32Eyjj
                0x000000000800e5e8       0x28 miosix/libmiosix.a(timeconversion.o)
                0x000000000800e5e8                _ZN6miosix11mul64x32d32Eyjj
 .text._ZN6miosix14TimeConversion7ns2tickEx
                0x000000000800e610      0x168 miosix/libmiosix.a(timeconversion.o)
                0x000000000800e610                _ZN6miosix14TimeConversion7ns2tickEx
 .text._ZN6miosix14TimeConversionC2Ev
                0x000000000800e778       0x2c miosix/libmiosix.a(timeconversion.o)
                0x000000000800e778                _ZN6miosix14TimeConversionC2Ev
                0x000000000800e778                _ZN6miosix14TimeConversionC1Ev
 .text._ZNK6miosix14TimeConversion21computeRoundTripErrorEyi
                0x000000000800e7a4       0x50 miosix/libmiosix.a(timeconversion.o)
                0x000000000800e7a4                _ZNK6miosix14TimeConversion21computeRoundTripErrorEyi
 .text._ZN6miosix14TimeConversion27oneTimeOptimizeCoefficientsEv
                0x000000000800e7f4      0x190 miosix/libmiosix.a(timeconversion.o)
                0x000000000800e7f4                _ZN6miosix14TimeConversion27oneTimeOptimizeCoefficientsEv
 .text.unlikely._ZNSs4_Rep10_M_disposeERKSaIcE.isra.0.part.0
                0x000000000800e984       0x26 miosix/libmiosix.a(file_access.o)
 *fill*         0x000000000800e9aa        0x2 
 .text._ZN6miosix19FileDescriptorTable5closeEi
                0x000000000800e9ac       0x44 miosix/libmiosix.a(file_access.o)
                0x000000000800e9ac                _ZN6miosix19FileDescriptorTable5closeEi
 .text._ZN6miosix19FileDescriptorTable8closeAllEv
                0x000000000800e9f0       0x40 miosix/libmiosix.a(file_access.o)
                0x000000000800e9f0                _ZN6miosix19FileDescriptorTable8closeAllEv
 .text._ZN6miosix17FilesystemManager8instanceEv
                0x000000000800ea30       0x64 miosix/libmiosix.a(file_access.o)
                0x000000000800ea30                _ZN6miosix17FilesystemManager8instanceEv
 .text._ZN6miosix19FileDescriptorTableD2Ev
                0x000000000800ea94       0x74 miosix/libmiosix.a(file_access.o)
                0x000000000800ea94                _ZN6miosix19FileDescriptorTableD1Ev
                0x000000000800ea94                _ZN6miosix19FileDescriptorTableD2Ev
 .text._ZN6miosix17FilesystemManager15getFilesystemIdEv
                0x000000000800eb08       0x18 miosix/libmiosix.a(file_access.o)
                0x000000000800eb08                _ZN6miosix17FilesystemManager15getFilesystemIdEv
 .text._ZN6miosix17intrusive_ref_ptrINS_14FilesystemBaseEEaSERKS2_
                0x000000000800eb20       0x4c miosix/libmiosix.a(file_access.o)
                0x000000000800eb20                _ZN6miosix17intrusive_ref_ptrINS_14FilesystemBaseEEaSERKS2_
 .text._ZNSs4swapERSs
                0x000000000800eb6c       0x2c miosix/libmiosix.a(file_access.o)
                0x000000000800eb6c                _ZNSs4swapERSs
 .text._ZN6miosix17intrusive_ref_ptrINS_5DevFsEE5resetEv
                0x000000000800eb98       0x2c miosix/libmiosix.a(file_access.o)
                0x000000000800eb98                _ZN6miosix17intrusive_ref_ptrINS_5DevFsEE5resetEv
 .text._ZNSt8_Rb_treeIN6miosix10StringPartESt4pairIKS1_NS0_17intrusive_ref_ptrINS0_14FilesystemBaseEEEESt10_Select1stIS7_ESt4lessIS1_ESaIS7_EE8_M_eraseEPSt13_Rb_tree_nodeIS7_E